MPLINK 4.37, Linker
Linker Map File - Created Wed Jun 15 15:46:08 2016

                                 Section Info
                  Section       Type    Address   Location Size(Bytes)
                ---------  ---------  ---------  ---------  ---------
               _entry_scn       code   0x000000    program   0x000006
           .code___init.o       code   0x000006    program   0x000002
              high_vector       code   0x000008    program   0x000006
          .romdata_main.o    romdata   0x00000e    program   0x000006
              SEED_DATA_i    romdata   0x000014    program   0x000002
         .idata_c018i.o_i    romdata   0x000016    program   0x000000
        .idata___init.o_i    romdata   0x000016    program   0x000000
      .idata_fxd3232u.o_i    romdata   0x000016    program   0x000000
      .idata_fxd1616u.o_i    romdata   0x000016    program   0x000000
      .idata_fxd0808u.o_i    romdata   0x000016    program   0x000000
         .idata_flash.o_i    romdata   0x000016    program   0x000000
.idata_UDPPerformanceTest.o_i    romdata   0x000016    program   0x000000
           .idata_UDP.o_i    romdata   0x000016    program   0x000002
                lowVector       code   0x000018    program   0x000006
                   .cinit    romdata   0x00001e    program   0x00009e
      .romdata_MPFSImg2.o    romdata   0x0000bc    program   0x0042a2
              .code_TCP.o       code   0x00435e    program   0x003cfa
            .code_HTTP2.o       code   0x008058    program   0x001a94
             .code_main.o       code   0x009aec    program   0x00167a
    .code_CustomHTTPApp.o       code   0x00b166    program   0x00119c
      .code_BerkeleyAPI.o       code   0x00c302    program   0x000f62
             .code_gprs.o       code   0x00d264    program   0x000dee
          .code_Helpers.o       code   0x00e052    program   0x000d3a
            .code_MPFS2.o       code   0x00ed8c    program   0x000d02
              .code_UDP.o       code   0x00fa8e    program   0x000b80
         .code_ETH97J60.o       code   0x01060e    program   0x000b4e
             .code_DHCP.o       code   0x01115c    program   0x00082c
             .stringtable    romdata   0x011988    program   0x0006f7
      .romdata_PingDemo.o    romdata   0x01207f    program   0x000000
        .romdata_Reboot.o    romdata   0x01207f    program   0x000000
        .romdata_Telnet.o    romdata   0x01207f    program   0x000000
      .romdata_fxd0808u.o    romdata   0x01207f    program   0x000000
.romdata_TCPPerformanceTest.o    romdata   0x01207f    program   0x000000
      .romdata_fxd1616u.o    romdata   0x01207f    program   0x000000
     .romdata_SPIEEPROM.o    romdata   0x01207f    program   0x000000
   .romdata_BerkeleyAPI.o    romdata   0x01207f    program   0x000000
      .romdata_StackTsk.o    romdata   0x01207f    program   0x000000
       .romdata_ARCFOUR.o    romdata   0x01207f    program   0x000000
          .romdata_Tick.o    romdata   0x01207f    program   0x000000
        .romdata_DynDNS.o    romdata   0x01207f    program   0x000000
           .romdata_DNS.o    romdata   0x01207f    program   0x000000
          .romdata_DHCP.o    romdata   0x01207f    program   0x000000
         .romdata_Delay.o    romdata   0x01207f    program   0x000000
         .romdata_MPFS2.o    romdata   0x01207f    program   0x000000
 .romdata_CustomHTTPApp.o    romdata   0x01207f    program   0x000000
.romdata_BerkeleyTCPClient.o    romdata   0x01207f    program   0x000000
          .idata_uart.o_i    romdata   0x01207f    program   0x000000
          .idata_gprs.o_i    romdata   0x01207f    program   0x000001
          .romdata_gprs.o    romdata   0x01207f    program   0x000000
         .romdata_flash.o    romdata   0x01207f    program   0x000000
      .romdata_Announce.o    romdata   0x01207f    program   0x000000
         .romdata_c018i.o    romdata   0x01207f    program   0x000000
        .romdata_AutoIP.o    romdata   0x01207f    program   0x000000
        .romdata_BigInt.o    romdata   0x01207f    program   0x000000
      .romdata_ETH97J60.o    romdata   0x01207f    program   0x000000
        .romdata_Hashes.o    romdata   0x01207f    program   0x000000
       .romdata_Helpers.o    romdata   0x01207f    program   0x000000
          .romdata_ICMP.o    romdata   0x01207f    program   0x000000
        .romdata___init.o    romdata   0x01207f    program   0x000000
            .romdata_IP.o    romdata   0x01207f    program   0x000000
          .romdata_NBNS.o    romdata   0x01207f    program   0x000000
        .romdata_Random.o    romdata   0x01207f    program   0x000000
      .romdata_fxd3232u.o    romdata   0x01207f    program   0x000000
.romdata_UDPPerformanceTest.o    romdata   0x01207f    program   0x000000
           .romdata_ARP.o    romdata   0x01207f    program   0x000000
           .romdata_UDP.o    romdata   0x01207f    program   0x000000
              BIGINT_CODE       code   0x012080    program   0x0005bc
              .code_ARP.o       code   0x01263c    program   0x00046e
               .code_IP.o       code   0x012aaa    program   0x000310
                   STRING       code   0x012dba    program   0x000284
.code_BerkeleyTCPClient.o       code   0x01303e    program   0x000268
             .code_uart.o       code   0x0132a6    program   0x0001de
         .code_StackTsk.o       code   0x013484    program   0x00019a
                   STDLIB       code   0x01361e    program   0x000192
            .code_flash.o       code   0x0137b0    program   0x000186
             .code_Tick.o       code   0x013936    program   0x000114
                     PROG       code   0x013a4a    program   0x000102
               _cinit_scn       code   0x013b4c    program   0x00009e
         .romdata_HTTP2.o    romdata   0x013bea    program   0x000072
         .code_fxd3232u.o       code   0x013c5c    program   0x000048
         .code_fxd1616u.o       code   0x013ca4    program   0x00002c
                    .code       code   0x013cd0    program   0x00002c
              D1KTCYXCODE       code   0x013cfc    program   0x000020
             _startup_scn       code   0x013d1c    program   0x00001c
         .code_fxd0808u.o       code   0x013d38    program   0x00001c
           .romdata_TCP.o    romdata   0x013d54    program   0x000012
          .romdata_uart.o    romdata   0x013d66    program   0x000010
          .idata_main.o_i    romdata   0x013d76    program   0x0000bd
          .idata_Tick.o_i    romdata   0x013e33    program   0x000004
           .idata_TCP.o_i    romdata   0x013e37    program   0x000002
.idata_TCPPerformanceTest.o_i    romdata   0x013e37    program   0x000000
        .idata_Telnet.o_i    romdata   0x013e37    program   0x000000
      .idata_StackTsk.o_i    romdata   0x013e39    program   0x000001
      .idata_PingDemo.o_i    romdata   0x013e3a    program   0x000000
     .idata_SPIEEPROM.o_i    romdata   0x013e3a    program   0x000000
        .idata_Reboot.o_i    romdata   0x013e3a    program   0x000000
            .idata_IP.o_i    romdata   0x013e3a    program   0x000002
        .idata_Random.o_i    romdata   0x013e3a    program   0x000000
      .idata_MPFSImg2.o_i    romdata   0x013e3a    program   0x000000
          .idata_NBNS.o_i    romdata   0x013e3a    program   0x000000
         .idata_MPFS2.o_i    romdata   0x013e3a    program   0x000000
         .idata_Delay.o_i    romdata   0x013e3c    program   0x000000
      .idata_ETH97J60.o_i    romdata   0x013e3c    program   0x000000
        .idata_Hashes.o_i    romdata   0x013e3c    program   0x000000
        .idata_DynDNS.o_i    romdata   0x013e3c    program   0x000000
           .idata_DNS.o_i    romdata   0x013e3c    program   0x000000
         .idata_HTTP2.o_i    romdata   0x013e3c    program   0x000000
       .idata_Helpers.o_i    romdata   0x013e3c    program   0x000000
          .idata_DHCP.o_i    romdata   0x013e3c    program   0x000001
          .idata_ICMP.o_i    romdata   0x013e3c    program   0x000000
 .idata_CustomHTTPApp.o_i    romdata   0x013e3d    program   0x000004
.idata_BerkeleyTCPClient.o_i    romdata   0x013e41    program   0x000005
        .idata_BigInt.o_i    romdata   0x013e41    program   0x000000
   .idata_BerkeleyAPI.o_i    romdata   0x013e46    program   0x000002
      .idata_Announce.o_i    romdata   0x013e48    program   0x000000
        .idata_AutoIP.o_i    romdata   0x013e48    program   0x000000
           .idata_ARP.o_i    romdata   0x013e48    program   0x000001
       .idata_ARCFOUR.o_i    romdata   0x013e49    program   0x000000
            .code_c018i.o       code   0x013e4a    program   0x000000
           .code_AutoIP.o       code   0x013e4a    program   0x000000
           .code_BigInt.o       code   0x013e4a    program   0x000000
           .code_Hashes.o       code   0x013e4a    program   0x000000
             .code_ICMP.o       code   0x013e4a    program   0x000000
             .code_NBNS.o       code   0x013e4a    program   0x000000
           .code_Random.o       code   0x013e4a    program   0x000000
.code_UDPPerformanceTest.o       code   0x013e4a    program   0x000000
          .code_ARCFOUR.o       code   0x013e4a    program   0x000000
        .code_SPIEEPROM.o       code   0x013e4a    program   0x000000
.code_TCPPerformanceTest.o       code   0x013e4a    program   0x000000
           .code_Reboot.o       code   0x013e4a    program   0x000000
           .code_Telnet.o       code   0x013e4a    program   0x000000
         .code_PingDemo.o       code   0x013e4a    program   0x000000
           .code_DynDNS.o       code   0x013e4a    program   0x000000
              .code_DNS.o       code   0x013e4a    program   0x000000
            .code_Delay.o       code   0x013e4a    program   0x000000
         .code_MPFSImg2.o       code   0x013e4a    program   0x000000
         .code_Announce.o       code   0x013e4a    program   0x000000
     .config_1fff8_main.o    romdata   0x01fff8    program   0x000001
     .config_1fffa_main.o    romdata   0x01fffa    program   0x000001
     .config_1fffb_main.o    romdata   0x01fffb    program   0x000001
     .config_1fffd_main.o    romdata   0x01fffd    program   0x000001
                MATH_DATA      udata   0x000000       data   0x000014
                 .tmpdata      udata   0x000014       data   0x00000e
              HighISR_tmp      udata   0x000022       data   0x000002
                DELAYDAT1      udata   0x000024       data   0x000001
             .udata_TCP.o      udata   0x000060       data   0x000051
       SYN_QUEUE_RAM_SECT      udata   0x0000b1       data   0x00003c
              BIGINT_VARS      udata   0x0000ed       data   0x000013
            .udata_DHCP.o      udata   0x000100       data   0x00001c
             .udata_UDP.o      udata   0x00011c       data   0x00001a
   HTTP_CONNECTION_STATES      udata   0x000200       data   0x000082
           .udata_c018i.o      udata   0x000282       data   0x00000a
         .udata_Helpers.o      udata   0x00028c       data   0x000004
            .udata_Tick.o      udata   0x000290       data   0x000006
.idata_BerkeleyTCPClient.o      idata   0x000296       data   0x000005
     .udata_BerkeleyAPI.o      udata   0x00029b       data   0x000004
              .udata_IP.o      udata   0x00029f       data   0x000001
            .idata_Tick.o      idata   0x0002a0       data   0x000004
   .idata_CustomHTTPApp.o      idata   0x0002a4       data   0x000004
             .idata_UDP.o      idata   0x0002a8       data   0x000002
             .idata_TCP.o      idata   0x0002aa       data   0x000002
              .idata_IP.o      idata   0x0002ac       data   0x000002
     .idata_BerkeleyAPI.o      idata   0x0002ae       data   0x000002
        .idata_StackTsk.o      idata   0x0002b0       data   0x000001
            .idata_DHCP.o      idata   0x0002b1       data   0x000001
             .idata_ARP.o      idata   0x0002b2       data   0x000001
           .idata_Delay.o      idata   0x0002b3       data   0x000000
           .udata_Delay.o      udata   0x0002b3       data   0x000000
        .udata_fxd3232u.o      udata   0x0002b3       data   0x000000
        .idata_fxd3232u.o      idata   0x0002b3       data   0x000000
             .idata_DNS.o      idata   0x0002b3       data   0x000000
             .udata_DNS.o      udata   0x0002b3       data   0x000000
          .idata_DynDNS.o      idata   0x0002b3       data   0x000000
          .udata_DynDNS.o      udata   0x0002b3       data   0x000000
          .udata___init.o      udata   0x0002b3       data   0x000000
          .idata___init.o      idata   0x0002b3       data   0x000000
          .idata_Telnet.o      idata   0x0002b3       data   0x000000
           .idata_MPFS2.o      idata   0x0002b3       data   0x000000
        .idata_fxd1616u.o      idata   0x0002b3       data   0x000000
        .udata_fxd1616u.o      udata   0x0002b3       data   0x000000
           .udata_HTTP2.o      udata   0x0002b3       data   0x000000
           .idata_HTTP2.o      idata   0x0002b3       data   0x000000
        .idata_fxd0808u.o      idata   0x0002b3       data   0x000000
   .udata_CustomHTTPApp.o      udata   0x0002b3       data   0x000000
        .udata_fxd0808u.o      udata   0x0002b3       data   0x000000
           .idata_flash.o      idata   0x0002b3       data   0x000000
        .udata_MPFSImg2.o      udata   0x0002b3       data   0x000000
        .idata_MPFSImg2.o      idata   0x0002b3       data   0x000000
           .udata_flash.o      udata   0x0002b3       data   0x000000
            .idata_uart.o      idata   0x0002b3       data   0x000000
            .udata_uart.o      udata   0x0002b3       data   0x000000
          .udata_BigInt.o      udata   0x0002b3       data   0x000000
          .idata_AutoIP.o      idata   0x0002b3       data   0x000000
          .udata_AutoIP.o      udata   0x0002b3       data   0x000000
          .idata_BigInt.o      idata   0x0002b3       data   0x000000
        .idata_ETH97J60.o      idata   0x0002b3       data   0x000000
        .idata_Announce.o      idata   0x0002b3       data   0x000000
        .udata_Announce.o      udata   0x0002b3       data   0x000000
          .udata_Hashes.o      udata   0x0002b3       data   0x000000
          .idata_Hashes.o      idata   0x0002b3       data   0x000000
         .idata_Helpers.o      idata   0x0002b3       data   0x000000
        .idata_PingDemo.o      idata   0x0002b3       data   0x000000
            .udata_ICMP.o      udata   0x0002b3       data   0x000000
            .idata_ICMP.o      idata   0x0002b3       data   0x000000
            .udata_NBNS.o      udata   0x0002b3       data   0x000000
            .idata_NBNS.o      idata   0x0002b3       data   0x000000
          .udata_Random.o      udata   0x0002b3       data   0x000000
          .udata_Telnet.o      udata   0x0002b3       data   0x000000
          .idata_Reboot.o      idata   0x0002b3       data   0x000000
          .udata_Reboot.o      udata   0x0002b3       data   0x000000
.idata_TCPPerformanceTest.o      idata   0x0002b3       data   0x000000
.udata_TCPPerformanceTest.o      udata   0x0002b3       data   0x000000
       .idata_SPIEEPROM.o      idata   0x0002b3       data   0x000000
       .udata_SPIEEPROM.o      udata   0x0002b3       data   0x000000
         .idata_ARCFOUR.o      idata   0x0002b3       data   0x000000
         .udata_ARCFOUR.o      udata   0x0002b3       data   0x000000
.idata_UDPPerformanceTest.o      idata   0x0002b3       data   0x000000
           .idata_c018i.o      idata   0x0002b3       data   0x000000
.udata_UDPPerformanceTest.o      udata   0x0002b3       data   0x000000
        .udata_PingDemo.o      udata   0x0002b3       data   0x000000
          .idata_Random.o      idata   0x0002b3       data   0x000000
            .idata_main.o      idata   0x000310       data   0x0000bd
                 BSD_uRAM      udata   0x0003cd       data   0x00001e
             .udata_ARP.o      udata   0x0003eb       data   0x000014
            .idata_gprs.o      idata   0x0003ff       data   0x000001
                   .stack      udata   0x000500       data   0x000100
            .udata_main.o      udata   0x000600       data   0x000457
.udata_BerkeleyTCPClient.o      udata   0x000a57       data   0x000212
                 TCB_uRAM      udata   0x000e00       data   0x000054
            .udata_gprs.o      udata   0x000e54       data   0x000021
        .udata_StackTsk.o      udata   0x000e75       data   0x00000b
              SFR_BANKED0      udata   0x000e80       data   0x000006
              SFR_BANKED1      udata   0x000e8a       data   0x000001
              SFR_BANKED2      udata   0x000e97       data   0x000003
              SFR_BANKED3      udata   0x000ea0       data   0x000001
              SFR_BANKED4      udata   0x000ea2       data   0x000003
              SFR_BANKED5      udata   0x000ea6       data   0x000002
              SFR_BANKED6      udata   0x000eaa       data   0x000002
              SFR_BANKED7      udata   0x000eb2       data   0x000001
              SFR_BANKED8      udata   0x000eb4       data   0x000001
              SFR_BANKED9      udata   0x000eb6       data   0x000004
             SFR_BANKED10      udata   0x000ec0       data   0x000012
             SFR_BANKED11      udata   0x000ed4       data   0x000002
             SFR_BANKED12      udata   0x000ed8       data   0x000002
             SFR_BANKED13      udata   0x000ee2       data   0x000016
             SFR_BANKED14      udata   0x000efb       data   0x000001
             SFR_BANKED15      udata   0x000efd       data   0x000002
           .udata_MPFS2.o      udata   0x000f00       data   0x000057
        .udata_ETH97J60.o      udata   0x000f57       data   0x000007
                SEED_DATA      idata   0x000f5e       data   0x000002
            SFR_UNBANKED0      udata   0x000f60       data   0x0000a0



                              Program Memory Usage 
                               Start         End      
                           ---------   ---------      
                            0x000000    0x013e48      
                            0x01fff8    0x01fff8      
                            0x01fffa    0x01fffb      
                            0x01fffd    0x01fffd      
            81485 out of 131072 program addresses used, program memory utilization is 62%



                              Symbols - Sorted by Name
                     Name    Address   Location    Storage File                     
                ---------  ---------  ---------  --------- ---------                
                  ARPInit   0x0126f4    program     extern E:\Working\VMS\Source\Keil\VMS Controller\ICON V1.1\Network\TCPIP Stack\ARP.c
            ARPIsResolved   0x01294a    program     extern E:\Working\VMS\Source\Keil\VMS Controller\ICON V1.1\Network\TCPIP Stack\ARP.c
               ARPProcess   0x01270c    program     extern E:\Working\VMS\Source\Keil\VMS Controller\ICON V1.1\Network\TCPIP Stack\ARP.c
                   ARPPut   0x01263c    program     static E:\Working\VMS\Source\Keil\VMS Controller\ICON V1.1\Network\TCPIP Stack\ARP.c
               ARPResolve   0x0128a8    program     extern E:\Working\VMS\Source\Keil\VMS Controller\ICON V1.1\Network\TCPIP Stack\ARP.c
             Base64Decode   0x00e4e6    program     extern E:\Working\VMS\Source\Keil\VMS Controller\ICON V1.1\Network\TCPIP Stack\Helpers.c
       BerkeleySocketInit   0x00c302    program     extern E:\Working\VMS\Source\Keil\VMS Controller\ICON V1.1\Network\TCPIP Stack\BerkeleyAPI.c
        BerkeleyTCPClient   0x01303e    program     extern E:\Working\VMS\Source\Keil\VMS Controller\ICON V1.1\Network\BerkeleyTCPClient.c
     CalcIPBufferChecksum   0x010b30    program     extern E:\Working\VMS\Source\Keil\VMS Controller\ICON V1.1\Network\TCPIP Stack\ETH97J60.c
           CalcIPChecksum   0x00e932    program     extern E:\Working\VMS\Source\Keil\VMS Controller\ICON V1.1\Network\TCPIP Stack\Helpers.c
           CharacterArray   0x013d66    program     extern E:\Working\VMS\Source\Keil\VMS Controller\ICON V1.1\Network\uart.c
              CloseSocket   0x006068    program     static E:\Working\VMS\Source\Keil\VMS Controller\ICON V1.1\Network\TCPIP Stack\TCP.c
                   D0808S   0x013a60    program     static C:\MCC18\src\traditional\math\fxd0808s.asm
                D0808SNEG   0x013a6e    program     static C:\MCC18\src\traditional\math\fxd0808s.asm
                 D0808SOK   0x013a6a    program     static C:\MCC18\src\traditional\math\fxd0808s.asm
                  D0808SX   0x013a74    program     static C:\MCC18\src\traditional\math\fxd0808s.asm
                    D1K_1   0x013d08    program     static C:\MCC18\src\traditional\delays\d1ktcyx.asm
                     D1Kx   0x013d06    program     static C:\MCC18\src\traditional\delays\d1ktcyx.asm
                  DA0808S   0x013a56    program     static C:\MCC18\src\traditional\math\fxd0808s.asm
              DHCPDisable   0x011192    program     extern E:\Working\VMS\Source\Keil\VMS Controller\ICON V1.1\Network\TCPIP Stack\DHCP.c
               DHCPEnable   0x0111a2    program     extern E:\Working\VMS\Source\Keil\VMS Controller\ICON V1.1\Network\TCPIP Stack\DHCP.c
                 DHCPInit   0x01115c    program     extern E:\Working\VMS\Source\Keil\VMS Controller\ICON V1.1\Network\TCPIP Stack\DHCP.c
              DHCPIsBound   0x0111c6    program     extern E:\Working\VMS\Source\Keil\VMS Controller\ICON V1.1\Network\TCPIP Stack\DHCP.c
            DHCPIsEnabled   0x0111b4    program     extern E:\Working\VMS\Source\Keil\VMS Controller\ICON V1.1\Network\TCPIP Stack\DHCP.c
     DHCPIsServerDetected   0x0111e6    program     extern E:\Working\VMS\Source\Keil\VMS Controller\ICON V1.1\Network\TCPIP Stack\DHCP.c
         DHCPStateChanged   0x0111d2    program     extern E:\Working\VMS\Source\Keil\VMS Controller\ICON V1.1\Network\TCPIP Stack\DHCP.c
                 DHCPTask   0x0111f6    program     extern E:\Working\VMS\Source\Keil\VMS Controller\ICON V1.1\Network\TCPIP Stack\DHCP.c
              Delay1KTCYx   0x013cfc    program     extern C:\MCC18\src\traditional\delays\d1ktcyx.asm
                 FXD0808S   0x013a4a    program     extern C:\MCC18\src\traditional\math\fxd0808s.asm
                 FXD0808U   0x013d38    program     extern C:\MCC18\src\traditional\math\fxd0808u.c
                 FXD1616U   0x013ca4    program     extern C:\MCC18\src\traditional\math\fxd1616u.c
                 FXD3232U   0x013c5c    program     extern C:\MCC18\src\traditional\math\fxd3232u.c
                 FXM1616U   0x013a7e    program     extern C:\MCC18\src\traditional\math\fxm1616u.asm
                 FXM2424U   0x013aba    program     extern C:\MCC18\src\traditional\math\fxm2424u.asm
       FindMatchingSocket   0x005d6a    program     static E:\Working\VMS\Source\Keil\VMS Controller\ICON V1.1\Network\TCPIP Stack\TCP.c
       FindMatchingSocket   0x0101fe    program     static E:\Working\VMS\Source\Keil\VMS Controller\ICON V1.1\Network\TCPIP Stack\UDP.c
        FormatNetBIOSName   0x00ead8    program     extern E:\Working\VMS\Source\Keil\VMS Controller\ICON V1.1\Network\TCPIP Stack\Helpers.c
       GPRS_ConfigNetwork   0x00d366    program     extern E:\Working\VMS\Source\Keil\VMS Controller\ICON V1.1\Network\gprs.c
             GPRS_Connect   0x00d478    program     extern E:\Working\VMS\Source\Keil\VMS Controller\ICON V1.1\Network\gprs.c
     GPRS_MultiConnection   0x00d32c    program     extern E:\Working\VMS\Source\Keil\VMS Controller\ICON V1.1\Network\gprs.c
            GPRS_SendData   0x00d608    program     extern E:\Working\VMS\Source\Keil\VMS Controller\ICON V1.1\Network\gprs.c
      GenerateRandomDWORD   0x00e052    program     extern E:\Working\VMS\Source\Keil\VMS Controller\ICON V1.1\Network\TCPIP Stack\Helpers.c
              GetDateTime   0x00a368    program     extern E:\Working\VMS\Source\Keil\VMS Controller\ICON V1.1\Network\main.c
              GetHWConfig   0x00a43c    program     extern E:\Working\VMS\Source\Keil\VMS Controller\ICON V1.1\Network\main.c
          GetIMEIFromMain   0x00a3ee    program     extern E:\Working\VMS\Source\Keil\VMS Controller\ICON V1.1\Network\main.c
      GetMaxSegSizeOption   0x0060e6    program     static E:\Working\VMS\Source\Keil\VMS Controller\ICON V1.1\Network\TCPIP Stack\TCP.c
              GetTickCopy   0x013946    program     static E:\Working\VMS\Source\Keil\VMS Controller\ICON V1.1\Network\TCPIP Stack\Tick.c
               GetVersion   0x00a30c    program     extern E:\Working\VMS\Source\Keil\VMS Controller\ICON V1.1\Network\main.c
            HTTPCheckAuth   0x00b252    program     extern E:\Working\VMS\Source\Keil\VMS Controller\ICON V1.1\Network\CustomHTTPApp.c
           HTTPExecuteGet   0x00b33e    program     extern E:\Working\VMS\Source\Keil\VMS Controller\ICON V1.1\Network\CustomHTTPApp.c
          HTTPExecutePost   0x00b372    program     extern E:\Working\VMS\Source\Keil\VMS Controller\ICON V1.1\Network\CustomHTTPApp.c
               HTTPGetArg   0x0090d8    program     extern E:\Working\VMS\Source\Keil\VMS Controller\ICON V1.1\Network\TCPIP Stack\HTTP2.c
            HTTPGetROMArg   0x009114    program     extern E:\Working\VMS\Source\Keil\VMS Controller\ICON V1.1\Network\TCPIP Stack\HTTP2.c
HTTPHeaderParseAuthorization   0x008e36    program     static E:\Working\VMS\Source\Keil\VMS Controller\ICON V1.1\Network\TCPIP Stack\HTTP2.c
HTTPHeaderParseContentLength   0x008f3a    program     static E:\Working\VMS\Source\Keil\VMS Controller\ICON V1.1\Network\TCPIP Stack\HTTP2.c
    HTTPHeaderParseLookup   0x008e1e    program     static E:\Working\VMS\Source\Keil\VMS Controller\ICON V1.1\Network\TCPIP Stack\HTTP2.c
              HTTPIncFile   0x009320    program     extern E:\Working\VMS\Source\Keil\VMS Controller\ICON V1.1\Network\TCPIP Stack\HTTP2.c
                 HTTPInit   0x0083f0    program     extern E:\Working\VMS\Source\Keil\VMS Controller\ICON V1.1\Network\TCPIP Stack\HTTP2.c
             HTTPLoadConn   0x0084cc    program     static E:\Working\VMS\Source\Keil\VMS Controller\ICON V1.1\Network\TCPIP Stack\HTTP2.c
            HTTPNeedsAuth   0x00b248    program     extern E:\Working\VMS\Source\Keil\VMS Controller\ICON V1.1\Network\CustomHTTPApp.c
         HTTPPostChangePW   0x00b87e    program     static E:\Working\VMS\Source\Keil\VMS Controller\ICON V1.1\Network\CustomHTTPApp.c
         HTTPPostConfigDT   0x00b808    program     static E:\Working\VMS\Source\Keil\VMS Controller\ICON V1.1\Network\CustomHTTPApp.c
         HTTPPostConfigHW   0x00b706    program     static E:\Working\VMS\Source\Keil\VMS Controller\ICON V1.1\Network\CustomHTTPApp.c
         HTTPPostConfigNW   0x00b404    program     static E:\Working\VMS\Source\Keil\VMS Controller\ICON V1.1\Network\CustomHTTPApp.c
                HTTPPrint   0x008058    program     extern E:\Working\VMS\Source\Keil\VMS Controller\ICON V1.1\Network\HTTPPrint.h
              HTTPPrintIP   0x00ba1a    program     extern E:\Working\VMS\Source\Keil\VMS Controller\ICON V1.1\Network\CustomHTTPApp.c
               HTTPPrint_   0x0083e0    program     extern E:\Working\VMS\Source\Keil\VMS Controller\ICON V1.1\Network\HTTPPrint.h
  HTTPPrint_config_alport   0x00bcf2    program     extern E:\Working\VMS\Source\Keil\VMS Controller\ICON V1.1\Network\CustomHTTPApp.c
HTTPPrint_config_dhcpchecked   0x00bb26    program     extern E:\Working\VMS\Source\Keil\VMS Controller\ICON V1.1\Network\CustomHTTPApp.c
      HTTPPrint_config_gw   0x00bb4c    program     extern E:\Working\VMS\Source\Keil\VMS Controller\ICON V1.1\Network\CustomHTTPApp.c
  HTTPPrint_config_height   0x00bcb2    program     extern E:\Working\VMS\Source\Keil\VMS Controller\ICON V1.1\Network\CustomHTTPApp.c
  HTTPPrint_config_hostIP   0x00bae2    program     extern E:\Working\VMS\Source\Keil\VMS Controller\ICON V1.1\Network\CustomHTTPApp.c
    HTTPPrint_config_imei   0x00bbe8    program     extern E:\Working\VMS\Source\Keil\VMS Controller\ICON V1.1\Network\CustomHTTPApp.c
HTTPPrint_config_imei_disabled   0x00bb70    program     extern E:\Working\VMS\Source\Keil\VMS Controller\ICON V1.1\Network\CustomHTTPApp.c
      HTTPPrint_config_ip   0x00bb3a    program     extern E:\Working\VMS\Source\Keil\VMS Controller\ICON V1.1\Network\CustomHTTPApp.c
     HTTPPrint_config_mac   0x00bd08    program     extern E:\Working\VMS\Source\Keil\VMS Controller\ICON V1.1\Network\CustomHTTPApp.c
  HTTPPrint_config_opport   0x00bcdc    program     extern E:\Working\VMS\Source\Keil\VMS Controller\ICON V1.1\Network\CustomHTTPApp.c
  HTTPPrint_config_subnet   0x00bb5e    program     extern E:\Working\VMS\Source\Keil\VMS Controller\ICON V1.1\Network\CustomHTTPApp.c
    HTTPPrint_config_type   0x00bcc8    program     extern E:\Working\VMS\Source\Keil\VMS Controller\ICON V1.1\Network\CustomHTTPApp.c
   HTTPPrint_config_width   0x00bc9c    program     extern E:\Working\VMS\Source\Keil\VMS Controller\ICON V1.1\Network\CustomHTTPApp.c
           HTTPPrint_cpwd   0x00ba76    program     extern E:\Working\VMS\Source\Keil\VMS Controller\ICON V1.1\Network\CustomHTTPApp.c
           HTTPPrint_date   0x00bdd6    program     extern E:\Working\VMS\Source\Keil\VMS Controller\ICON V1.1\Network\CustomHTTPApp.c
         HTTPPrint_gprs_1   0x00be5a    program     extern E:\Working\VMS\Source\Keil\VMS Controller\ICON V1.1\Network\CustomHTTPApp.c
         HTTPPrint_gprs_2   0x00be6a    program     extern E:\Working\VMS\Source\Keil\VMS Controller\ICON V1.1\Network\CustomHTTPApp.c
           HTTPPrint_npwd   0x00ba74    program     extern E:\Working\VMS\Source\Keil\VMS Controller\ICON V1.1\Network\CustomHTTPApp.c
           HTTPPrint_opwd   0x00ba72    program     extern E:\Working\VMS\Source\Keil\VMS Controller\ICON V1.1\Network\CustomHTTPApp.c
         HTTPPrint_reboot   0x00bd5a    program     extern E:\Working\VMS\Source\Keil\VMS Controller\ICON V1.1\Network\CustomHTTPApp.c
         HTTPPrint_scan_1   0x00bd5c    program     extern E:\Working\VMS\Source\Keil\VMS Controller\ICON V1.1\Network\CustomHTTPApp.c
         HTTPPrint_scan_2   0x00bd6c    program     extern E:\Working\VMS\Source\Keil\VMS Controller\ICON V1.1\Network\CustomHTTPApp.c
         HTTPPrint_scan_3   0x00bd7e    program     extern E:\Working\VMS\Source\Keil\VMS Controller\ICON V1.1\Network\CustomHTTPApp.c
         HTTPPrint_scan_4   0x00bd90    program     extern E:\Working\VMS\Source\Keil\VMS Controller\ICON V1.1\Network\CustomHTTPApp.c
          HTTPPrint_sim_1   0x00bda2    program     extern E:\Working\VMS\Source\Keil\VMS Controller\ICON V1.1\Network\CustomHTTPApp.c
          HTTPPrint_sim_2   0x00bdb2    program     extern E:\Working\VMS\Source\Keil\VMS Controller\ICON V1.1\Network\CustomHTTPApp.c
          HTTPPrint_sim_3   0x00bdc4    program     extern E:\Working\VMS\Source\Keil\VMS Controller\ICON V1.1\Network\CustomHTTPApp.c
           HTTPPrint_time   0x00be20    program     extern E:\Working\VMS\Source\Keil\VMS Controller\ICON V1.1\Network\CustomHTTPApp.c
HTTPPrint_version_dipsplay   0x00bac8    program     extern E:\Working\VMS\Source\Keil\VMS Controller\ICON V1.1\Network\CustomHTTPApp.c
   HTTPPrint_version_main   0x00ba78    program     extern E:\Working\VMS\Source\Keil\VMS Controller\ICON V1.1\Network\CustomHTTPApp.c
HTTPPrint_version_network   0x00bab4    program     extern E:\Working\VMS\Source\Keil\VMS Controller\ICON V1.1\Network\CustomHTTPApp.c
              HTTPProcess   0x00851c    program     static E:\Working\VMS\Source\Keil\VMS Controller\ICON V1.1\Network\TCPIP Stack\HTTP2.c
         HTTPReadPostName   0x009164    program     extern E:\Working\VMS\Source\Keil\VMS Controller\ICON V1.1\Network\TCPIP Stack\HTTP2.c
        HTTPReadPostValue   0x009184    program     extern E:\Working\VMS\Source\Keil\VMS Controller\ICON V1.1\Network\TCPIP Stack\HTTP2.c
               HTTPReadTo   0x0091d0    program     static E:\Working\VMS\Source\Keil\VMS Controller\ICON V1.1\Network\TCPIP Stack\HTTP2.c
       HTTPRequestHeaders   0x013c53    program     static E:\Working\VMS\Source\Keil\VMS Controller\ICON V1.1\Network\TCPIP Stack\HTTP2.c
      HTTPResponseHeaders   0x013c35    program     static E:\Working\VMS\Source\Keil\VMS Controller\ICON V1.1\Network\TCPIP Stack\HTTP2.c
             HTTPSendFile   0x008cca    program     static E:\Working\VMS\Source\Keil\VMS Controller\ICON V1.1\Network\TCPIP Stack\HTTP2.c
               HTTPServer   0x008452    program     extern E:\Working\VMS\Source\Keil\VMS Controller\ICON V1.1\Network\TCPIP Stack\HTTP2.c
            HTTPURLDecode   0x008fae    program     extern E:\Working\VMS\Source\Keil\VMS Controller\ICON V1.1\Network\TCPIP Stack\HTTP2.c
                HTTP_CRLF   0x013bea    program     static E:\Working\VMS\Source\Keil\VMS Controller\ICON V1.1\Network\TCPIP Stack\HTTP2.c
HandlePossibleTCPDisconnection   0x00cdba    program     static E:\Working\VMS\Source\Keil\VMS Controller\ICON V1.1\Network\TCPIP Stack\BerkeleyAPI.c
             HandleTCPSeg   0x0061d0    program     static E:\Working\VMS\Source\Keil\VMS Controller\ICON V1.1\Network\TCPIP Stack\TCP.c
                  HighISR   0x009bb6    program     extern E:\Working\VMS\Source\Keil\VMS Controller\ICON V1.1\Network\main.c
               HighVector   0x000008    program     extern E:\Working\VMS\Source\Keil\VMS Controller\ICON V1.1\Network\main.c
                IP2String   0x00a70c    program     static E:\Working\VMS\Source\Keil\VMS Controller\ICON V1.1\Network\main.c
              IPGetHeader   0x012aaa    program     extern E:\Working\VMS\Source\Keil\VMS Controller\ICON V1.1\Network\TCPIP Stack\IP.c
              IPPutHeader   0x012bde    program     extern E:\Working\VMS\Source\Keil\VMS Controller\ICON V1.1\Network\TCPIP Stack\IP.c
            IPSetRxBuffer   0x012cd8    program     extern E:\Working\VMS\Source\Keil\VMS Controller\ICON V1.1\Network\TCPIP Stack\IP.c
            InitAppConfig   0x00a792    program     extern E:\Working\VMS\Source\Keil\VMS Controller\ICON V1.1\Network\main.c
             InitHWConfig   0x00aae6    program     extern E:\Working\VMS\Source\Keil\VMS Controller\ICON V1.1\Network\main.c
          InitUserProfile   0x00aa92    program     extern E:\Working\VMS\Source\Keil\VMS Controller\ICON V1.1\Network\main.c
                   LowISR   0x009b4c    program     extern E:\Working\VMS\Source\Keil\VMS Controller\ICON V1.1\Network\main.c
                LowVector   0x000018    program     extern E:\Working\VMS\Source\Keil\VMS Controller\ICON V1.1\Network\main.c
        MACCalcRxChecksum   0x010ae4    program     extern E:\Working\VMS\Source\Keil\VMS Controller\ICON V1.1\Network\TCPIP Stack\ETH97J60.c
             MACDiscardRx   0x010754    program     extern E:\Working\VMS\Source\Keil\VMS Controller\ICON V1.1\Network\TCPIP Stack\ETH97J60.c
                 MACFlush   0x010a64    program     extern E:\Working\VMS\Source\Keil\VMS Controller\ICON V1.1\Network\TCPIP Stack\ETH97J60.c
                   MACGet   0x010dfc    program     extern E:\Working\VMS\Source\Keil\VMS Controller\ICON V1.1\Network\TCPIP Stack\ETH97J60.c
              MACGetArray   0x010e00    program     extern E:\Working\VMS\Source\Keil\VMS Controller\ICON V1.1\Network\TCPIP Stack\ETH97J60.c
         MACGetFreeRxSize   0x0107ba    program     extern E:\Working\VMS\Source\Keil\VMS Controller\ICON V1.1\Network\TCPIP Stack\ETH97J60.c
             MACGetHeader   0x010880    program     extern E:\Working\VMS\Source\Keil\VMS Controller\ICON V1.1\Network\TCPIP Stack\ETH97J60.c
                  MACInit   0x01060e    program     extern E:\Working\VMS\Source\Keil\VMS Controller\ICON V1.1\Network\TCPIP Stack\ETH97J60.c
              MACIsLinked   0x010718    program     extern E:\Working\VMS\Source\Keil\VMS Controller\ICON V1.1\Network\TCPIP Stack\ETH97J60.c
         MACIsMemCopyDone   0x010df0    program     extern E:\Working\VMS\Source\Keil\VMS Controller\ICON V1.1\Network\TCPIP Stack\ETH97J60.c
             MACIsTxReady   0x01072c    program     extern E:\Working\VMS\Source\Keil\VMS Controller\ICON V1.1\Network\TCPIP Stack\ETH97J60.c
          MACMemCopyAsync   0x010ca4    program     extern E:\Working\VMS\Source\Keil\VMS Controller\ICON V1.1\Network\TCPIP Stack\ETH97J60.c
             MACPowerDown   0x010fb2    program     extern E:\Working\VMS\Source\Keil\VMS Controller\ICON V1.1\Network\TCPIP Stack\ETH97J60.c
               MACPowerUp   0x010fc4    program     extern E:\Working\VMS\Source\Keil\VMS Controller\ICON V1.1\Network\TCPIP Stack\ETH97J60.c
                   MACPut   0x010e60    program     extern E:\Working\VMS\Source\Keil\VMS Controller\ICON V1.1\Network\TCPIP Stack\ETH97J60.c
              MACPutArray   0x010e7a    program     extern E:\Working\VMS\Source\Keil\VMS Controller\ICON V1.1\Network\TCPIP Stack\ETH97J60.c
             MACPutHeader   0x010a06    program     extern E:\Working\VMS\Source\Keil\VMS Controller\ICON V1.1\Network\TCPIP Stack\ETH97J60.c
           MACPutROMArray   0x010ebe    program     extern E:\Working\VMS\Source\Keil\VMS Controller\ICON V1.1\Network\TCPIP Stack\ETH97J60.c
            MACSetReadPtr   0x010ac6    program     extern E:\Working\VMS\Source\Keil\VMS Controller\ICON V1.1\Network\TCPIP Stack\ETH97J60.c
        MACSetReadPtrInRx   0x010a8c    program     extern E:\Working\VMS\Source\Keil\VMS Controller\ICON V1.1\Network\TCPIP Stack\ETH97J60.c
           MACSetWritePtr   0x010aac    program     extern E:\Working\VMS\Source\Keil\VMS Controller\ICON V1.1\Network\TCPIP Stack\ETH97J60.c
                MPFSClose   0x00f08a    program     extern E:\Working\VMS\Source\Keil\VMS Controller\ICON V1.1\Network\TCPIP Stack\MPFS2.c
                  MPFSGet   0x00f0a6    program     extern E:\Working\VMS\Source\Keil\VMS Controller\ICON V1.1\Network\TCPIP Stack\MPFS2.c
             MPFSGetArray   0x00f13a    program     extern E:\Working\VMS\Source\Keil\VMS Controller\ICON V1.1\Network\TCPIP Stack\MPFS2.c
          MPFSGetBytesRem   0x00f468    program     extern E:\Working\VMS\Source\Keil\VMS Controller\ICON V1.1\Network\TCPIP Stack\MPFS2.c
           MPFSGetEndAddr   0x00f4ce    program     extern E:\Working\VMS\Source\Keil\VMS Controller\ICON V1.1\Network\TCPIP Stack\MPFS2.c
          MPFSGetFilename   0x00f51c    program     extern E:\Working\VMS\Source\Keil\VMS Controller\ICON V1.1\Network\TCPIP Stack\MPFS2.c
             MPFSGetFlags   0x00f40a    program     extern E:\Working\VMS\Source\Keil\VMS Controller\ICON V1.1\Network\TCPIP Stack\MPFS2.c
                MPFSGetID   0x00f5be    program     extern E:\Working\VMS\Source\Keil\VMS Controller\ICON V1.1\Network\TCPIP Stack\MPFS2.c
              MPFSGetLong   0x00f1ec    program     extern E:\Working\VMS\Source\Keil\VMS Controller\ICON V1.1\Network\TCPIP Stack\MPFS2.c
         MPFSGetMicrotime   0x00f3d8    program     extern E:\Working\VMS\Source\Keil\VMS Controller\ICON V1.1\Network\TCPIP Stack\MPFS2.c
          MPFSGetPosition   0x00f58c    program     extern E:\Working\VMS\Source\Keil\VMS Controller\ICON V1.1\Network\TCPIP Stack\MPFS2.c
              MPFSGetSize   0x00f436    program     extern E:\Working\VMS\Source\Keil\VMS Controller\ICON V1.1\Network\TCPIP Stack\MPFS2.c
         MPFSGetStartAddr   0x00f492    program     extern E:\Working\VMS\Source\Keil\VMS Controller\ICON V1.1\Network\TCPIP Stack\MPFS2.c
         MPFSGetTimestamp   0x00f3a6    program     extern E:\Working\VMS\Source\Keil\VMS Controller\ICON V1.1\Network\TCPIP Stack\MPFS2.c
                 MPFSInit   0x00ed8c    program     extern E:\Working\VMS\Source\Keil\VMS Controller\ICON V1.1\Network\TCPIP Stack\MPFS2.c
                 MPFSOpen   0x00edba    program     extern E:\Working\VMS\Source\Keil\VMS Controller\ICON V1.1\Network\TCPIP Stack\MPFS2.c
               MPFSOpenID   0x00f00e    program     extern E:\Working\VMS\Source\Keil\VMS Controller\ICON V1.1\Network\TCPIP Stack\MPFS2.c
              MPFSOpenROM   0x00eef2    program     extern E:\Working\VMS\Source\Keil\VMS Controller\ICON V1.1\Network\TCPIP Stack\MPFS2.c
                 MPFSSeek   0x00f220    program     extern E:\Working\VMS\Source\Keil\VMS Controller\ICON V1.1\Network\TCPIP Stack\MPFS2.c
              MPFS_000001   0x0004bc    program     extern E:\Working\VMS\Source\Keil\VMS Controller\ICON V1.1\Network\MPFSImg2.c
              MPFS_000002   0x0008bc    program     extern E:\Working\VMS\Source\Keil\VMS Controller\ICON V1.1\Network\MPFSImg2.c
              MPFS_000003   0x000cbc    program     extern E:\Working\VMS\Source\Keil\VMS Controller\ICON V1.1\Network\MPFSImg2.c
              MPFS_000004   0x0010bc    program     extern E:\Working\VMS\Source\Keil\VMS Controller\ICON V1.1\Network\MPFSImg2.c
              MPFS_000005   0x0014bc    program     extern E:\Working\VMS\Source\Keil\VMS Controller\ICON V1.1\Network\MPFSImg2.c
              MPFS_000006   0x0018bc    program     extern E:\Working\VMS\Source\Keil\VMS Controller\ICON V1.1\Network\MPFSImg2.c
              MPFS_000007   0x001cbc    program     extern E:\Working\VMS\Source\Keil\VMS Controller\ICON V1.1\Network\MPFSImg2.c
              MPFS_000008   0x0020bc    program     extern E:\Working\VMS\Source\Keil\VMS Controller\ICON V1.1\Network\MPFSImg2.c
              MPFS_000009   0x0024bc    program     extern E:\Working\VMS\Source\Keil\VMS Controller\ICON V1.1\Network\MPFSImg2.c
              MPFS_00000a   0x0028bc    program     extern E:\Working\VMS\Source\Keil\VMS Controller\ICON V1.1\Network\MPFSImg2.c
              MPFS_00000b   0x002cbc    program     extern E:\Working\VMS\Source\Keil\VMS Controller\ICON V1.1\Network\MPFSImg2.c
              MPFS_00000c   0x0030bc    program     extern E:\Working\VMS\Source\Keil\VMS Controller\ICON V1.1\Network\MPFSImg2.c
              MPFS_00000d   0x0034bc    program     extern E:\Working\VMS\Source\Keil\VMS Controller\ICON V1.1\Network\MPFSImg2.c
              MPFS_00000e   0x0038bc    program     extern E:\Working\VMS\Source\Keil\VMS Controller\ICON V1.1\Network\MPFSImg2.c
              MPFS_00000f   0x003cbc    program     extern E:\Working\VMS\Source\Keil\VMS Controller\ICON V1.1\Network\MPFSImg2.c
              MPFS_000010   0x0040bc    program     extern E:\Working\VMS\Source\Keil\VMS Controller\ICON V1.1\Network\MPFSImg2.c
               MPFS_Start   0x0000bc    program     extern E:\Working\VMS\Source\Keil\VMS Controller\ICON V1.1\Network\MPFSImg2.c
     ROMStringToIPAddress   0x00e414    program     extern E:\Working\VMS\Source\Keil\VMS Controller\ICON V1.1\Network\TCPIP Stack\Helpers.c
               ReadPHYReg   0x010f14    program     extern E:\Working\VMS\Source\Keil\VMS Controller\ICON V1.1\Network\TCPIP Stack\ETH97J60.c
              SIM_GetIMEI   0x00d770    program     extern E:\Working\VMS\Source\Keil\VMS Controller\ICON V1.1\Network\gprs.c
         SIM_PowerControl   0x00d81a    program     extern E:\Working\VMS\Source\Keil\VMS Controller\ICON V1.1\Network\gprs.c
              SIM_SendCmd   0x00da62    program     extern E:\Working\VMS\Source\Keil\VMS Controller\ICON V1.1\Network\gprs.c
            SaveAppConfig   0x00a8ca    program     extern E:\Working\VMS\Source\Keil\VMS Controller\ICON V1.1\Network\main.c
             SaveHWConfig   0x00a93e    program     extern E:\Working\VMS\Source\Keil\VMS Controller\ICON V1.1\Network\main.c
          SaveUserProfile   0x00a994    program     extern E:\Working\VMS\Source\Keil\VMS Controller\ICON V1.1\Network\main.c
                  SendTCP   0x005844    program     static E:\Working\VMS\Source\Keil\VMS Controller\ICON V1.1\Network\TCPIP Stack\TCP.c
     SerializedMACAddress   0x00000e    program     static E:\Working\VMS\Source\Keil\VMS Controller\ICON V1.1\Network\main.c
              SetDateTime   0x00a3ac    program     extern E:\Working\VMS\Source\Keil\VMS Controller\ICON V1.1\Network\main.c
              SetHWConfig   0x00a480    program     extern E:\Working\VMS\Source\Keil\VMS Controller\ICON V1.1\Network\main.c
        StackApplications   0x0135ec    program     extern E:\Working\VMS\Source\Keil\VMS Controller\ICON V1.1\Network\TCPIP Stack\StackTsk.c
                StackInit   0x013484    program     extern E:\Working\VMS\Source\Keil\VMS Controller\ICON V1.1\Network\TCPIP Stack\StackTsk.c
                StackTask   0x0134d8    program     extern E:\Working\VMS\Source\Keil\VMS Controller\ICON V1.1\Network\TCPIP Stack\StackTsk.c
        StringToIPAddress   0x00e356    program     extern E:\Working\VMS\Source\Keil\VMS Controller\ICON V1.1\Network\TCPIP Stack\Helpers.c
            SwapARPPacket   0x0129ec    program     extern E:\Working\VMS\Source\Keil\VMS Controller\ICON V1.1\Network\TCPIP Stack\ARP.c
             SwapIPHeader   0x012d06    program     static E:\Working\VMS\Source\Keil\VMS Controller\ICON V1.1\Network\TCPIP Stack\IP.c
            SwapTCPHeader   0x005fec    program     static E:\Working\VMS\Source\Keil\VMS Controller\ICON V1.1\Network\TCPIP Stack\TCP.c
                  SyncTCB   0x0043b4    program     static E:\Working\VMS\Source\Keil\VMS Controller\ICON V1.1\Network\TCPIP Stack\TCP.c
              SyncTCBStub   0x00435e    program     static E:\Working\VMS\Source\Keil\VMS Controller\ICON V1.1\Network\TCPIP Stack\TCP.c
        TCPAdjustFIFOSize   0x006c42    program     extern E:\Working\VMS\Source\Keil\VMS Controller\ICON V1.1\Network\TCPIP Stack\TCP.c
                 TCPClose   0x0047b2    program     extern E:\Working\VMS\Source\Keil\VMS Controller\ICON V1.1\Network\TCPIP Stack\TCP.c
               TCPDiscard   0x004b1a    program     extern E:\Working\VMS\Source\Keil\VMS Controller\ICON V1.1\Network\TCPIP Stack\TCP.c
            TCPDisconnect   0x004724    program     extern E:\Working\VMS\Source\Keil\VMS Controller\ICON V1.1\Network\TCPIP Stack\TCP.c
           TCPFindArrayEx   0x004e62    program     extern E:\Working\VMS\Source\Keil\VMS Controller\ICON V1.1\Network\TCPIP Stack\TCP.c
                TCPFindEx   0x00531c    program     extern E:\Working\VMS\Source\Keil\VMS Controller\ICON V1.1\Network\TCPIP Stack\TCP.c
        TCPFindROMArrayEx   0x0050d2    program     extern E:\Working\VMS\Source\Keil\VMS Controller\ICON V1.1\Network\TCPIP Stack\TCP.c
                 TCPFlush   0x0047f6    program     extern E:\Working\VMS\Source\Keil\VMS Controller\ICON V1.1\Network\TCPIP Stack\TCP.c
                   TCPGet   0x004b82    program     extern E:\Working\VMS\Source\Keil\VMS Controller\ICON V1.1\Network\TCPIP Stack\TCP.c
              TCPGetArray   0x004bf4    program     extern E:\Working\VMS\Source\Keil\VMS Controller\ICON V1.1\Network\TCPIP Stack\TCP.c
         TCPGetRemoteInfo   0x0047c6    program     extern E:\Working\VMS\Source\Keil\VMS Controller\ICON V1.1\Network\TCPIP Stack\TCP.c
         TCPGetRxFIFOFree   0x004d04    program     extern E:\Working\VMS\Source\Keil\VMS Controller\ICON V1.1\Network\TCPIP Stack\TCP.c
         TCPGetTxFIFOFull   0x004aee    program     extern E:\Working\VMS\Source\Keil\VMS Controller\ICON V1.1\Network\TCPIP Stack\TCP.c
                  TCPInit   0x004424    program     extern E:\Working\VMS\Source\Keil\VMS Controller\ICON V1.1\Network\TCPIP Stack\TCP.c
           TCPIsConnected   0x00470e    program     extern E:\Working\VMS\Source\Keil\VMS Controller\ICON V1.1\Network\TCPIP Stack\TCP.c
            TCPIsGetReady   0x004b3c    program     extern E:\Working\VMS\Source\Keil\VMS Controller\ICON V1.1\Network\TCPIP Stack\TCP.c
            TCPIsPutReady   0x004812    program     extern E:\Working\VMS\Source\Keil\VMS Controller\ICON V1.1\Network\TCPIP Stack\TCP.c
                  TCPOpen   0x0045c4    program     extern E:\Working\VMS\Source\Keil\VMS Controller\ICON V1.1\Network\TCPIP Stack\TCP.c
                  TCPPeek   0x004e3a    program     extern E:\Working\VMS\Source\Keil\VMS Controller\ICON V1.1\Network\TCPIP Stack\TCP.c
             TCPPeekArray   0x004d30    program     extern E:\Working\VMS\Source\Keil\VMS Controller\ICON V1.1\Network\TCPIP Stack\TCP.c
               TCPProcess   0x0056e8    program     extern E:\Working\VMS\Source\Keil\VMS Controller\ICON V1.1\Network\TCPIP Stack\TCP.c
                   TCPPut   0x004876    program     extern E:\Working\VMS\Source\Keil\VMS Controller\ICON V1.1\Network\TCPIP Stack\TCP.c
              TCPPutArray   0x00490c    program     extern E:\Working\VMS\Source\Keil\VMS Controller\ICON V1.1\Network\TCPIP Stack\TCP.c
           TCPPutROMArray   0x00499e    program     extern E:\Working\VMS\Source\Keil\VMS Controller\ICON V1.1\Network\TCPIP Stack\TCP.c
          TCPPutROMString   0x004a8c    program     extern E:\Working\VMS\Source\Keil\VMS Controller\ICON V1.1\Network\TCPIP Stack\TCP.c
             TCPPutString   0x004a36    program     extern E:\Working\VMS\Source\Keil\VMS Controller\ICON V1.1\Network\TCPIP Stack\TCP.c
               TCPRAMCopy   0x006df2    program     static E:\Working\VMS\Source\Keil\VMS Controller\ICON V1.1\Network\TCPIP Stack\TCP.c
            TCPRAMCopyROM   0x006e8a    program     static E:\Working\VMS\Source\Keil\VMS Controller\ICON V1.1\Network\TCPIP Stack\TCP.c
     TCPSocketInitializer   0x013d54    program     extern E:\Working\VMS\Source\Keil\VMS Controller\ICON V1.1\Network\TCPIPConfig.h
                  TCPTick   0x00534c    program     extern E:\Working\VMS\Source\Keil\VMS Controller\ICON V1.1\Network\TCPIP Stack\TCP.c
              TCPWasReset   0x0046f8    program     extern E:\Working\VMS\Source\Keil\VMS Controller\ICON V1.1\Network\TCPIP Stack\TCP.c
TickConvertToMilliseconds   0x0139c8    program     extern E:\Working\VMS\Source\Keil\VMS Controller\ICON V1.1\Network\TCPIP Stack\Tick.c
                  TickGet   0x01396c    program     extern E:\Working\VMS\Source\Keil\VMS Controller\ICON V1.1\Network\TCPIP Stack\Tick.c
            TickGetDiv256   0x013980    program     extern E:\Working\VMS\Source\Keil\VMS Controller\ICON V1.1\Network\TCPIP Stack\Tick.c
            TickGetDiv64K   0x0139a4    program     extern E:\Working\VMS\Source\Keil\VMS Controller\ICON V1.1\Network\TCPIP Stack\Tick.c
                 TickInit   0x013936    program     extern E:\Working\VMS\Source\Keil\VMS Controller\ICON V1.1\Network\TCPIP Stack\Tick.c
               TickUpdate   0x013a04    program     extern E:\Working\VMS\Source\Keil\VMS Controller\ICON V1.1\Network\TCPIP Stack\Tick.c
                 UDPClose   0x00fba8    program     extern E:\Working\VMS\Source\Keil\VMS Controller\ICON V1.1\Network\TCPIP Stack\UDP.c
               UDPDiscard   0x010074    program     extern E:\Working\VMS\Source\Keil\VMS Controller\ICON V1.1\Network\TCPIP Stack\UDP.c
                 UDPFlush   0x00fe2c    program     extern E:\Working\VMS\Source\Keil\VMS Controller\ICON V1.1\Network\TCPIP Stack\UDP.c
                   UDPGet   0x00ffd4    program     extern E:\Working\VMS\Source\Keil\VMS Controller\ICON V1.1\Network\TCPIP Stack\UDP.c
              UDPGetArray   0x010008    program     extern E:\Working\VMS\Source\Keil\VMS Controller\ICON V1.1\Network\TCPIP Stack\UDP.c
                  UDPInit   0x00fa8e    program     extern E:\Working\VMS\Source\Keil\VMS Controller\ICON V1.1\Network\TCPIP Stack\UDP.c
            UDPIsGetReady   0x00ffa0    program     extern E:\Working\VMS\Source\Keil\VMS Controller\ICON V1.1\Network\TCPIP Stack\UDP.c
            UDPIsPutReady   0x00fc44    program     extern E:\Working\VMS\Source\Keil\VMS Controller\ICON V1.1\Network\TCPIP Stack\UDP.c
                  UDPOpen   0x00fab8    program     extern E:\Working\VMS\Source\Keil\VMS Controller\ICON V1.1\Network\TCPIP Stack\UDP.c
               UDPProcess   0x01008e    program     extern E:\Working\VMS\Source\Keil\VMS Controller\ICON V1.1\Network\TCPIP Stack\UDP.c
                   UDPPut   0x00fca0    program     extern E:\Working\VMS\Source\Keil\VMS Controller\ICON V1.1\Network\TCPIP Stack\UDP.c
              UDPPutArray   0x00fcec    program     extern E:\Working\VMS\Source\Keil\VMS Controller\ICON V1.1\Network\TCPIP Stack\UDP.c
           UDPPutROMArray   0x00fd18    program     extern E:\Working\VMS\Source\Keil\VMS Controller\ICON V1.1\Network\TCPIP Stack\UDP.c
          UDPPutROMString   0x00fdd6    program     extern E:\Working\VMS\Source\Keil\VMS Controller\ICON V1.1\Network\TCPIP Stack\UDP.c
             UDPPutString   0x00fd80    program     extern E:\Working\VMS\Source\Keil\VMS Controller\ICON V1.1\Network\TCPIP Stack\UDP.c
           UDPSetRxBuffer   0x00fc24    program     extern E:\Working\VMS\Source\Keil\VMS Controller\ICON V1.1\Network\TCPIP Stack\UDP.c
           UDPSetTxBuffer   0x00fbda    program     extern E:\Working\VMS\Source\Keil\VMS Controller\ICON V1.1\Network\TCPIP Stack\UDP.c
                  UDPTask   0x00fab2    program     extern E:\Working\VMS\Source\Keil\VMS Controller\ICON V1.1\Network\TCPIP Stack\UDP.c
              WritePHYReg   0x010f6e    program     extern E:\Working\VMS\Source\Keil\VMS Controller\ICON V1.1\Network\TCPIP Stack\ETH97J60.c
                  _14jEnd   0x01373c    program     static C:\MCC18\src\traditional\stdclib\atol.asm
              _2jContinue   0x012eb4    program     static C:\MCC18\src\traditional\stdclib\memset.asm
                   _2jEnd   0x012ffe    program     static C:\MCC18\src\traditional\stdclib\slenpgm.asm
              _3jContinue   0x012de4    program     static C:\MCC18\src\traditional\stdclib\mcmpp2r.asm
              _3jContinue   0x012e80    program     static C:\MCC18\src\traditional\stdclib\mcpyp2r.asm
                   _3jEnd   0x012ebe    program     static C:\MCC18\src\traditional\stdclib\memset.asm
              _4jContinue   0x012e2c    program     static C:\MCC18\src\traditional\stdclib\memcpy.asm
                   _4jEnd   0x012e8a    program     static C:\MCC18\src\traditional\stdclib\mcpyp2r.asm
                   _4jEnd   0x012dee    program     static C:\MCC18\src\traditional\stdclib\mcmpp2r.asm
                   _5jEnd   0x012e36    program     static C:\MCC18\src\traditional\stdclib\memcpy.asm
        _D1KTCYXCODE_0010   0x013d0c    program     static C:\MCC18\src\traditional\delays\d1ktcyx.asm
        _D1KTCYXCODE_0016   0x013d12    program     static C:\MCC18\src\traditional\delays\d1ktcyx.asm
             _DHCPReceive   0x0113ba    program     static E:\Working\VMS\Source\Keil\VMS Controller\ICON V1.1\Network\TCPIP Stack\DHCP.c
                _DHCPSend   0x011646    program     static E:\Working\VMS\Source\Keil\VMS Controller\ICON V1.1\Network\TCPIP Stack\DHCP.c
           _LoadFATRecord   0x00f324    program     static E:\Working\VMS\Source\Keil\VMS Controller\ICON V1.1\Network\TCPIP Stack\MPFS2.c
                _Validate   0x00f5d6    program     static E:\Working\VMS\Source\Keil\VMS Controller\ICON V1.1\Network\TCPIP Stack\MPFS2.c
           ___do_lbl00002   0x013964    program     static                          
           ___do_lbl00003   0x013968    program     static                          
           ___do_lbl00004   0x013946    program     static                          
           ___do_lbl00117   0x00a57e    program     static                          
           ___do_lbl00118   0x00a57e    program     static                          
           ___do_lbl00121   0x00a54c    program     static                          
           ___do_lbl00124   0x00a5e4    program     static                          
           ___do_lbl00125   0x00a5e4    program     static                          
           ___do_lbl00128   0x00a5b2    program     static                          
         ___else_lbl00039   0x009dee    program     static                          
         ___else_lbl00046   0x009ed6    program     static                          
         ___else_lbl00049   0x009f8c    program     static                          
         ___else_lbl00052   0x00a034    program     static                          
         ___else_lbl00055   0x009ff4    program     static                          
         ___else_lbl00057   0x009f1c    program     static                          
         ___else_lbl00059   0x009eb8    program     static                          
         ___else_lbl00066   0x00a184    program     static                          
         ___else_lbl00072   0x00a222    program     static                          
          ___for_lbl00001   0x0132f6    program     static                          
          ___for_lbl00002   0x01385e    program     static                          
          ___for_lbl00002   0x013300    program     static                          
          ___for_lbl00003   0x013868    program     static                          
          ___for_lbl00003   0x0132e2    program     static                          
          ___for_lbl00004   0x013808    program     static                          
          ___for_lbl00007   0x013904    program     static                          
          ___for_lbl00008   0x013908    program     static                          
          ___for_lbl00009   0x0138d8    program     static                          
          ___for_lbl00020   0x0133be    program     static                          
          ___for_lbl00021   0x0133c8    program     static                          
          ___for_lbl00022   0x0133aa    program     static                          
          ___for_lbl00026   0x009d5e    program     static                          
          ___for_lbl00027   0x009d72    program     static                          
          ___for_lbl00028   0x009d30    program     static                          
          ___for_lbl00029   0x009da8    program     static                          
          ___for_lbl00030   0x009dbc    program     static                          
          ___for_lbl00031   0x009d86    program     static                          
          ___for_lbl00060   0x00a0ae    program     static                          
          ___for_lbl00061   0x00a0c2    program     static                          
          ___for_lbl00062   0x00a074    program     static                          
          ___for_lbl00122   0x00ea94    program     static                          
          ___for_lbl00123   0x00ea9a    program     static                          
          ___for_lbl00124   0x00ea76    program     static                          
          ___for_lbl00125   0x00eaae    program     static                          
          ___for_lbl00126   0x00eab2    program     static                          
          ___for_lbl00127   0x00ea9a    program     static                          
           ___if_lbl00005   0x00e23e    program     static                          
           ___if_lbl00006   0x00e25c    program     static                          
           ___if_lbl00007   0x00e2f2    program     static                          
           ___if_lbl00008   0x00e2f8    program     static                          
           ___if_lbl00020   0x010896    program     static                          
           ___if_lbl00021   0x0108a2    program     static                          
           ___if_lbl00027   0x01096e    program     static                          
           ___if_lbl00030   0x0109e6    program     static                          
           ___if_lbl00032   0x009dca    program     static                          
           ___if_lbl00036   0x009e46    program     static                          
           ___if_lbl00037   0x009e50    program     static                          
           ___if_lbl00038   0x009e50    program     static                          
           ___if_lbl00040   0x009e7e    program     static                          
           ___if_lbl00041   0x009e9c    program     static                          
           ___if_lbl00042   0x009eb6    program     static                          
           ___if_lbl00044   0x009f14    program     static                          
           ___if_lbl00045   0x009f14    program     static                          
           ___if_lbl00047   0x009ff2    program     static                          
           ___if_lbl00048   0x009ff2    program     static                          
           ___if_lbl00050   0x00a068    program     static                          
           ___if_lbl00051   0x00a068    program     static                          
           ___if_lbl00053   0x00a068    program     static                          
           ___if_lbl00054   0x00a068    program     static                          
           ___if_lbl00056   0x00a068    program     static                          
           ___if_lbl00058   0x00a068    program     static                          
           ___if_lbl00063   0x00a0cc    program     static                          
           ___if_lbl00065   0x00a190    program     static                          
           ___if_lbl00070   0x00a220    program     static                          
           ___if_lbl00071   0x00a256    program     static                          
           ___if_lbl00073   0x00a256    program     static                          
           ___if_lbl00074   0x00a28e    program     static                          
           ___if_lbl00075   0x00a28e    program     static                          
           ___if_lbl00076   0x00a28e    program     static                          
           ___if_lbl00078   0x00a2b2    program     static                          
           ___if_lbl00079   0x00a2e4    program     static                          
           ___if_lbl00080   0x00a2f6    program     static                          
           ___if_lbl00122   0x00a5a0    program     static                          
           ___if_lbl00123   0x00a5a0    program     static                          
           ___if_lbl00131   0x00a672    program     static                          
           ___if_lbl00132   0x00a672    program     static                          
       ___return_lbl00000   0x013ca2    program     static                          
       ___return_lbl00000   0x0137d8    program     static                          
       ___return_lbl00000   0x013cce    program     static                          
       ___return_lbl00000   0x013d52    program     static                          
       ___return_lbl00000   0x013300    program     static                          
       ___return_lbl00000   0x00e342    program     static                          
       ___return_lbl00000   0x000004    program     static                          
       ___return_lbl00000   0x01070e    program     static                          
       ___return_lbl00001   0x013868    program     static                          
       ___return_lbl00001   0x013d36    program     static                          
       ___return_lbl00001   0x01396a    program     static                          
       ___return_lbl00002   0x013be8    program     static                          
       ___return_lbl00004   0x00001c    program     static                          
       ___return_lbl00005   0x0138aa    program     static                          
       ___return_lbl00005   0x00000c    program     static                          
       ___return_lbl00006   0x013922    program     static                          
       ___return_lbl00019   0x0133c8    program     static                          
       ___return_lbl00019   0x0109ee    program     static                          
       ___return_lbl00025   0x00a2f8    program     static                          
       ___return_lbl00079   0x010e72    program     static                          
       ___return_lbl00080   0x010eb6    program     static                          
       ___return_lbl00083   0x010f0c    program     static                          
       ___return_lbl00086   0x010f5a    program     static                          
       ___return_lbl00089   0x010fa8    program     static                          
       ___return_lbl00111   0x00a67e    program     static                          
       ___return_lbl00121   0x00eac4    program     static                          
        ___while_lbl00001   0x010620    program     static                          
        ___while_lbl00001   0x00e0d2    program     static                          
        ___while_lbl00002   0x00e2fa    program     static                          
        ___while_lbl00002   0x010626    program     static                          
        ___while_lbl00003   0x00e0da    program     static                          
        ___while_lbl00004   0x00e0de    program     static                          
        ___while_lbl00010   0x01391a    program     static                          
        ___while_lbl00011   0x01391e    program     static                          
        ___while_lbl00033   0x009dd0    program     static                          
        ___while_lbl00034   0x00a2f8    program     static                          
        ___while_lbl00067   0x00a1a6    program     static                          
        ___while_lbl00068   0x00a1e6    program     static                          
        ___while_lbl00081   0x010e82    program     static                          
        ___while_lbl00082   0x010eb6    program     static                          
        ___while_lbl00084   0x010ec6    program     static                          
        ___while_lbl00085   0x010f0c    program     static                          
        ___while_lbl00087   0x010f30    program     static                          
        ___while_lbl00088   0x010f36    program     static                          
        ___while_lbl00090   0x010fa2    program     static                          
        ___while_lbl00091   0x010fa8    program     static                          
        ___while_lbl00112   0x00a4e8    program     static                          
        ___while_lbl00113   0x00a5e6    program     static                          
        ___while_lbl00114   0x00a516    program     static                          
        ___while_lbl00115   0x00a580    program     static                          
        ___while_lbl00119   0x00a55a    program     static                          
        ___while_lbl00120   0x00a57e    program     static                          
        ___while_lbl00126   0x00a5c0    program     static                          
        ___while_lbl00127   0x00a5e4    program     static                          
               __config_0   0x01fff8    program     static E:\Working\VMS\Source\Keil\VMS Controller\ICON V1.1\Network\main.c
               __config_1   0x01fffa    program     static E:\Working\VMS\Source\Keil\VMS Controller\ICON V1.1\Network\main.c
               __config_2   0x01fffb    program     static E:\Working\VMS\Source\Keil\VMS Controller\ICON V1.1\Network\main.c
               __config_3   0x01fffd    program     static E:\Working\VMS\Source\Keil\VMS Controller\ICON V1.1\Network\main.c
                   __init   0x000006    program     extern C:\MCC18\src\traditional\stdclib\__init.c
                   __pa_0   0x009402    program     static E:\Working\VMS\Source\Keil\VMS Controller\ICON V1.1\Network\TCPIP Stack\HTTP2.c
                   __pa_0   0x00ce42    program     static E:\Working\VMS\Source\Keil\VMS Controller\ICON V1.1\Network\TCPIP Stack\BerkeleyAPI.c
                   __pa_0   0x00be7a    program     static E:\Working\VMS\Source\Keil\VMS Controller\ICON V1.1\Network\CustomHTTPApp.c
                   __pa_0   0x013228    program     static E:\Working\VMS\Source\Keil\VMS Controller\ICON V1.1\Network\BerkeleyTCPClient.c
                   __pa_0   0x0135f8    program     static E:\Working\VMS\Source\Keil\VMS Controller\ICON V1.1\Network\TCPIP Stack\StackTsk.c
                   __pa_0   0x010334    program     static E:\Working\VMS\Source\Keil\VMS Controller\ICON V1.1\Network\TCPIP Stack\UDP.c
                   __pa_0   0x00f632    program     static E:\Working\VMS\Source\Keil\VMS Controller\ICON V1.1\Network\TCPIP Stack\MPFS2.c
                   __pa_0   0x013a18    program     static E:\Working\VMS\Source\Keil\VMS Controller\ICON V1.1\Network\TCPIP Stack\Tick.c
                   __pa_0   0x013438    program     static E:\Working\VMS\Source\Keil\VMS Controller\ICON V1.1\Network\uart.c
                   __pa_0   0x0117c0    program     static E:\Working\VMS\Source\Keil\VMS Controller\ICON V1.1\Network\TCPIP Stack\DHCP.c
                   __pa_0   0x00dd54    program     static E:\Working\VMS\Source\Keil\VMS Controller\ICON V1.1\Network\gprs.c
                   __pa_0   0x006f44    program     static E:\Working\VMS\Source\Keil\VMS Controller\ICON V1.1\Network\TCPIP Stack\TCP.c
                   __pa_0   0x00ac3c    program     static E:\Working\VMS\Source\Keil\VMS Controller\ICON V1.1\Network\main.c
                   __pa_0   0x012d24    program     static E:\Working\VMS\Source\Keil\VMS Controller\ICON V1.1\Network\TCPIP Stack\IP.c
                   __pa_0   0x00eb60    program     static E:\Working\VMS\Source\Keil\VMS Controller\ICON V1.1\Network\TCPIP Stack\Helpers.c
                   __pa_0   0x010fd2    program     static E:\Working\VMS\Source\Keil\VMS Controller\ICON V1.1\Network\TCPIP Stack\ETH97J60.c
                   __pa_0   0x012a14    program     static E:\Working\VMS\Source\Keil\VMS Controller\ICON V1.1\Network\TCPIP Stack\ARP.c
                   __pa_1   0x00ac72    program     static E:\Working\VMS\Source\Keil\VMS Controller\ICON V1.1\Network\main.c
                   __pa_1   0x0117cc    program     static E:\Working\VMS\Source\Keil\VMS Controller\ICON V1.1\Network\TCPIP Stack\DHCP.c
                   __pa_1   0x00940c    program     static E:\Working\VMS\Source\Keil\VMS Controller\ICON V1.1\Network\TCPIP Stack\HTTP2.c
                   __pa_1   0x00f646    program     static E:\Working\VMS\Source\Keil\VMS Controller\ICON V1.1\Network\TCPIP Stack\MPFS2.c
                   __pa_1   0x006f6c    program     static E:\Working\VMS\Source\Keil\VMS Controller\ICON V1.1\Network\TCPIP Stack\TCP.c
                   __pa_1   0x012a22    program     static E:\Working\VMS\Source\Keil\VMS Controller\ICON V1.1\Network\TCPIP Stack\ARP.c
                   __pa_1   0x00eb7c    program     static E:\Working\VMS\Source\Keil\VMS Controller\ICON V1.1\Network\TCPIP Stack\Helpers.c
                   __pa_1   0x00be98    program     static E:\Working\VMS\Source\Keil\VMS Controller\ICON V1.1\Network\CustomHTTPApp.c
                   __pa_1   0x00ce62    program     static E:\Working\VMS\Source\Keil\VMS Controller\ICON V1.1\Network\TCPIP Stack\BerkeleyAPI.c
                   __pa_1   0x013608    program     static E:\Working\VMS\Source\Keil\VMS Controller\ICON V1.1\Network\TCPIP Stack\StackTsk.c
                   __pa_1   0x012d46    program     static E:\Working\VMS\Source\Keil\VMS Controller\ICON V1.1\Network\TCPIP Stack\IP.c
                   __pa_1   0x013a32    program     static E:\Working\VMS\Source\Keil\VMS Controller\ICON V1.1\Network\TCPIP Stack\Tick.c
                   __pa_1   0x01035c    program     static E:\Working\VMS\Source\Keil\VMS Controller\ICON V1.1\Network\TCPIP Stack\UDP.c
                   __pa_1   0x00dd6e    program     static E:\Working\VMS\Source\Keil\VMS Controller\ICON V1.1\Network\gprs.c
                   __pa_1   0x013254    program     static E:\Working\VMS\Source\Keil\VMS Controller\ICON V1.1\Network\BerkeleyTCPClient.c
                   __pa_1   0x010fee    program     static E:\Working\VMS\Source\Keil\VMS Controller\ICON V1.1\Network\TCPIP Stack\ETH97J60.c
                   __pa_1   0x013462    program     static E:\Working\VMS\Source\Keil\VMS Controller\ICON V1.1\Network\uart.c
                  __pa_10   0x00ada8    program     static E:\Working\VMS\Source\Keil\VMS Controller\ICON V1.1\Network\main.c
                  __pa_10   0x009512    program     static E:\Working\VMS\Source\Keil\VMS Controller\ICON V1.1\Network\TCPIP Stack\HTTP2.c
                  __pa_10   0x00708e    program     static E:\Working\VMS\Source\Keil\VMS Controller\ICON V1.1\Network\TCPIP Stack\TCP.c
                  __pa_10   0x00cee6    program     static E:\Working\VMS\Source\Keil\VMS Controller\ICON V1.1\Network\TCPIP Stack\BerkeleyAPI.c
                  __pa_10   0x00bf4e    program     static E:\Working\VMS\Source\Keil\VMS Controller\ICON V1.1\Network\CustomHTTPApp.c
                  __pa_10   0x0103e2    program     static E:\Working\VMS\Source\Keil\VMS Controller\ICON V1.1\Network\TCPIP Stack\UDP.c
                  __pa_10   0x00dde8    program     static E:\Working\VMS\Source\Keil\VMS Controller\ICON V1.1\Network\gprs.c
                  __pa_10   0x012aa0    program     static E:\Working\VMS\Source\Keil\VMS Controller\ICON V1.1\Network\TCPIP Stack\ARP.c
                  __pa_10   0x01105a    program     static E:\Working\VMS\Source\Keil\VMS Controller\ICON V1.1\Network\TCPIP Stack\ETH97J60.c
                  __pa_10   0x00ec3c    program     static E:\Working\VMS\Source\Keil\VMS Controller\ICON V1.1\Network\TCPIP Stack\Helpers.c
                  __pa_10   0x0118a6    program     static E:\Working\VMS\Source\Keil\VMS Controller\ICON V1.1\Network\TCPIP Stack\DHCP.c
                  __pa_10   0x00f710    program     static E:\Working\VMS\Source\Keil\VMS Controller\ICON V1.1\Network\TCPIP Stack\MPFS2.c
                 __pa_100   0x007654    program     static E:\Working\VMS\Source\Keil\VMS Controller\ICON V1.1\Network\TCPIP Stack\TCP.c
                 __pa_100   0x009986    program     static E:\Working\VMS\Source\Keil\VMS Controller\ICON V1.1\Network\TCPIP Stack\HTTP2.c
                 __pa_101   0x007664    program     static E:\Working\VMS\Source\Keil\VMS Controller\ICON V1.1\Network\TCPIP Stack\TCP.c
                 __pa_101   0x009990    program     static E:\Working\VMS\Source\Keil\VMS Controller\ICON V1.1\Network\TCPIP Stack\HTTP2.c
                 __pa_102   0x0099a0    program     static E:\Working\VMS\Source\Keil\VMS Controller\ICON V1.1\Network\TCPIP Stack\HTTP2.c
                 __pa_102   0x007670    program     static E:\Working\VMS\Source\Keil\VMS Controller\ICON V1.1\Network\TCPIP Stack\TCP.c
                 __pa_103   0x0099ae    program     static E:\Working\VMS\Source\Keil\VMS Controller\ICON V1.1\Network\TCPIP Stack\HTTP2.c
                 __pa_103   0x007680    program     static E:\Working\VMS\Source\Keil\VMS Controller\ICON V1.1\Network\TCPIP Stack\TCP.c
                 __pa_104   0x0099b8    program     static E:\Working\VMS\Source\Keil\VMS Controller\ICON V1.1\Network\TCPIP Stack\HTTP2.c
                 __pa_104   0x007696    program     static E:\Working\VMS\Source\Keil\VMS Controller\ICON V1.1\Network\TCPIP Stack\TCP.c
                 __pa_105   0x0099c4    program     static E:\Working\VMS\Source\Keil\VMS Controller\ICON V1.1\Network\TCPIP Stack\HTTP2.c
                 __pa_105   0x0076ac    program     static E:\Working\VMS\Source\Keil\VMS Controller\ICON V1.1\Network\TCPIP Stack\TCP.c
                 __pa_106   0x0076c2    program     static E:\Working\VMS\Source\Keil\VMS Controller\ICON V1.1\Network\TCPIP Stack\TCP.c
                 __pa_106   0x0099d0    program     static E:\Working\VMS\Source\Keil\VMS Controller\ICON V1.1\Network\TCPIP Stack\HTTP2.c
                 __pa_107   0x0099de    program     static E:\Working\VMS\Source\Keil\VMS Controller\ICON V1.1\Network\TCPIP Stack\HTTP2.c
                 __pa_107   0x0076d4    program     static E:\Working\VMS\Source\Keil\VMS Controller\ICON V1.1\Network\TCPIP Stack\TCP.c
                 __pa_108   0x0076e2    program     static E:\Working\VMS\Source\Keil\VMS Controller\ICON V1.1\Network\TCPIP Stack\TCP.c
                 __pa_108   0x0099e6    program     static E:\Working\VMS\Source\Keil\VMS Controller\ICON V1.1\Network\TCPIP Stack\HTTP2.c
                 __pa_109   0x0099ee    program     static E:\Working\VMS\Source\Keil\VMS Controller\ICON V1.1\Network\TCPIP Stack\HTTP2.c
                 __pa_109   0x0076f0    program     static E:\Working\VMS\Source\Keil\VMS Controller\ICON V1.1\Network\TCPIP Stack\TCP.c
                  __pa_11   0x011066    program     static E:\Working\VMS\Source\Keil\VMS Controller\ICON V1.1\Network\TCPIP Stack\ETH97J60.c
                  __pa_11   0x00ddf6    program     static E:\Working\VMS\Source\Keil\VMS Controller\ICON V1.1\Network\gprs.c
                  __pa_11   0x00f724    program     static E:\Working\VMS\Source\Keil\VMS Controller\ICON V1.1\Network\TCPIP Stack\MPFS2.c
                  __pa_11   0x0103f0    program     static E:\Working\VMS\Source\Keil\VMS Controller\ICON V1.1\Network\TCPIP Stack\UDP.c
                  __pa_11   0x00bf5a    program     static E:\Working\VMS\Source\Keil\VMS Controller\ICON V1.1\Network\CustomHTTPApp.c
                  __pa_11   0x00ceee    program     static E:\Working\VMS\Source\Keil\VMS Controller\ICON V1.1\Network\TCPIP Stack\BerkeleyAPI.c
                  __pa_11   0x007096    program     static E:\Working\VMS\Source\Keil\VMS Controller\ICON V1.1\Network\TCPIP Stack\TCP.c
                  __pa_11   0x0118ac    program     static E:\Working\VMS\Source\Keil\VMS Controller\ICON V1.1\Network\TCPIP Stack\DHCP.c
                  __pa_11   0x00951c    program     static E:\Working\VMS\Source\Keil\VMS Controller\ICON V1.1\Network\TCPIP Stack\HTTP2.c
                  __pa_11   0x00ec56    program     static E:\Working\VMS\Source\Keil\VMS Controller\ICON V1.1\Network\TCPIP Stack\Helpers.c
                  __pa_11   0x00add4    program     static E:\Working\VMS\Source\Keil\VMS Controller\ICON V1.1\Network\main.c
                 __pa_110   0x0076f8    program     static E:\Working\VMS\Source\Keil\VMS Controller\ICON V1.1\Network\TCPIP Stack\TCP.c
                 __pa_110   0x0099f8    program     static E:\Working\VMS\Source\Keil\VMS Controller\ICON V1.1\Network\TCPIP Stack\HTTP2.c
                 __pa_111   0x007700    program     static E:\Working\VMS\Source\Keil\VMS Controller\ICON V1.1\Network\TCPIP Stack\TCP.c
                 __pa_111   0x009a02    program     static E:\Working\VMS\Source\Keil\VMS Controller\ICON V1.1\Network\TCPIP Stack\HTTP2.c
                 __pa_112   0x00770e    program     static E:\Working\VMS\Source\Keil\VMS Controller\ICON V1.1\Network\TCPIP Stack\TCP.c
                 __pa_112   0x009a0c    program     static E:\Working\VMS\Source\Keil\VMS Controller\ICON V1.1\Network\TCPIP Stack\HTTP2.c
                 __pa_113   0x00771c    program     static E:\Working\VMS\Source\Keil\VMS Controller\ICON V1.1\Network\TCPIP Stack\TCP.c
                 __pa_113   0x009a14    program     static E:\Working\VMS\Source\Keil\VMS Controller\ICON V1.1\Network\TCPIP Stack\HTTP2.c
                 __pa_114   0x00772a    program     static E:\Working\VMS\Source\Keil\VMS Controller\ICON V1.1\Network\TCPIP Stack\TCP.c
                 __pa_114   0x009a1c    program     static E:\Working\VMS\Source\Keil\VMS Controller\ICON V1.1\Network\TCPIP Stack\HTTP2.c
                 __pa_115   0x009a22    program     static E:\Working\VMS\Source\Keil\VMS Controller\ICON V1.1\Network\TCPIP Stack\HTTP2.c
                 __pa_115   0x007738    program     static E:\Working\VMS\Source\Keil\VMS Controller\ICON V1.1\Network\TCPIP Stack\TCP.c
                 __pa_116   0x009a3c    program     static E:\Working\VMS\Source\Keil\VMS Controller\ICON V1.1\Network\TCPIP Stack\HTTP2.c
                 __pa_116   0x007746    program     static E:\Working\VMS\Source\Keil\VMS Controller\ICON V1.1\Network\TCPIP Stack\TCP.c
                 __pa_117   0x009a46    program     static E:\Working\VMS\Source\Keil\VMS Controller\ICON V1.1\Network\TCPIP Stack\HTTP2.c
                 __pa_117   0x007754    program     static E:\Working\VMS\Source\Keil\VMS Controller\ICON V1.1\Network\TCPIP Stack\TCP.c
                 __pa_118   0x009a54    program     static E:\Working\VMS\Source\Keil\VMS Controller\ICON V1.1\Network\TCPIP Stack\HTTP2.c
[...]
                 DDRCbits   0x000f94       data     extern C:\MCC18\src\traditional\proc\p18F97J60.asm
                TRISDbits   0x000f95       data     extern C:\MCC18\src\traditional\proc\p18F97J60.asm
                    TRISD   0x000f95       data     extern C:\MCC18\src\traditional\proc\p18F97J60.asm
                     DDRD   0x000f95       data     extern C:\MCC18\src\traditional\proc\p18F97J60.asm
                 DDRDbits   0x000f95       data     extern C:\MCC18\src\traditional\proc\p18F97J60.asm
                     DDRE   0x000f96       data     extern C:\MCC18\src\traditional\proc\p18F97J60.asm
                 DDREbits   0x000f96       data     extern C:\MCC18\src\traditional\proc\p18F97J60.asm
                    TRISE   0x000f96       data     extern C:\MCC18\src\traditional\proc\p18F97J60.asm
                TRISEbits   0x000f96       data     extern C:\MCC18\src\traditional\proc\p18F97J60.asm
                     DDRF   0x000f97       data     extern C:\MCC18\src\traditional\proc\p18F97J60.asm
                 DDRFbits   0x000f97       data     extern C:\MCC18\src\traditional\proc\p18F97J60.asm
                    TRISF   0x000f97       data     extern C:\MCC18\src\traditional\proc\p18F97J60.asm
                TRISFbits   0x000f97       data     extern C:\MCC18\src\traditional\proc\p18F97J60.asm
                 DDRGbits   0x000f98       data     extern C:\MCC18\src\traditional\proc\p18F97J60.asm
                     DDRG   0x000f98       data     extern C:\MCC18\src\traditional\proc\p18F97J60.asm
                    TRISG   0x000f98       data     extern C:\MCC18\src\traditional\proc\p18F97J60.asm
                TRISGbits   0x000f98       data     extern C:\MCC18\src\traditional\proc\p18F97J60.asm
                    TRISH   0x000f99       data     extern C:\MCC18\src\traditional\proc\p18F97J60.asm
                TRISHbits   0x000f99       data     extern C:\MCC18\src\traditional\proc\p18F97J60.asm
                 DDRHbits   0x000f99       data     extern C:\MCC18\src\traditional\proc\p18F97J60.asm
                     DDRH   0x000f99       data     extern C:\MCC18\src\traditional\proc\p18F97J60.asm
                 DDRJbits   0x000f9a       data     extern C:\MCC18\src\traditional\proc\p18F97J60.asm
                     DDRJ   0x000f9a       data     extern C:\MCC18\src\traditional\proc\p18F97J60.asm
                TRISJbits   0x000f9a       data     extern C:\MCC18\src\traditional\proc\p18F97J60.asm
                    TRISJ   0x000f9a       data     extern C:\MCC18\src\traditional\proc\p18F97J60.asm
              OSCTUNEbits   0x000f9b       data     extern C:\MCC18\src\traditional\proc\p18F97J60.asm
                  OSCTUNE   0x000f9b       data     extern C:\MCC18\src\traditional\proc\p18F97J60.asm
               MEMCONbits   0x000f9c       data     extern C:\MCC18\src\traditional\proc\p18F97J60.asm
                   MEMCON   0x000f9c       data     extern C:\MCC18\src\traditional\proc\p18F97J60.asm
                 PIE1bits   0x000f9d       data     extern C:\MCC18\src\traditional\proc\p18F97J60.asm
                     PIE1   0x000f9d       data     extern C:\MCC18\src\traditional\proc\p18F97J60.asm
                 PIR1bits   0x000f9e       data     extern C:\MCC18\src\traditional\proc\p18F97J60.asm
                     PIR1   0x000f9e       data     extern C:\MCC18\src\traditional\proc\p18F97J60.asm
                     IPR1   0x000f9f       data     extern C:\MCC18\src\traditional\proc\p18F97J60.asm
                 IPR1bits   0x000f9f       data     extern C:\MCC18\src\traditional\proc\p18F97J60.asm
                 PIE2bits   0x000fa0       data     extern C:\MCC18\src\traditional\proc\p18F97J60.asm
                     PIE2   0x000fa0       data     extern C:\MCC18\src\traditional\proc\p18F97J60.asm
                 PIR2bits   0x000fa1       data     extern C:\MCC18\src\traditional\proc\p18F97J60.asm
                     PIR2   0x000fa1       data     extern C:\MCC18\src\traditional\proc\p18F97J60.asm
                 IPR2bits   0x000fa2       data     extern C:\MCC18\src\traditional\proc\p18F97J60.asm
                     IPR2   0x000fa2       data     extern C:\MCC18\src\traditional\proc\p18F97J60.asm
                 PIE3bits   0x000fa3       data     extern C:\MCC18\src\traditional\proc\p18F97J60.asm
                     PIE3   0x000fa3       data     extern C:\MCC18\src\traditional\proc\p18F97J60.asm
                 PIR3bits   0x000fa4       data     extern C:\MCC18\src\traditional\proc\p18F97J60.asm
                     PIR3   0x000fa4       data     extern C:\MCC18\src\traditional\proc\p18F97J60.asm
                 IPR3bits   0x000fa5       data     extern C:\MCC18\src\traditional\proc\p18F97J60.asm
                     IPR3   0x000fa5       data     extern C:\MCC18\src\traditional\proc\p18F97J60.asm
                   EECON1   0x000fa6       data     extern C:\MCC18\src\traditional\proc\p18F97J60.asm
               EECON1bits   0x000fa6       data     extern C:\MCC18\src\traditional\proc\p18F97J60.asm
                   EECON2   0x000fa7       data     extern C:\MCC18\src\traditional\proc\p18F97J60.asm
                    RCSTA   0x000fab       data     extern C:\MCC18\src\traditional\proc\p18F97J60.asm
                   RCSTA1   0x000fab       data     extern C:\MCC18\src\traditional\proc\p18F97J60.asm
               RCSTA1bits   0x000fab       data     extern C:\MCC18\src\traditional\proc\p18F97J60.asm
                RCSTAbits   0x000fab       data     extern C:\MCC18\src\traditional\proc\p18F97J60.asm
               TXSTA1bits   0x000fac       data     extern C:\MCC18\src\traditional\proc\p18F97J60.asm
                   TXSTA1   0x000fac       data     extern C:\MCC18\src\traditional\proc\p18F97J60.asm
                    TXSTA   0x000fac       data     extern C:\MCC18\src\traditional\proc\p18F97J60.asm
                TXSTAbits   0x000fac       data     extern C:\MCC18\src\traditional\proc\p18F97J60.asm
                   TXREG1   0x000fad       data     extern C:\MCC18\src\traditional\proc\p18F97J60.asm
                    TXREG   0x000fad       data     extern C:\MCC18\src\traditional\proc\p18F97J60.asm
                   RCREG1   0x000fae       data     extern C:\MCC18\src\traditional\proc\p18F97J60.asm
                    RCREG   0x000fae       data     extern C:\MCC18\src\traditional\proc\p18F97J60.asm
                   SPBRG1   0x000faf       data     extern C:\MCC18\src\traditional\proc\p18F97J60.asm
                    SPBRG   0x000faf       data     extern C:\MCC18\src\traditional\proc\p18F97J60.asm
               PSPCONbits   0x000fb0       data     extern C:\MCC18\src\traditional\proc\p18F97J60.asm
                   PSPCON   0x000fb0       data     extern C:\MCC18\src\traditional\proc\p18F97J60.asm
                    T3CON   0x000fb1       data     extern C:\MCC18\src\traditional\proc\p18F97J60.asm
                T3CONbits   0x000fb1       data     extern C:\MCC18\src\traditional\proc\p18F97J60.asm
                    TMR3L   0x000fb2       data     extern C:\MCC18\src\traditional\proc\p18F97J60.asm
                    TMR3H   0x000fb3       data     extern C:\MCC18\src\traditional\proc\p18F97J60.asm
                CMCONbits   0x000fb4       data     extern C:\MCC18\src\traditional\proc\p18F97J60.asm
                    CMCON   0x000fb4       data     extern C:\MCC18\src\traditional\proc\p18F97J60.asm
               CVRCONbits   0x000fb5       data     extern C:\MCC18\src\traditional\proc\p18F97J60.asm
                   CVRCON   0x000fb5       data     extern C:\MCC18\src\traditional\proc\p18F97J60.asm
              ECCP1ASbits   0x000fb6       data     extern C:\MCC18\src\traditional\proc\p18F97J60.asm
                  ECCP1AS   0x000fb6       data     extern C:\MCC18\src\traditional\proc\p18F97J60.asm
             ECCP3CONbits   0x000fb7       data     extern C:\MCC18\src\traditional\proc\p18F97J60.asm
                 ECCP3CON   0x000fb7       data     extern C:\MCC18\src\traditional\proc\p18F97J60.asm
                  CCP3CON   0x000fb7       data     extern C:\MCC18\src\traditional\proc\p18F97J60.asm
              CCP3CONbits   0x000fb7       data     extern C:\MCC18\src\traditional\proc\p18F97J60.asm
                   CCPR3L   0x000fb8       data     extern C:\MCC18\src\traditional\proc\p18F97J60.asm
                    CCPR3   0x000fb8       data     extern C:\MCC18\src\traditional\proc\p18F97J60.asm
                   CCPR3H   0x000fb9       data     extern C:\MCC18\src\traditional\proc\p18F97J60.asm
                  CCP2CON   0x000fba       data     extern C:\MCC18\src\traditional\proc\p18F97J60.asm
              CCP2CONbits   0x000fba       data     extern C:\MCC18\src\traditional\proc\p18F97J60.asm
             ECCP2CONbits   0x000fba       data     extern C:\MCC18\src\traditional\proc\p18F97J60.asm
                 ECCP2CON   0x000fba       data     extern C:\MCC18\src\traditional\proc\p18F97J60.asm
                   CCPR2L   0x000fbb       data     extern C:\MCC18\src\traditional\proc\p18F97J60.asm
                    CCPR2   0x000fbb       data     extern C:\MCC18\src\traditional\proc\p18F97J60.asm
                   CCPR2H   0x000fbc       data     extern C:\MCC18\src\traditional\proc\p18F97J60.asm
                 ECCP1CON   0x000fbd       data     extern C:\MCC18\src\traditional\proc\p18F97J60.asm
             ECCP1CONbits   0x000fbd       data     extern C:\MCC18\src\traditional\proc\p18F97J60.asm
              CCP1CONbits   0x000fbd       data     extern C:\MCC18\src\traditional\proc\p18F97J60.asm
                  CCP1CON   0x000fbd       data     extern C:\MCC18\src\traditional\proc\p18F97J60.asm
                    CCPR1   0x000fbe       data     extern C:\MCC18\src\traditional\proc\p18F97J60.asm
                   CCPR1L   0x000fbe       data     extern C:\MCC18\src\traditional\proc\p18F97J60.asm
                   CCPR1H   0x000fbf       data     extern C:\MCC18\src\traditional\proc\p18F97J60.asm
                   ADCON2   0x000fc0       data     extern C:\MCC18\src\traditional\proc\p18F97J60.asm
               ADCON2bits   0x000fc0       data     extern C:\MCC18\src\traditional\proc\p18F97J60.asm
                   ADCON1   0x000fc1       data     extern C:\MCC18\src\traditional\proc\p18F97J60.asm
               ADCON1bits   0x000fc1       data     extern C:\MCC18\src\traditional\proc\p18F97J60.asm
                   ADCON0   0x000fc2       data     extern C:\MCC18\src\traditional\proc\p18F97J60.asm
               ADCON0bits   0x000fc2       data     extern C:\MCC18\src\traditional\proc\p18F97J60.asm
                    ADRES   0x000fc3       data     extern C:\MCC18\src\traditional\proc\p18F97J60.asm
                   ADRESL   0x000fc3       data     extern C:\MCC18\src\traditional\proc\p18F97J60.asm
                   ADRESH   0x000fc4       data     extern C:\MCC18\src\traditional\proc\p18F97J60.asm
              SSPCON2bits   0x000fc5       data     extern C:\MCC18\src\traditional\proc\p18F97J60.asm
                  SSPCON2   0x000fc5       data     extern C:\MCC18\src\traditional\proc\p18F97J60.asm
             SSP1CON2bits   0x000fc5       data     extern C:\MCC18\src\traditional\proc\p18F97J60.asm
                 SSP1CON2   0x000fc5       data     extern C:\MCC18\src\traditional\proc\p18F97J60.asm
                 SSP1CON1   0x000fc6       data     extern C:\MCC18\src\traditional\proc\p18F97J60.asm
                  SSPCON1   0x000fc6       data     extern C:\MCC18\src\traditional\proc\p18F97J60.asm
              SSPCON1bits   0x000fc6       data     extern C:\MCC18\src\traditional\proc\p18F97J60.asm
             SSP1CON1bits   0x000fc6       data     extern C:\MCC18\src\traditional\proc\p18F97J60.asm
                 SSP1STAT   0x000fc7       data     extern C:\MCC18\src\traditional\proc\p18F97J60.asm
             SSP1STATbits   0x000fc7       data     extern C:\MCC18\src\traditional\proc\p18F97J60.asm
                  SSPSTAT   0x000fc7       data     extern C:\MCC18\src\traditional\proc\p18F97J60.asm
              SSPSTATbits   0x000fc7       data     extern C:\MCC18\src\traditional\proc\p18F97J60.asm
                  SSP1ADD   0x000fc8       data     extern C:\MCC18\src\traditional\proc\p18F97J60.asm
                   SSPADD   0x000fc8       data     extern C:\MCC18\src\traditional\proc\p18F97J60.asm
                   SSPBUF   0x000fc9       data     extern C:\MCC18\src\traditional\proc\p18F97J60.asm
                  SSP1BUF   0x000fc9       data     extern C:\MCC18\src\traditional\proc\p18F97J60.asm
                    T2CON   0x000fca       data     extern C:\MCC18\src\traditional\proc\p18F97J60.asm
                T2CONbits   0x000fca       data     extern C:\MCC18\src\traditional\proc\p18F97J60.asm
                      PR2   0x000fcb       data     extern C:\MCC18\src\traditional\proc\p18F97J60.asm
                     TMR2   0x000fcc       data     extern C:\MCC18\src\traditional\proc\p18F97J60.asm
                T1CONbits   0x000fcd       data     extern C:\MCC18\src\traditional\proc\p18F97J60.asm
                    T1CON   0x000fcd       data     extern C:\MCC18\src\traditional\proc\p18F97J60.asm
                    TMR1L   0x000fce       data     extern C:\MCC18\src\traditional\proc\p18F97J60.asm
                    TMR1H   0x000fcf       data     extern C:\MCC18\src\traditional\proc\p18F97J60.asm
                 RCONbits   0x000fd0       data     extern C:\MCC18\src\traditional\proc\p18F97J60.asm
                     RCON   0x000fd0       data     extern C:\MCC18\src\traditional\proc\p18F97J60.asm
                   WDTCON   0x000fd1       data     extern C:\MCC18\src\traditional\proc\p18F97J60.asm
               WDTCONbits   0x000fd1       data     extern C:\MCC18\src\traditional\proc\p18F97J60.asm
                    ECON1   0x000fd2       data     extern C:\MCC18\src\traditional\proc\p18F97J60.asm
                ECON1bits   0x000fd2       data     extern C:\MCC18\src\traditional\proc\p18F97J60.asm
               OSCCONbits   0x000fd3       data     extern C:\MCC18\src\traditional\proc\p18F97J60.asm
                   OSCCON   0x000fd3       data     extern C:\MCC18\src\traditional\proc\p18F97J60.asm
                T0CONbits   0x000fd5       data     extern C:\MCC18\src\traditional\proc\p18F97J60.asm
                    T0CON   0x000fd5       data     extern C:\MCC18\src\traditional\proc\p18F97J60.asm
                    TMR0L   0x000fd6       data     extern C:\MCC18\src\traditional\proc\p18F97J60.asm
                    TMR0H   0x000fd7       data     extern C:\MCC18\src\traditional\proc\p18F97J60.asm
               STATUSbits   0x000fd8       data     extern C:\MCC18\src\traditional\proc\p18F97J60.asm
                   STATUS   0x000fd8       data     extern C:\MCC18\src\traditional\proc\p18F97J60.asm
                    FSR2L   0x000fd9       data     extern C:\MCC18\src\traditional\proc\p18F97J60.asm
                     FSR2   0x000fd9       data     extern C:\MCC18\src\traditional\proc\p18F97J60.asm
                    FSR2H   0x000fda       data     extern C:\MCC18\src\traditional\proc\p18F97J60.asm
                   PLUSW2   0x000fdb       data     extern C:\MCC18\src\traditional\proc\p18F97J60.asm
                  PREINC2   0x000fdc       data     extern C:\MCC18\src\traditional\proc\p18F97J60.asm
                 POSTDEC2   0x000fdd       data     extern C:\MCC18\src\traditional\proc\p18F97J60.asm
                 POSTINC2   0x000fde       data     extern C:\MCC18\src\traditional\proc\p18F97J60.asm
                    INDF2   0x000fdf       data     extern C:\MCC18\src\traditional\proc\p18F97J60.asm
                      BSR   0x000fe0       data     extern C:\MCC18\src\traditional\proc\p18F97J60.asm
                    FSR1L   0x000fe1       data     extern C:\MCC18\src\traditional\proc\p18F97J60.asm
                     FSR1   0x000fe1       data     extern C:\MCC18\src\traditional\proc\p18F97J60.asm
                    FSR1H   0x000fe2       data     extern C:\MCC18\src\traditional\proc\p18F97J60.asm
                   PLUSW1   0x000fe3       data     extern C:\MCC18\src\traditional\proc\p18F97J60.asm
                  PREINC1   0x000fe4       data     extern C:\MCC18\src\traditional\proc\p18F97J60.asm
                 POSTDEC1   0x000fe5       data     extern C:\MCC18\src\traditional\proc\p18F97J60.asm
                 POSTINC1   0x000fe6       data     extern C:\MCC18\src\traditional\proc\p18F97J60.asm
                    INDF1   0x000fe7       data     extern C:\MCC18\src\traditional\proc\p18F97J60.asm
                     WREG   0x000fe8       data     extern C:\MCC18\src\traditional\proc\p18F97J60.asm
                    FSR0L   0x000fe9       data     extern C:\MCC18\src\traditional\proc\p18F97J60.asm
                     FSR0   0x000fe9       data     extern C:\MCC18\src\traditional\proc\p18F97J60.asm
                    FSR0H   0x000fea       data     extern C:\MCC18\src\traditional\proc\p18F97J60.asm
                   PLUSW0   0x000feb       data     extern C:\MCC18\src\traditional\proc\p18F97J60.asm
                  PREINC0   0x000fec       data     extern C:\MCC18\src\traditional\proc\p18F97J60.asm
                 POSTDEC0   0x000fed       data     extern C:\MCC18\src\traditional\proc\p18F97J60.asm
                 POSTINC0   0x000fee       data     extern C:\MCC18\src\traditional\proc\p18F97J60.asm
                    INDF0   0x000fef       data     extern C:\MCC18\src\traditional\proc\p18F97J60.asm
                  INTCON3   0x000ff0       data     extern C:\MCC18\src\traditional\proc\p18F97J60.asm
              INTCON3bits   0x000ff0       data     extern C:\MCC18\src\traditional\proc\p18F97J60.asm
              INTCON2bits   0x000ff1       data     extern C:\MCC18\src\traditional\proc\p18F97J60.asm
                  INTCON2   0x000ff1       data     extern C:\MCC18\src\traditional\proc\p18F97J60.asm
                   INTCON   0x000ff2       data     extern C:\MCC18\src\traditional\proc\p18F97J60.asm
               INTCONbits   0x000ff2       data     extern C:\MCC18\src\traditional\proc\p18F97J60.asm
                     PROD   0x000ff3       data     extern C:\MCC18\src\traditional\proc\p18F97J60.asm
                    PRODL   0x000ff3       data     extern C:\MCC18\src\traditional\proc\p18F97J60.asm
                    PRODH   0x000ff4       data     extern C:\MCC18\src\traditional\proc\p18F97J60.asm
                   TABLAT   0x000ff5       data     extern C:\MCC18\src\traditional\proc\p18F97J60.asm
                   TBLPTR   0x000ff6       data     extern C:\MCC18\src\traditional\proc\p18F97J60.asm
                  TBLPTRL   0x000ff6       data     extern C:\MCC18\src\traditional\proc\p18F97J60.asm
                  TBLPTRH   0x000ff7       data     extern C:\MCC18\src\traditional\proc\p18F97J60.asm
                  TBLPTRU   0x000ff8       data     extern C:\MCC18\src\traditional\proc\p18F97J60.asm
                       PC   0x000ff9       data     extern C:\MCC18\src\traditional\proc\p18F97J60.asm
                      PCL   0x000ff9       data     extern C:\MCC18\src\traditional\proc\p18F97J60.asm
                   PCLATH   0x000ffa       data     extern C:\MCC18\src\traditional\proc\p18F97J60.asm
                   PCLATU   0x000ffb       data     extern C:\MCC18\src\traditional\proc\p18F97J60.asm
                   STKPTR   0x000ffc       data     extern C:\MCC18\src\traditional\proc\p18F97J60.asm
               STKPTRbits   0x000ffc       data     extern C:\MCC18\src\traditional\proc\p18F97J60.asm
                     TOSL   0x000ffd       data     extern C:\MCC18\src\traditional\proc\p18F97J60.asm
                      TOS   0x000ffd       data     extern C:\MCC18\src\traditional\proc\p18F97J60.asm
                     TOSH   0x000ffe       data     extern C:\MCC18\src\traditional\proc\p18F97J60.asm
                     TOSU   0x000fff       data     extern C:\MCC18\src\traditional\proc\p18F97J60.asm


