Product: MDK-ARM Standard 5.10
Component: ARM Compiler 5.04 update 1 (build 49)
Tool: armlink [5040049]

==============================================================================

Section Cross References

    startup_stm32f10x_hd.o(STACK) refers (Special) to heapauxi.o(.text) for __use_two_region_memory
    startup_stm32f10x_hd.o(HEAP) refers (Special) to heapauxi.o(.text) for __use_two_region_memory
    startup_stm32f10x_hd.o(RESET) refers (Special) to heapauxi.o(.text) for __use_two_region_memory
    startup_stm32f10x_hd.o(RESET) refers to startup_stm32f10x_hd.o(STACK) for __initial_sp
    startup_stm32f10x_hd.o(RESET) refers to startup_stm32f10x_hd.o(.text) for Reset_Handler
    startup_stm32f10x_hd.o(RESET) refers to stm32f10x_it.o(.text) for NMI_Handler
    startup_stm32f10x_hd.o(.text) refers (Special) to heapauxi.o(.text) for __use_two_region_memory
    startup_stm32f10x_hd.o(.text) refers to system_stm32f10x.o(.text) for SystemInit
    startup_stm32f10x_hd.o(.text) refers to __main.o(!!!main) for __main
    startup_stm32f10x_hd.o(.text) refers to startup_stm32f10x_hd.o(HEAP) for Heap_Mem
    startup_stm32f10x_hd.o(.text) refers to startup_stm32f10x_hd.o(STACK) for Stack_Mem
    system_stm32f10x.o(.text) refers to system_stm32f10x.o(.data) for SystemCoreClock
    stm32f10x_usart.o(.text) refers to stm32f10x_rcc.o(.text) for RCC_APB2PeriphResetCmd
    stm32f10x_rcc.o(.text) refers to stm32f10x_rcc.o(.data) for APBAHBPrescTable
    stm32f10x_gpio.o(.text) refers to stm32f10x_rcc.o(.text) for RCC_APB2PeriphResetCmd
    stm32f10x_adc.o(.text) refers to stm32f10x_rcc.o(.text) for RCC_APB2PeriphResetCmd
    stm32f10x_spi.o(.text) refers to stm32f10x_rcc.o(.text) for RCC_APB2PeriphResetCmd
    stm32f10x_i2c.o(.text) refers to stm32f10x_rcc.o(.text) for RCC_APB1PeriphResetCmd
    stm32f10x_tim.o(.text) refers to stm32f10x_rcc.o(.text) for RCC_APB2PeriphResetCmd
    main.o(.text) refers to stm32f10x_usart.o(.text) for USART_GetFlagStatus
    main.o(.text) refers to ff.o(.text) for f_open
    main.o(.text) refers to rt_memclr_w.o(.text) for __aeabi_memclr4
    main.o(.text) refers to pagemng.o(.text) for convert_name
    main.o(.text) refers to c_func.o(.text) for m_malloc
    main.o(.text) refers to rt_memclr.o(.text) for __aeabi_memclr
    main.o(.text) refers to main.o(.bss) for Fil_1
    main.o(.text) refers to main.o(.data) for brightness
    main.o(.text) refers to stm32f10x_it.o(.data) for fSlaveRes
    main.o(.text) refers to main.o(.conststring) for .conststring
    main.o(.text) refers to stm32f10x_iwdg.o(.text) for IWDG_ReloadCounter
    main.o(.text) refers to rt_memcpy_v6.o(.text) for __aeabi_memcpy
    main.o(.text) refers to stm32f10x_gpio.o(.text) for GPIO_WriteBit
    main.o(.text) refers to diskio.o(.text) for disk_initialize
    main.o(.text) refers to hardwareconfig.o(.text) for RCC_Configuration
    main.o(.text) refers to stm32_ds1307.o(.text) for I2C_config
    main.o(.text) refers to stm32f10x_rcc.o(.text) for RCC_LSICmd
    main.o(.text) refers to stm32f10x_adc.o(.text) for ADC_GetConversionValue
    main.o(.text) refers to ds18b20.o(.text) for Read_Temperature
    main.o(.text) refers to stm32f10x_flash.o(.text) for FLASH_UnlockBank1
    main.o(.text) refers to strcpy.o(.text) for strcpy
    main.o(.text) refers to strcat.o(.text) for strcat
    main.o(.text) refers to strstr.o(.text) for strstr
    main.o(.text) refers to lludivv7m.o(.text) for __aeabi_uldivmod
    stm32f10x_it.o(.text) refers to aes128.o(.text) for AES_keyschedule_dec
    stm32f10x_it.o(.text) refers to rt_memcpy_w.o(.text) for __aeabi_memcpy4
    stm32f10x_it.o(.text) refers to rt_memcpy_v6.o(.text) for __aeabi_memcpy
    stm32f10x_it.o(.text) refers to main.o(.text) for createLog
    stm32f10x_it.o(.text) refers to stm32f10x_usart.o(.text) for USART_GetFlagStatus
    stm32f10x_it.o(.text) refers to stm32f10x_exti.o(.text) for EXTI_GetFlagStatus
    stm32f10x_it.o(.text) refers to stm32f10x_gpio.o(.text) for GPIO_Init
    stm32f10x_it.o(.text) refers to stm32f10x_adc.o(.text) for ADC_GetConversionValue
    stm32f10x_it.o(.text) refers to stm32_ds1307.o(.text) for DS1307_GetTime
    stm32f10x_it.o(.text) refers to main.o(.data) for TimingDelay
    stm32f10x_it.o(.text) refers to stm32f10x_it.o(.bss) for exp_key
    stm32f10x_it.o(.text) refers to stm32f10x_it.o(.data) for uart_timeout
    stm32f10x_it.o(.text) refers to main.o(.bss) for rcvData
    stm32f10x_it.o(.text) refers to ds18b20.o(.text) for Read_Temperature
    stm32f10x_it.o(.text) refers to stm32f10x_tim.o(.text) for TIM_ClearFlag
    stm32f10x_it.o(.text) refers to strstr.o(.text) for strstr
    hardwareconfig.o(.text) refers to stm32f10x_rcc.o(.text) for RCC_APB2PeriphClockCmd
    hardwareconfig.o(.text) refers to stm32f10x_tim.o(.text) for TIM_TimeBaseInit
    hardwareconfig.o(.text) refers to stm32f10x_gpio.o(.text) for GPIO_Init
    hardwareconfig.o(.text) refers to stm32f10x_exti.o(.text) for EXTI_StructInit
[...]
    USART3_IRQHandler                        0x080082e3   Thumb Code     0  startup_stm32f10x_hd.o(.text)
    USBWakeUp_IRQHandler                     0x080082e3   Thumb Code     0  startup_stm32f10x_hd.o(.text)
    USB_HP_CAN1_TX_IRQHandler                0x080082e3   Thumb Code     0  startup_stm32f10x_hd.o(.text)
    USB_LP_CAN1_RX0_IRQHandler               0x080082e3   Thumb Code     0  startup_stm32f10x_hd.o(.text)
    WWDG_IRQHandler                          0x080082e3   Thumb Code     0  startup_stm32f10x_hd.o(.text)
    __user_initial_stackheap                 0x080082e5   Thumb Code     0  startup_stm32f10x_hd.o(.text)
    SystemInit                               0x080083e7   Thumb Code    76  system_stm32f10x.o(.text)
    SystemCoreClockUpdate                    0x08008433   Thumb Code   142  system_stm32f10x.o(.text)
    USART_DeInit                             0x080084e9   Thumb Code   134  stm32f10x_usart.o(.text)
    USART_Init                               0x0800856f   Thumb Code   210  stm32f10x_usart.o(.text)
    USART_StructInit                         0x08008641   Thumb Code    24  stm32f10x_usart.o(.text)
    USART_ClockInit                          0x08008659   Thumb Code    34  stm32f10x_usart.o(.text)
    USART_ClockStructInit                    0x0800867b   Thumb Code    12  stm32f10x_usart.o(.text)
    USART_Cmd                                0x08008687   Thumb Code    24  stm32f10x_usart.o(.text)
    USART_ITConfig                           0x0800869f   Thumb Code    74  stm32f10x_usart.o(.text)
    USART_DMACmd                             0x080086e9   Thumb Code    18  stm32f10x_usart.o(.text)
    USART_SetAddress                         0x080086fb   Thumb Code    18  stm32f10x_usart.o(.text)
    USART_WakeUpConfig                       0x0800870d   Thumb Code    18  stm32f10x_usart.o(.text)
    USART_ReceiverWakeUpCmd                  0x0800871f   Thumb Code    24  stm32f10x_usart.o(.text)
    USART_LINBreakDetectLengthConfig         0x08008737   Thumb Code    18  stm32f10x_usart.o(.text)
    USART_LINCmd                             0x08008749   Thumb Code    24  stm32f10x_usart.o(.text)
    USART_SendData                           0x08008761   Thumb Code     8  stm32f10x_usart.o(.text)
    USART_ReceiveData                        0x08008769   Thumb Code    10  stm32f10x_usart.o(.text)
    USART_SendBreak                          0x08008773   Thumb Code    10  stm32f10x_usart.o(.text)
    USART_SetGuardTime                       0x0800877d   Thumb Code    16  stm32f10x_usart.o(.text)
    USART_SetPrescaler                       0x0800878d   Thumb Code    16  stm32f10x_usart.o(.text)
    USART_SmartCardCmd                       0x0800879d   Thumb Code    24  stm32f10x_usart.o(.text)
    USART_SmartCardNACKCmd                   0x080087b5   Thumb Code    24  stm32f10x_usart.o(.text)
    USART_HalfDuplexCmd                      0x080087cd   Thumb Code    24  stm32f10x_usart.o(.text)
    USART_OverSampling8Cmd                   0x080087e5   Thumb Code    22  stm32f10x_usart.o(.text)
    USART_OneBitMethodCmd                    0x080087fb   Thumb Code    24  stm32f10x_usart.o(.text)
    USART_IrDAConfig                         0x08008813   Thumb Code    18  stm32f10x_usart.o(.text)
    USART_IrDACmd                            0x08008825   Thumb Code    24  stm32f10x_usart.o(.text)
    USART_GetFlagStatus                      0x0800883d   Thumb Code    26  stm32f10x_usart.o(.text)
    USART_ClearFlag                          0x08008857   Thumb Code    18  stm32f10x_usart.o(.text)
    USART_GetITStatus                        0x08008869   Thumb Code    84  stm32f10x_usart.o(.text)
    USART_ClearITPendingBit                  0x080088bd   Thumb Code    52  stm32f10x_usart.o(.text)
    RCC_DeInit                               0x080088f1   Thumb Code    64  stm32f10x_rcc.o(.text)
    RCC_HSEConfig                            0x08008931   Thumb Code    70  stm32f10x_rcc.o(.text)
    RCC_GetFlagStatus                        0x08008977   Thumb Code    56  stm32f10x_rcc.o(.text)
    RCC_WaitForHSEStartUp                    0x080089af   Thumb Code    56  stm32f10x_rcc.o(.text)
    RCC_AdjustHSICalibrationValue            0x080089e7   Thumb Code    20  stm32f10x_rcc.o(.text)
    RCC_HSICmd                               0x080089fb   Thumb Code     6  stm32f10x_rcc.o(.text)
    RCC_PLLConfig                            0x08008a01   Thumb Code    24  stm32f10x_rcc.o(.text)
    RCC_PLLCmd                               0x08008a19   Thumb Code     6  stm32f10x_rcc.o(.text)
    RCC_SYSCLKConfig                         0x08008a1f   Thumb Code    18  stm32f10x_rcc.o(.text)
    RCC_GetSYSCLKSource                      0x08008a31   Thumb Code    10  stm32f10x_rcc.o(.text)
    RCC_HCLKConfig                           0x08008a3b   Thumb Code    18  stm32f10x_rcc.o(.text)
    RCC_PCLK1Config                          0x08008a4d   Thumb Code    18  stm32f10x_rcc.o(.text)
    RCC_PCLK2Config                          0x08008a5f   Thumb Code    20  stm32f10x_rcc.o(.text)
    RCC_ITConfig                             0x08008a73   Thumb Code    26  stm32f10x_rcc.o(.text)
    RCC_USBCLKConfig                         0x08008a8d   Thumb Code     8  stm32f10x_rcc.o(.text)
    RCC_ADCCLKConfig                         0x08008a95   Thumb Code    18  stm32f10x_rcc.o(.text)
    RCC_LSEConfig                            0x08008aa7   Thumb Code    50  stm32f10x_rcc.o(.text)
    RCC_LSICmd                               0x08008ad9   Thumb Code     6  stm32f10x_rcc.o(.text)
    RCC_RTCCLKConfig                         0x08008adf   Thumb Code    12  stm32f10x_rcc.o(.text)
    RCC_RTCCLKCmd                            0x08008aeb   Thumb Code     8  stm32f10x_rcc.o(.text)
    RCC_GetClocksFreq                        0x08008af3   Thumb Code   192  stm32f10x_rcc.o(.text)
    RCC_AHBPeriphClockCmd                    0x08008bb3   Thumb Code    26  stm32f10x_rcc.o(.text)
    RCC_APB2PeriphClockCmd                   0x08008bcd   Thumb Code    26  stm32f10x_rcc.o(.text)
    RCC_APB1PeriphClockCmd                   0x08008be7   Thumb Code    26  stm32f10x_rcc.o(.text)
    RCC_APB2PeriphResetCmd                   0x08008c01   Thumb Code    26  stm32f10x_rcc.o(.text)
    RCC_APB1PeriphResetCmd                   0x08008c1b   Thumb Code    26  stm32f10x_rcc.o(.text)
    RCC_BackupResetCmd                       0x08008c35   Thumb Code     8  stm32f10x_rcc.o(.text)
    RCC_ClockSecuritySystemCmd               0x08008c3d   Thumb Code     6  stm32f10x_rcc.o(.text)
    RCC_MCOConfig                            0x08008c43   Thumb Code     6  stm32f10x_rcc.o(.text)
    RCC_ClearFlag                            0x08008c49   Thumb Code    14  stm32f10x_rcc.o(.text)
    RCC_GetITStatus                          0x08008c57   Thumb Code    20  stm32f10x_rcc.o(.text)
    RCC_ClearITPendingBit                    0x08008c6b   Thumb Code     6  stm32f10x_rcc.o(.text)
    GPIO_DeInit                              0x08008c95   Thumb Code   172  stm32f10x_gpio.o(.text)
    GPIO_AFIODeInit                          0x08008d41   Thumb Code    20  stm32f10x_gpio.o(.text)
    GPIO_Init                                0x08008d55   Thumb Code   278  stm32f10x_gpio.o(.text)
    GPIO_StructInit                          0x08008e6b   Thumb Code    16  stm32f10x_gpio.o(.text)
    GPIO_ReadInputDataBit                    0x08008e7b   Thumb Code    18  stm32f10x_gpio.o(.text)
    GPIO_ReadInputData                       0x08008e8d   Thumb Code     8  stm32f10x_gpio.o(.text)
    GPIO_ReadOutputDataBit                   0x08008e95   Thumb Code    18  stm32f10x_gpio.o(.text)
    GPIO_ReadOutputData                      0x08008ea7   Thumb Code     8  stm32f10x_gpio.o(.text)
    GPIO_SetBits                             0x08008eaf   Thumb Code     4  stm32f10x_gpio.o(.text)
    GPIO_ResetBits                           0x08008eb3   Thumb Code     4  stm32f10x_gpio.o(.text)
    GPIO_WriteBit                            0x08008eb7   Thumb Code    10  stm32f10x_gpio.o(.text)
    GPIO_Write                               0x08008ec1   Thumb Code     4  stm32f10x_gpio.o(.text)
    GPIO_PinLockConfig                       0x08008ec5   Thumb Code    18  stm32f10x_gpio.o(.text)
    GPIO_EventOutputConfig                   0x08008ed7   Thumb Code    26  stm32f10x_gpio.o(.text)
    GPIO_EventOutputCmd                      0x08008ef1   Thumb Code     6  stm32f10x_gpio.o(.text)
    GPIO_PinRemapConfig                      0x08008ef7   Thumb Code   138  stm32f10x_gpio.o(.text)
    GPIO_EXTILineConfig                      0x08008f81   Thumb Code    66  stm32f10x_gpio.o(.text)
    GPIO_ETH_MediaInterfaceConfig            0x08008fc3   Thumb Code     8  stm32f10x_gpio.o(.text)
    NVIC_PriorityGroupConfig                 0x08008ff1   Thumb Code    10  misc.o(.text)
    NVIC_Init                                0x08008ffb   Thumb Code   100  misc.o(.text)
    NVIC_SetVectorTable                      0x0800905f   Thumb Code    14  misc.o(.text)
    NVIC_SystemLPConfig                      0x0800906d   Thumb Code    34  misc.o(.text)
    SysTick_CLKSourceConfig                  0x0800908f   Thumb Code    40  misc.o(.text)
    ADC_DeInit                               0x080090cd   Thumb Code    78  stm32f10x_adc.o(.text)
    ADC_Init                                 0x0800911b   Thumb Code    70  stm32f10x_adc.o(.text)
    ADC_StructInit                           0x08009161   Thumb Code    18  stm32f10x_adc.o(.text)
    ADC_Cmd                                  0x08009173   Thumb Code    22  stm32f10x_adc.o(.text)
    ADC_DMACmd                               0x08009189   Thumb Code    22  stm32f10x_adc.o(.text)
    ADC_ITConfig                             0x0800919f   Thumb Code    24  stm32f10x_adc.o(.text)
    ADC_ResetCalibration                     0x080091b7   Thumb Code    10  stm32f10x_adc.o(.text)
    ADC_GetResetCalibrationStatus            0x080091c1   Thumb Code    20  stm32f10x_adc.o(.text)
    ADC_StartCalibration                     0x080091d5   Thumb Code    10  stm32f10x_adc.o(.text)
    ADC_GetCalibrationStatus                 0x080091df   Thumb Code    20  stm32f10x_adc.o(.text)
    ADC_SoftwareStartConvCmd                 0x080091f3   Thumb Code    22  stm32f10x_adc.o(.text)
    ADC_GetSoftwareStartConvStatus           0x08009209   Thumb Code    20  stm32f10x_adc.o(.text)
    ADC_DiscModeChannelCountConfig           0x0800921d   Thumb Code    24  stm32f10x_adc.o(.text)
    ADC_DiscModeCmd                          0x08009235   Thumb Code    22  stm32f10x_adc.o(.text)
    ADC_RegularChannelConfig                 0x0800924b   Thumb Code   184  stm32f10x_adc.o(.text)
    ADC_ExternalTrigConvCmd                  0x08009303   Thumb Code    22  stm32f10x_adc.o(.text)
    ADC_GetConversionValue                   0x08009319   Thumb Code     8  stm32f10x_adc.o(.text)
    ADC_GetDualModeConversionValue           0x08009321   Thumb Code     8  stm32f10x_adc.o(.text)
    ADC_AutoInjectedConvCmd                  0x08009329   Thumb Code    22  stm32f10x_adc.o(.text)
    ADC_InjectedDiscModeCmd                  0x0800933f   Thumb Code    22  stm32f10x_adc.o(.text)
    ADC_ExternalTrigInjectedConvConfig       0x08009355   Thumb Code    16  stm32f10x_adc.o(.text)
    ADC_ExternalTrigInjectedConvCmd          0x08009365   Thumb Code    22  stm32f10x_adc.o(.text)
    ADC_SoftwareStartInjectedConvCmd         0x0800937b   Thumb Code    22  stm32f10x_adc.o(.text)
    ADC_GetSoftwareStartInjectedConvCmdStatus 0x08009391   Thumb Code    20  stm32f10x_adc.o(.text)
    ADC_InjectedChannelConfig                0x080093a5   Thumb Code   130  stm32f10x_adc.o(.text)
    ADC_InjectedSequencerLengthConfig        0x08009427   Thumb Code    24  stm32f10x_adc.o(.text)
    ADC_SetInjectedOffset                    0x0800943f   Thumb Code    20  stm32f10x_adc.o(.text)
    ADC_GetInjectedConversionValue           0x08009453   Thumb Code    28  stm32f10x_adc.o(.text)
    ADC_AnalogWatchdogCmd                    0x0800946f   Thumb Code    16  stm32f10x_adc.o(.text)
    ADC_AnalogWatchdogThresholdsConfig       0x0800947f   Thumb Code     6  stm32f10x_adc.o(.text)
    ADC_AnalogWatchdogSingleChannelConfig    0x08009485   Thumb Code    16  stm32f10x_adc.o(.text)
    ADC_TempSensorVrefintCmd                 0x08009495   Thumb Code    64  stm32f10x_adc.o(.text)
    ADC_GetFlagStatus                        0x080094d5   Thumb Code    18  stm32f10x_adc.o(.text)
    ADC_ClearFlag                            0x080094e7   Thumb Code     6  stm32f10x_adc.o(.text)
    ADC_GetITStatus                          0x080094ed   Thumb Code    36  stm32f10x_adc.o(.text)
    ADC_ClearITPendingBit                    0x08009511   Thumb Code    10  stm32f10x_adc.o(.text)
    SPI_I2S_DeInit                           0x0800951d   Thumb Code    76  stm32f10x_spi.o(.text)
    SPI_Init                                 0x08009569   Thumb Code    60  stm32f10x_spi.o(.text)
    I2S_Init                                 0x080095a5   Thumb Code   226  stm32f10x_spi.o(.text)
    SPI_StructInit                           0x08009687   Thumb Code    24  stm32f10x_spi.o(.text)
    I2S_StructInit                           0x0800969f   Thumb Code    20  stm32f10x_spi.o(.text)
    SPI_Cmd                                  0x080096b3   Thumb Code    24  stm32f10x_spi.o(.text)
    I2S_Cmd                                  0x080096cb   Thumb Code    24  stm32f10x_spi.o(.text)
    SPI_I2S_ITConfig                         0x080096e3   Thumb Code    32  stm32f10x_spi.o(.text)
    SPI_I2S_DMACmd                           0x08009703   Thumb Code    18  stm32f10x_spi.o(.text)
    SPI_I2S_SendData                         0x08009715   Thumb Code     4  stm32f10x_spi.o(.text)
    SPI_I2S_ReceiveData                      0x08009719   Thumb Code     6  stm32f10x_spi.o(.text)
    SPI_NSSInternalSoftwareConfig            0x0800971f   Thumb Code    30  stm32f10x_spi.o(.text)
    SPI_SSOutputCmd                          0x0800973d   Thumb Code    24  stm32f10x_spi.o(.text)
    SPI_DataSizeConfig                       0x08009755   Thumb Code    18  stm32f10x_spi.o(.text)
    SPI_TransmitCRC                          0x08009767   Thumb Code    10  stm32f10x_spi.o(.text)
    SPI_CalculateCRC                         0x08009771   Thumb Code    24  stm32f10x_spi.o(.text)
    SPI_GetCRC                               0x08009789   Thumb Code    16  stm32f10x_spi.o(.text)
    SPI_GetCRCPolynomial                     0x08009799   Thumb Code     6  stm32f10x_spi.o(.text)
    SPI_BiDirectionalLineConfig              0x0800979f   Thumb Code    28  stm32f10x_spi.o(.text)
    SPI_I2S_GetFlagStatus                    0x080097bb   Thumb Code    18  stm32f10x_spi.o(.text)
    SPI_I2S_ClearFlag                        0x080097cd   Thumb Code     6  stm32f10x_spi.o(.text)
    SPI_I2S_GetITStatus                      0x080097d3   Thumb Code    52  stm32f10x_spi.o(.text)
    SPI_I2S_ClearITPendingBit                0x08009807   Thumb Code    20  stm32f10x_spi.o(.text)
    I2C_DeInit                               0x08009829   Thumb Code    50  stm32f10x_i2c.o(.text)
    I2C_Init                                 0x0800985b   Thumb Code   222  stm32f10x_i2c.o(.text)
    I2C_StructInit                           0x08009939   Thumb Code    30  stm32f10x_i2c.o(.text)
    I2C_Cmd                                  0x08009957   Thumb Code    24  stm32f10x_i2c.o(.text)
    I2C_DMACmd                               0x0800996f   Thumb Code    24  stm32f10x_i2c.o(.text)
    I2C_DMALastTransferCmd                   0x08009987   Thumb Code    24  stm32f10x_i2c.o(.text)
    I2C_GenerateSTART                        0x0800999f   Thumb Code    24  stm32f10x_i2c.o(.text)
    I2C_GenerateSTOP                         0x080099b7   Thumb Code    24  stm32f10x_i2c.o(.text)
    I2C_AcknowledgeConfig                    0x080099cf   Thumb Code    24  stm32f10x_i2c.o(.text)
    I2C_OwnAddress2Config                    0x080099e7   Thumb Code    22  stm32f10x_i2c.o(.text)
    I2C_DualAddressCmd                       0x080099fd   Thumb Code    24  stm32f10x_i2c.o(.text)
    I2C_GeneralCallCmd                       0x08009a15   Thumb Code    24  stm32f10x_i2c.o(.text)
    I2C_ITConfig                             0x08009a2d   Thumb Code    18  stm32f10x_i2c.o(.text)
    I2C_SendData                             0x08009a3f   Thumb Code     4  stm32f10x_i2c.o(.text)
    I2C_ReceiveData                          0x08009a43   Thumb Code     8  stm32f10x_i2c.o(.text)
    I2C_Send7bitAddress                      0x08009a4b   Thumb Code    18  stm32f10x_i2c.o(.text)
    I2C_ReadRegister                         0x08009a5d   Thumb Code    22  stm32f10x_i2c.o(.text)
    I2C_SoftwareResetCmd                     0x08009a73   Thumb Code    22  stm32f10x_i2c.o(.text)
    I2C_NACKPositionConfig                   0x08009a89   Thumb Code    28  stm32f10x_i2c.o(.text)
    I2C_SMBusAlertConfig                     0x08009aa5   Thumb Code    28  stm32f10x_i2c.o(.text)
    I2C_TransmitPEC                          0x08009ac1   Thumb Code    24  stm32f10x_i2c.o(.text)
    I2C_PECPositionConfig                    0x08009ad9   Thumb Code    28  stm32f10x_i2c.o(.text)
    I2C_CalculatePEC                         0x08009af5   Thumb Code    24  stm32f10x_i2c.o(.text)
    I2C_GetPEC                               0x08009b0d   Thumb Code     8  stm32f10x_i2c.o(.text)
    I2C_ARPCmd                               0x08009b15   Thumb Code    24  stm32f10x_i2c.o(.text)
    I2C_StretchClockCmd                      0x08009b2d   Thumb Code    24  stm32f10x_i2c.o(.text)
    I2C_FastModeDutyCycleConfig              0x08009b45   Thumb Code    28  stm32f10x_i2c.o(.text)
    I2C_CheckEvent                           0x08009b61   Thumb Code    42  stm32f10x_i2c.o(.text)
    I2C_GetLastEvent                         0x08009b8b   Thumb Code    26  stm32f10x_i2c.o(.text)
    I2C_GetFlagStatus                        0x08009ba5   Thumb Code    58  stm32f10x_i2c.o(.text)
    I2C_ClearFlag                            0x08009bdf   Thumb Code    12  stm32f10x_i2c.o(.text)
    I2C_GetITStatus                          0x08009beb   Thumb Code    54  stm32f10x_i2c.o(.text)
    I2C_ClearITPendingBit                    0x08009c21   Thumb Code    12  stm32f10x_i2c.o(.text)
    TIM_DeInit                               0x08009c2d   Thumb Code   424  stm32f10x_tim.o(.text)
    TIM_TimeBaseInit                         0x08009dd5   Thumb Code   122  stm32f10x_tim.o(.text)
    TIM_OC1Init                              0x08009e4f   Thumb Code   132  stm32f10x_tim.o(.text)
    TIM_OC2Init                              0x08009ed3   Thumb Code   154  stm32f10x_tim.o(.text)
    TIM_OC3Init                              0x08009f6d   Thumb Code   150  stm32f10x_tim.o(.text)
    TIM_OC4Init                              0x0800a003   Thumb Code   182  stm32f10x_tim.o(.text)
    TIM_SetIC4Prescaler                      0x0800a0b9   Thumb Code    26  stm32f10x_tim.o(.text)
    TIM_SetIC3Prescaler                      0x0800a155   Thumb Code    18  stm32f10x_tim.o(.text)
    TIM_SetIC2Prescaler                      0x0800a1e1   Thumb Code    26  stm32f10x_tim.o(.text)
    TIM_SetIC1Prescaler                      0x0800a27d   Thumb Code    18  stm32f10x_tim.o(.text)
    TIM_ICInit                               0x0800a2fb   Thumb Code   150  stm32f10x_tim.o(.text)
    TIM_PWMIConfig                           0x0800a391   Thumb Code   124  stm32f10x_tim.o(.text)
    TIM_BDTRConfig                           0x0800a40d   Thumb Code    32  stm32f10x_tim.o(.text)
    TIM_TimeBaseStructInit                   0x0800a42d   Thumb Code    18  stm32f10x_tim.o(.text)
    TIM_OCStructInit                         0x0800a43f   Thumb Code    20  stm32f10x_tim.o(.text)
    TIM_ICStructInit                         0x0800a453   Thumb Code    18  stm32f10x_tim.o(.text)
    TIM_BDTRStructInit                       0x0800a465   Thumb Code    40  stm32f10x_tim.o(.text)
    TIM_Cmd                                  0x0800a48d   Thumb Code    24  stm32f10x_tim.o(.text)
    TIM_CtrlPWMOutputs                       0x0800a4a5   Thumb Code    30  stm32f10x_tim.o(.text)
    TIM_ITConfig                             0x0800a4c3   Thumb Code    18  stm32f10x_tim.o(.text)
    TIM_GenerateEvent                        0x0800a4d5   Thumb Code     4  stm32f10x_tim.o(.text)
    TIM_DMAConfig                            0x0800a4d9   Thumb Code    10  stm32f10x_tim.o(.text)
    TIM_DMACmd                               0x0800a4e3   Thumb Code    18  stm32f10x_tim.o(.text)
    TIM_InternalClockConfig                  0x0800a4f5   Thumb Code    12  stm32f10x_tim.o(.text)
    TIM_SelectInputTrigger                   0x0800a501   Thumb Code    18  stm32f10x_tim.o(.text)
    TIM_ITRxExternalClockConfig              0x0800a513   Thumb Code    24  stm32f10x_tim.o(.text)
    TIM_TIxExternalClockConfig               0x0800a52b   Thumb Code    62  stm32f10x_tim.o(.text)
    TIM_ETRConfig                            0x0800a569   Thumb Code    28  stm32f10x_tim.o(.text)
    TIM_ETRClockMode1Config                  0x0800a585   Thumb Code    54  stm32f10x_tim.o(.text)
    TIM_ETRClockMode2Config                  0x0800a5bb   Thumb Code    32  stm32f10x_tim.o(.text)
    TIM_PrescalerConfig                      0x0800a5db   Thumb Code     6  stm32f10x_tim.o(.text)
    TIM_CounterModeConfig                    0x0800a5e1   Thumb Code    18  stm32f10x_tim.o(.text)
    TIM_EncoderInterfaceConfig               0x0800a5f3   Thumb Code    66  stm32f10x_tim.o(.text)
    TIM_ForcedOC1Config                      0x0800a635   Thumb Code    18  stm32f10x_tim.o(.text)
    TIM_ForcedOC2Config                      0x0800a647   Thumb Code    26  stm32f10x_tim.o(.text)
    TIM_ForcedOC3Config                      0x0800a661   Thumb Code    18  stm32f10x_tim.o(.text)
    TIM_ForcedOC4Config                      0x0800a673   Thumb Code    26  stm32f10x_tim.o(.text)
    TIM_ARRPreloadConfig                     0x0800a68d   Thumb Code    24  stm32f10x_tim.o(.text)
    TIM_SelectCOM                            0x0800a6a5   Thumb Code    24  stm32f10x_tim.o(.text)
    TIM_SelectCCDMA                          0x0800a6bd   Thumb Code    24  stm32f10x_tim.o(.text)
    TIM_CCPreloadControl                     0x0800a6d5   Thumb Code    24  stm32f10x_tim.o(.text)
    TIM_OC1PreloadConfig                     0x0800a6ed   Thumb Code    18  stm32f10x_tim.o(.text)
    TIM_OC2PreloadConfig                     0x0800a6ff   Thumb Code    26  stm32f10x_tim.o(.text)
    TIM_OC3PreloadConfig                     0x0800a719   Thumb Code    18  stm32f10x_tim.o(.text)
    TIM_OC4PreloadConfig                     0x0800a72b   Thumb Code    26  stm32f10x_tim.o(.text)
    TIM_OC1FastConfig                        0x0800a745   Thumb Code    18  stm32f10x_tim.o(.text)
    TIM_OC2FastConfig                        0x0800a757   Thumb Code    26  stm32f10x_tim.o(.text)
    TIM_OC3FastConfig                        0x0800a771   Thumb Code    18  stm32f10x_tim.o(.text)
    TIM_OC4FastConfig                        0x0800a783   Thumb Code    26  stm32f10x_tim.o(.text)
    TIM_ClearOC1Ref                          0x0800a79d   Thumb Code    18  stm32f10x_tim.o(.text)
    TIM_ClearOC2Ref                          0x0800a7af   Thumb Code    24  stm32f10x_tim.o(.text)
    TIM_ClearOC3Ref                          0x0800a7c7   Thumb Code    18  stm32f10x_tim.o(.text)
    TIM_ClearOC4Ref                          0x0800a7d9   Thumb Code    24  stm32f10x_tim.o(.text)
    TIM_OC1PolarityConfig                    0x0800a7f1   Thumb Code    18  stm32f10x_tim.o(.text)
    TIM_OC1NPolarityConfig                   0x0800a803   Thumb Code    18  stm32f10x_tim.o(.text)
    TIM_OC2PolarityConfig                    0x0800a815   Thumb Code    26  stm32f10x_tim.o(.text)
    TIM_OC2NPolarityConfig                   0x0800a82f   Thumb Code    26  stm32f10x_tim.o(.text)
    TIM_OC3PolarityConfig                    0x0800a849   Thumb Code    26  stm32f10x_tim.o(.text)
    TIM_OC3NPolarityConfig                   0x0800a863   Thumb Code    26  stm32f10x_tim.o(.text)
    TIM_OC4PolarityConfig                    0x0800a87d   Thumb Code    26  stm32f10x_tim.o(.text)
    TIM_CCxCmd                               0x0800a897   Thumb Code    30  stm32f10x_tim.o(.text)
    TIM_CCxNCmd                              0x0800a8b5   Thumb Code    30  stm32f10x_tim.o(.text)
    TIM_SelectOCxM                           0x0800a8d3   Thumb Code    82  stm32f10x_tim.o(.text)
    TIM_UpdateDisableConfig                  0x0800a925   Thumb Code    24  stm32f10x_tim.o(.text)
    TIM_UpdateRequestConfig                  0x0800a93d   Thumb Code    24  stm32f10x_tim.o(.text)
    TIM_SelectHallSensor                     0x0800a955   Thumb Code    24  stm32f10x_tim.o(.text)
    TIM_SelectOnePulseMode                   0x0800a96d   Thumb Code    18  stm32f10x_tim.o(.text)
    TIM_SelectOutputTrigger                  0x0800a97f   Thumb Code    18  stm32f10x_tim.o(.text)
    TIM_SelectSlaveMode                      0x0800a991   Thumb Code    18  stm32f10x_tim.o(.text)
    TIM_SelectMasterSlaveMode                0x0800a9a3   Thumb Code    18  stm32f10x_tim.o(.text)
    TIM_SetCounter                           0x0800a9b5   Thumb Code     4  stm32f10x_tim.o(.text)
    TIM_SetAutoreload                        0x0800a9b9   Thumb Code     4  stm32f10x_tim.o(.text)
    TIM_SetCompare1                          0x0800a9bd   Thumb Code     4  stm32f10x_tim.o(.text)
    TIM_SetCompare2                          0x0800a9c1   Thumb Code     4  stm32f10x_tim.o(.text)
    TIM_SetCompare3                          0x0800a9c5   Thumb Code     4  stm32f10x_tim.o(.text)
    TIM_SetCompare4                          0x0800a9c9   Thumb Code     6  stm32f10x_tim.o(.text)
    TIM_SetClockDivision                     0x0800a9cf   Thumb Code    18  stm32f10x_tim.o(.text)
    TIM_GetCapture1                          0x0800a9e1   Thumb Code     6  stm32f10x_tim.o(.text)
    TIM_GetCapture2                          0x0800a9e7   Thumb Code     6  stm32f10x_tim.o(.text)
    TIM_GetCapture3                          0x0800a9ed   Thumb Code     6  stm32f10x_tim.o(.text)
    TIM_GetCapture4                          0x0800a9f3   Thumb Code     8  stm32f10x_tim.o(.text)
    TIM_GetCounter                           0x0800a9fb   Thumb Code     6  stm32f10x_tim.o(.text)
    TIM_GetPrescaler                         0x0800aa01   Thumb Code     6  stm32f10x_tim.o(.text)
    TIM_GetFlagStatus                        0x0800aa07   Thumb Code    18  stm32f10x_tim.o(.text)
    TIM_ClearFlag                            0x0800aa19   Thumb Code     6  stm32f10x_tim.o(.text)
    TIM_GetITStatus                          0x0800aa1f   Thumb Code    34  stm32f10x_tim.o(.text)
    TIM_ClearITPendingBit                    0x0800aa41   Thumb Code     6  stm32f10x_tim.o(.text)
    FLASH_SetLatency                         0x0800aa49   Thumb Code    18  stm32f10x_flash.o(.text)
    FLASH_HalfCycleAccessCmd                 0x0800aa5b   Thumb Code    22  stm32f10x_flash.o(.text)
    FLASH_PrefetchBufferCmd                  0x0800aa71   Thumb Code    22  stm32f10x_flash.o(.text)
    FLASH_Unlock                             0x0800aa87   Thumb Code    12  stm32f10x_flash.o(.text)
    FLASH_UnlockBank1                        0x0800aa93   Thumb Code    12  stm32f10x_flash.o(.text)
    FLASH_Lock                               0x0800aa9f   Thumb Code    14  stm32f10x_flash.o(.text)
    FLASH_LockBank1                          0x0800aaad   Thumb Code    14  stm32f10x_flash.o(.text)
    FLASH_GetBank1Status                     0x0800aabb   Thumb Code    48  stm32f10x_flash.o(.text)
    FLASH_WaitForLastOperation               0x0800aaeb   Thumb Code    38  stm32f10x_flash.o(.text)
    FLASH_ErasePage                          0x0800ab11   Thumb Code    72  stm32f10x_flash.o(.text)
    FLASH_EraseAllPages                      0x0800ab59   Thumb Code    68  stm32f10x_flash.o(.text)
    FLASH_WaitForLastBank1Operation          0x0800ab9d   Thumb Code    38  stm32f10x_flash.o(.text)
    FLASH_EraseAllBank1Pages                 0x0800abc3   Thumb Code    68  stm32f10x_flash.o(.text)
    FLASH_GetReadOutProtectionStatus         0x0800ac07   Thumb Code    20  stm32f10x_flash.o(.text)
    FLASH_EraseOptionBytes                   0x0800ac1b   Thumb Code   150  stm32f10x_flash.o(.text)
    FLASH_ProgramWord                        0x0800acb1   Thumb Code   102  stm32f10x_flash.o(.text)
    FLASH_ProgramHalfWord                    0x0800ad17   Thumb Code    60  stm32f10x_flash.o(.text)
    FLASH_ProgramOptionByteData              0x0800ad53   Thumb Code    72  stm32f10x_flash.o(.text)
    FLASH_EnableWriteProtection              0x0800ad9b   Thumb Code   200  stm32f10x_flash.o(.text)
    FLASH_ReadOutProtection                  0x0800ae63   Thumb Code   156  stm32f10x_flash.o(.text)
    FLASH_UserOptionByteConfig               0x0800aeff   Thumb Code    88  stm32f10x_flash.o(.text)
    FLASH_GetUserOptionByte                  0x0800af57   Thumb Code     8  stm32f10x_flash.o(.text)
    FLASH_GetWriteProtectionOptionByte       0x0800af5f   Thumb Code     6  stm32f10x_flash.o(.text)
    FLASH_GetPrefetchBufferStatus            0x0800af65   Thumb Code    20  stm32f10x_flash.o(.text)
    FLASH_ITConfig                           0x0800af79   Thumb Code    26  stm32f10x_flash.o(.text)
    FLASH_GetFlagStatus                      0x0800af93   Thumb Code    42  stm32f10x_flash.o(.text)
    FLASH_ClearFlag                          0x0800afbd   Thumb Code     6  stm32f10x_flash.o(.text)
    FLASH_GetStatus                          0x0800afc3   Thumb Code    48  stm32f10x_flash.o(.text)
    EXTI_DeInit                              0x0800b005   Thumb Code    28  stm32f10x_exti.o(.text)
    EXTI_Init                                0x0800b021   Thumb Code   142  stm32f10x_exti.o(.text)
    EXTI_StructInit                          0x0800b0af   Thumb Code    16  stm32f10x_exti.o(.text)
    EXTI_GenerateSWInterrupt                 0x0800b0bf   Thumb Code    16  stm32f10x_exti.o(.text)
    EXTI_GetFlagStatus                       0x0800b0cf   Thumb Code    22  stm32f10x_exti.o(.text)
    EXTI_ClearFlag                           0x0800b0e5   Thumb Code     8  stm32f10x_exti.o(.text)
    EXTI_GetITStatus                         0x0800b0ed   Thumb Code    34  stm32f10x_exti.o(.text)
    EXTI_ClearITPendingBit                   0x0800b10f   Thumb Code     8  stm32f10x_exti.o(.text)
    IWDG_WriteAccessCmd                      0x0800b121   Thumb Code     6  stm32f10x_iwdg.o(.text)
    IWDG_SetPrescaler                        0x0800b127   Thumb Code     6  stm32f10x_iwdg.o(.text)
    IWDG_SetReload                           0x0800b12d   Thumb Code     6  stm32f10x_iwdg.o(.text)
    IWDG_ReloadCounter                       0x0800b133   Thumb Code    10  stm32f10x_iwdg.o(.text)
    IWDG_Enable                              0x0800b13d   Thumb Code    10  stm32f10x_iwdg.o(.text)
    IWDG_GetFlagStatus                       0x0800b147   Thumb Code    20  stm32f10x_iwdg.o(.text)
    sendTCPData                              0x0800b161   Thumb Code   100  main.o(.text)
    send2Display                             0x0800b1c5   Thumb Code    42  main.o(.text)
    createLog                                0x0800b1ef   Thumb Code     2  main.o(.text)
    sendDisplayCmd                           0x0800b1f1   Thumb Code   322  main.o(.text)
    getDisplayVersion                        0x0800b333   Thumb Code   120  main.o(.text)
    sendResponse                             0x0800b3ab   Thumb Code   986  main.o(.text)
    saveBrigthness                           0x0800b785   Thumb Code    54  main.o(.text)
    delayms                                  0x0800b7bb   Thumb Code    16  main.o(.text)
    waitResponse                             0x0800b7cb   Thumb Code   108  main.o(.text)
    sendWarning                              0x0800b837   Thumb Code   208  main.o(.text)
    sendPredefined                           0x0800b907   Thumb Code  1042  main.o(.text)
    sendFont                                 0x0800bd19   Thumb Code   170  main.o(.text)
    saveLog2SDC                              0x0800bdc3   Thumb Code     2  main.o(.text)
    captureScreen                            0x0800bdc5   Thumb Code   536  main.o(.text)
    sendPopup                                0x0800bfdd   Thumb Code  1224  main.o(.text)
    swapPage                                 0x0800c4a5   Thumb Code   238  main.o(.text)
    getCodeFromName                          0x0800c593   Thumb Code    30  main.o(.text)
    getListFile                              0x0800c5b1   Thumb Code    90  main.o(.text)
    countFile                                0x0800c60b   Thumb Code   170  main.o(.text)
    findPage                                 0x0800c6b5   Thumb Code   160  main.o(.text)
    loadBrightness                           0x0800c755   Thumb Code    58  main.o(.text)
    loadHWConfig                             0x0800c78f   Thumb Code    58  main.o(.text)
    displayStatus                            0x0800c7c9   Thumb Code   100  main.o(.text)
    initSDC                                  0x0800c82d   Thumb Code   100  main.o(.text)
    Crc8                                     0x0800c891   Thumb Code    52  main.o(.text)
    initBoard                                0x0800c8c5   Thumb Code   234  main.o(.text)
    main                                     0x0800c9af   Thumb Code  2578  main.o(.text)
    saveHWConfig                             0x0800d3c1   Thumb Code   302  main.o(.text)
    ConfigDevice                             0x0800d4ef   Thumb Code    66  main.o(.text)
    timeToString                             0x0800d531   Thumb Code   138  main.o(.text)
    convertLogName                           0x0800d5bb   Thumb Code   144  main.o(.text)
    saveLogIndex                             0x0800d64b   Thumb Code   382  main.o(.text)
    increaseTime                             0x0800d7c9   Thumb Code    64  main.o(.text)
    decreaseTime                             0x0800d809   Thumb Code   166  main.o(.text)
    uid_read                                 0x0800d8af   Thumb Code    32  main.o(.text)
    sendIMEI                                 0x0800d8cf   Thumb Code   110  main.o(.text)
    EthMsgControl                            0x0800d93d   Thumb Code   682  main.o(.text)
    checkImgInUsed                           0x0800dbe7   Thumb Code   450  main.o(.text)
    covertHexToDec                           0x0800dda9   Thumb Code    40  main.o(.text)
    covertDecToHex                           0x0800ddd1   Thumb Code    24  main.o(.text)
    msgControl                               0x0800dde9   Thumb Code  6954  main.o(.text)
    ComputeChecksum                          0x0800f913   Thumb Code    30  main.o(.text)
    rcvFromDisplay                           0x0800f931   Thumb Code    46  main.o(.text)
    sendBuffer2Display                       0x0800f95f   Thumb Code    40  main.o(.text)
    checkLed                                 0x0800f987   Thumb Code     2  main.o(.text)
    convert                                  0x0800f989   Thumb Code    52  main.o(.text)
    updateDisplayFW                          0x0800f9bd   Thumb Code   864  main.o(.text)
    getLog                                   0x0800fd1d   Thumb Code   724  main.o(.text)
    littleToBig                              0x08010043   Thumb Code    38  stm32f10x_it.o(.text)
    aes_128_cbc_decrypt                      0x0801008f   Thumb Code   186  stm32f10x_it.o(.text)
    NMI_Handler                              0x08010149   Thumb Code     2  stm32f10x_it.o(.text)
    HardFault_Handler                        0x0801014b   Thumb Code    18  stm32f10x_it.o(.text)
    MemManage_Handler                        0x0801015d   Thumb Code    18  stm32f10x_it.o(.text)
    BusFault_Handler                         0x0801016f   Thumb Code    18  stm32f10x_it.o(.text)
    UsageFault_Handler                       0x08010181   Thumb Code    18  stm32f10x_it.o(.text)
    SVC_Handler                              0x08010193   Thumb Code     2  stm32f10x_it.o(.text)
    DebugMon_Handler                         0x08010195   Thumb Code     2  stm32f10x_it.o(.text)
    PendSV_Handler                           0x08010197   Thumb Code     2  stm32f10x_it.o(.text)
    SysTick_Handler                          0x08010199   Thumb Code     8  stm32f10x_it.o(.text)
    USART1_IRQHandler                        0x080101a1   Thumb Code    66  stm32f10x_it.o(.text)
    USART2_IRQHandler                        0x080101e3   Thumb Code    78  stm32f10x_it.o(.text)
    UART4_IRQHandler                         0x08010231   Thumb Code    98  stm32f10x_it.o(.text)
    EXTI1_IRQHandler                         0x08010293   Thumb Code   982  stm32f10x_it.o(.text)
    TIM5_IRQHandler                          0x08010669   Thumb Code    12  stm32f10x_it.o(.text)
    TIM6_IRQHandler                          0x08010675   Thumb Code   326  stm32f10x_it.o(.text)
    RCC_Configuration                        0x08010819   Thumb Code   100  hardwareconfig.o(.text)
    TIMER_Configuration                      0x0801087d   Thumb Code   160  hardwareconfig.o(.text)
    GPIO_Configuration                       0x0801091d   Thumb Code   492  hardwareconfig.o(.text)
    EXTI_Configuration                       0x08010b09   Thumb Code    38  hardwareconfig.o(.text)
    USART1_Configuration                     0x08010b2f   Thumb Code    62  hardwareconfig.o(.text)
    USART2_Configuration                     0x08010b6d   Thumb Code    62  hardwareconfig.o(.text)
    USART4_Configuration                     0x08010bab   Thumb Code    62  hardwareconfig.o(.text)
    NVIC_Configuration                       0x08010be9   Thumb Code   284  hardwareconfig.o(.text)
    NVIC_DeInit                              0x08010d05   Thumb Code   136  hardwareconfig.o(.text)
    ADC_Configuration                        0x08010d8d   Thumb Code   212  hardwareconfig.o(.text)
    SPI_Configuration                        0x08010e61   Thumb Code    82  hardwareconfig.o(.text)
    I2C_config                               0x08010ec1   Thumb Code    98  stm32_ds1307.o(.text)
    DS1307_Read                              0x08010f23   Thumb Code   354  stm32_ds1307.o(.text)
    DS1307_Write                             0x08011085   Thumb Code   228  stm32_ds1307.o(.text)
    DS1307_Int                               0x08011169   Thumb Code    12  stm32_ds1307.o(.text)
    DS1307_SetSecond                         0x08011175   Thumb Code    14  stm32_ds1307.o(.text)
    DS1307_SetMinute                         0x08011183   Thumb Code    14  stm32_ds1307.o(.text)
    DS1307_SetHour                           0x08011191   Thumb Code    14  stm32_ds1307.o(.text)
    DS1307_SetDate                           0x0801119f   Thumb Code    14  stm32_ds1307.o(.text)
    DS1307_SetMonth                          0x080111ad   Thumb Code    14  stm32_ds1307.o(.text)
    DS1307_SetYear                           0x080111bb   Thumb Code    14  stm32_ds1307.o(.text)
    DS1307_SetTime                           0x080111c9   Thumb Code    52  stm32_ds1307.o(.text)
    DS1307_GetTime                           0x080111fd   Thumb Code    30  stm32_ds1307.o(.text)
    DS1307_Stop                              0x0801121b   Thumb Code    12  stm32_ds1307.o(.text)
    DS1307_Start                             0x08011227   Thumb Code    30  stm32_ds1307.o(.text)
    bcd_cvr                                  0x08011245   Thumb Code    20  stm32_ds1307.o(.text)
    dec_cvr                                  0x08011259   Thumb Code    28  stm32_ds1307.o(.text)
    delayus                                  0x0801128d   Thumb Code    52  ds18b20.o(.text)
    DS18B20_GPIO_In                          0x080112c1   Thumb Code    38  ds18b20.o(.text)
    DS18B20_GPIO_Out                         0x080112e7   Thumb Code    38  ds18b20.o(.text)
    Init_DS18B20                             0x0801130d   Thumb Code   106  ds18b20.o(.text)
    WriteOneChar                             0x08011377   Thumb Code    72  ds18b20.o(.text)
    ReadOneChar                              0x080113bf   Thumb Code    76  ds18b20.o(.text)
    Read_Temperature                         0x0801140b   Thumb Code    68  ds18b20.o(.text)
    checkImgExist                            0x08011459   Thumb Code    86  pagemng.o(.text)
    freePageResource                         0x080114af   Thumb Code   124  pagemng.o(.text)
    convert_name                             0x0801152b   Thumb Code   222  pagemng.o(.text)
    loadPage                                 0x08011609   Thumb Code   656  pagemng.o(.text)
    savePage                                 0x08011899   Thumb Code   326  pagemng.o(.text)
    freePopup                                0x080119df   Thumb Code    52  pagemng.o(.text)
    verifyPopupSize                          0x08011a13   Thumb Code    62  pagemng.o(.text)
    createPopup                              0x08011a51   Thumb Code   600  pagemng.o(.text)
    updatePopup                              0x08011ca9   Thumb Code   558  pagemng.o(.text)
    deletePopup                              0x08011ed7   Thumb Code   402  pagemng.o(.text)
    verifyPopupHeader                        0x08012069   Thumb Code    58  pagemng.o(.text)
    createPage                               0x080120a3   Thumb Code   572  pagemng.o(.text)
    updatePageHeader                         0x080122df   Thumb Code    96  pagemng.o(.text)
    updatePage                               0x0801233f   Thumb Code    36  pagemng.o(.text)
    rmPlaylistItem                           0x08012363   Thumb Code   432  pagemng.o(.text)
    CaptureLine                              0x08012515   Thumb Code    34  c_func.o(.text)
    checkHeapSize                            0x08012537   Thumb Code    58  c_func.o(.text)
    m_malloc                                 0x08012571   Thumb Code    28  c_func.o(.text)
    m_calloc                                 0x0801258d   Thumb Code    36  c_func.o(.text)
    m_realloc                                0x080125b1   Thumb Code    32  c_func.o(.text)
    m_free                                   0x080125d1   Thumb Code    20  c_func.o(.text)
    AES_keyschedule_enc                      0x080125e5   Thumb Code   136  aes128.o(.text)
    AES_keyschedule_dec                      0x0801266d   Thumb Code   556  aes128.o(.text)
    AES_encrypt                              0x08012899   Thumb Code  1402  aes128.o(.text)
    AES_decrypt                              0x08012e13   Thumb Code  1372  aes128.o(.text)
    disk_initialize                          0x080135d7   Thumb Code   318  diskio.o(.text)
    disk_read                                0x08013715   Thumb Code   170  diskio.o(.text)
    disk_write                               0x080137bf   Thumb Code   172  diskio.o(.text)
    disk_status                              0x0801386b   Thumb Code    54  diskio.o(.text)
    disk_ioctl                               0x080138a1   Thumb Code   206  diskio.o(.text)
    disk_timerproc                           0x0801396f   Thumb Code     2  diskio.o(.text)
    clust2sect                               0x08013b25   Thumb Code    26  ff.o(.text)
    get_fat                                  0x08013b3f   Thumb Code   228  ff.o(.text)
    put_fat                                  0x08013c23   Thumb Code   314  ff.o(.text)
    gen_numname                              0x080141b7   Thumb Code   168  ff.o(.text)
    f_mount                                  0x08014e39   Thumb Code    38  ff.o(.text)
    f_open                                   0x08014e5f   Thumb Code   388  ff.o(.text)
    f_read                                   0x08014fe3   Thumb Code   460  ff.o(.text)
    f_write                                  0x080151af   Thumb Code   526  ff.o(.text)
    f_sync                                   0x080153bd   Thumb Code   184  ff.o(.text)
    f_close                                  0x08015475   Thumb Code    22  ff.o(.text)
    f_lseek                                  0x0801548b   Thumb Code   432  ff.o(.text)
    f_opendir                                0x0801563b   Thumb Code   114  ff.o(.text)
    f_readdir                                0x080156ad   Thumb Code    92  ff.o(.text)
    f_stat                                   0x08015709   Thumb Code    62  ff.o(.text)
    f_getfree                                0x08015747   Thumb Code   276  ff.o(.text)
    f_truncate                               0x0801585b   Thumb Code   156  ff.o(.text)
    f_unlink                                 0x080158f7   Thumb Code   182  ff.o(.text)
    f_mkdir                                  0x080159ad   Thumb Code   394  ff.o(.text)
    f_chmod                                  0x08015b37   Thumb Code    88  ff.o(.text)
    f_utime                                  0x08015b8f   Thumb Code    90  ff.o(.text)
    f_rename                                 0x08015be9   Thumb Code   294  ff.o(.text)
    f_mkfs                                   0x08015d0f   Thumb Code  1534  ff.o(.text)
    f_gets                                   0x0801630d   Thumb Code    86  ff.o(.text)
    f_putc                                   0x08016363   Thumb Code    50  ff.o(.text)
    f_puts                                   0x08016395   Thumb Code    98  ff.o(.text)
    f_printf                                 0x080163f7   Thumb Code   700  ff.o(.text)
    ff_convert                               0x080166b5   Thumb Code    70  ccsbcs.o(.text)
    ff_wtoupper                              0x080166fb   Thumb Code    46  ccsbcs.o(.text)
    __heapstats                              0x08016735   Thumb Code    24  stats.o(.text)
    calloc                                   0x0801674d   Thumb Code    40  calloc.o(.text)
    malloc                                   0x08016775   Thumb Code    94  h1_alloc.o(.text)
    free                                     0x080167d3   Thumb Code    78  h1_free.o(.text)
    realloc                                  0x08016821   Thumb Code   184  h1_realloc.o(.text)
    __aeabi_uldivmod                         0x080168d9   Thumb Code     0  lludivv7m.o(.text)
    _ll_udiv                                 0x080168d9   Thumb Code   238  lludivv7m.o(.text)
    __c89vsprintf                            0x080169c9   Thumb Code    32  c89vsprintf.o(.text)
    strstr                                   0x080169ed   Thumb Code    36  strstr.o(.text)
    strcpy                                   0x08016a11   Thumb Code    72  strcpy.o(.text)
    strlen                                   0x08016a59   Thumb Code    62  strlen.o(.text)
    strcat                                   0x08016a97   Thumb Code    24  strcat.o(.text)
    __aeabi_memcpy                           0x08016aaf   Thumb Code     0  rt_memcpy_v6.o(.text)
    __rt_memcpy                              0x08016aaf   Thumb Code   138  rt_memcpy_v6.o(.text)
    _memcpy_lastbytes                        0x08016b15   Thumb Code     0  rt_memcpy_v6.o(.text)
    __aeabi_memcpy4                          0x08016b39   Thumb Code     0  rt_memcpy_w.o(.text)
    __aeabi_memcpy8                          0x08016b39   Thumb Code     0  rt_memcpy_w.o(.text)
    __rt_memcpy_w                            0x08016b39   Thumb Code   100  rt_memcpy_w.o(.text)
    _memcpy_lastbytes_aligned                0x08016b81   Thumb Code     0  rt_memcpy_w.o(.text)
    __aeabi_memclr                           0x08016b9d   Thumb Code     0  rt_memclr.o(.text)
    __rt_memclr                              0x08016b9d   Thumb Code    68  rt_memclr.o(.text)
    _memset                                  0x08016ba1   Thumb Code     0  rt_memclr.o(.text)
    __aeabi_memclr4                          0x08016be1   Thumb Code     0  rt_memclr_w.o(.text)
    __aeabi_memclr8                          0x08016be1   Thumb Code     0  rt_memclr_w.o(.text)
    __rt_memclr_w                            0x08016be1   Thumb Code    78  rt_memclr_w.o(.text)
    _memset_w                                0x08016be5   Thumb Code     0  rt_memclr_w.o(.text)
    __use_two_region_memory                  0x08016c2f   Thumb Code     2  heapauxi.o(.text)
    __rt_heap_escrow                         0x08016c31   Thumb Code     2  heapauxi.o(.text)
    __rt_heap_expand                         0x08016c33   Thumb Code     2  heapauxi.o(.text)
    __rt_heap_descriptor                     0x08016c35   Thumb Code     8  rt_heap_descriptor_intlibspace.o(.text)
    __use_no_heap                            0x08016c3d   Thumb Code     2  hguard.o(.text)
    __heap$guard                             0x08016c3f   Thumb Code     2  hguard.o(.text)
    _terminate_user_alloc                    0x08016c41   Thumb Code     2  init_alloc.o(.text)
    _init_user_alloc                         0x08016c43   Thumb Code     2  init_alloc.o(.text)
    __Heap_Full                              0x08016c45   Thumb Code    34  init_alloc.o(.text)
    __Heap_Broken                            0x08016c67   Thumb Code     6  init_alloc.o(.text)
    _init_alloc                              0x08016c6d   Thumb Code    94  init_alloc.o(.text)
    __Heap_Initialize                        0x08016ccb   Thumb Code    10  h1_init.o(.text)
    __Heap_DescSize                          0x08016cd5   Thumb Code     4  h1_init.o(.text)
    __Heap_Stats                             0x08016cd9   Thumb Code   152  h1_stats.o(.text)
    _printf_pre_padding                      0x08016db9   Thumb Code    44  _printf_pad.o(.text)
    _printf_post_padding                     0x08016de5   Thumb Code    34  _printf_pad.o(.text)
    _printf_truncate_signed                  0x08016e07   Thumb Code    18  _printf_truncate.o(.text)
    _printf_truncate_unsigned                0x08016e19   Thumb Code    18  _printf_truncate.o(.text)
    _printf_str                              0x08016e2b   Thumb Code    82  _printf_str.o(.text)
    _printf_int_dec                          0x08016e7d   Thumb Code   100  _printf_dec.o(.text)
    _printf_charcount                        0x08016ef1   Thumb Code    40  _printf_charcount.o(.text)
    _printf_char_common                      0x08016f23   Thumb Code    32  _printf_char_common.o(.text)
    _sputc                                   0x08016f49   Thumb Code    10  _sputc.o(.text)
    _printf_wctomb                           0x08016f55   Thumb Code   182  _printf_wctomb.o(.text)
    _printf_longlong_dec                     0x08017011   Thumb Code   104  _printf_longlong_dec.o(.text)
    _printf_longlong_oct                     0x08017089   Thumb Code    68  _printf_oct_int_ll.o(.text)
    _printf_int_oct                          0x080170cd   Thumb Code    24  _printf_oct_int_ll.o(.text)
    _printf_ll_oct                           0x080170e5   Thumb Code    12  _printf_oct_int_ll.o(.text)
    _printf_longlong_hex                     0x080170f9   Thumb Code    86  _printf_hex_int_ll_ptr.o(.text)
    _printf_int_hex                          0x0801714f   Thumb Code    28  _printf_hex_int_ll_ptr.o(.text)
    _printf_ll_hex                           0x0801716b   Thumb Code    12  _printf_hex_int_ll_ptr.o(.text)
    _printf_hex_ptr                          0x08017177   Thumb Code    18  _printf_hex_int_ll_ptr.o(.text)
    __printf                                 0x0801718d   Thumb Code   388  __printf_flags_ss_wp.o(.text)
    __user_libspace                          0x08017315   Thumb Code     8  libspace.o(.text)
    __user_perproc_libspace                  0x08017315   Thumb Code     0  libspace.o(.text)
    __user_perthread_libspace                0x08017315   Thumb Code     0  libspace.o(.text)
    __Heap_ProvideMemory                     0x0801731d   Thumb Code    52  h1_extend.o(.text)
    _ll_udiv10                               0x08017351   Thumb Code   138  lludiv10.o(.text)
    _printf_int_common                       0x080173db   Thumb Code   178  _printf_intcommon.o(.text)
    __lib_sel_fp_printf                      0x0801748d   Thumb Code     2  _printf_fp_dec.o(.text)
    _printf_fp_dec_real                      0x0801763b   Thumb Code   616  _printf_fp_dec.o(.text)
    _printf_cs_common                        0x080178a3   Thumb Code    20  _printf_char.o(.text)
    _printf_char                             0x080178b7   Thumb Code    16  _printf_char.o(.text)
    _printf_string                           0x080178c7   Thumb Code     8  _printf_char.o(.text)
    _printf_lcs_common                       0x080178cf   Thumb Code    20  _printf_wchar.o(.text)
    _printf_wchar                            0x080178e3   Thumb Code    16  _printf_wchar.o(.text)
    _printf_wstring                          0x080178f3   Thumb Code     8  _printf_wchar.o(.text)
    _wcrtomb                                 0x080178fb   Thumb Code    64  _wcrtomb.o(.text)
    __rt_SIGRTMEM                            0x0801793b   Thumb Code    14  defsig_rtmem_outer.o(.text)
    __I$use$semihosting                      0x08017949   Thumb Code     0  use_no_semi.o(.text)
    __use_no_semihosting_swi                 0x08017949   Thumb Code     2  use_no_semi.o(.text)
    __semihosting_library_function           0x0801794b   Thumb Code     0  indicate_semi.o(.text)
    __user_setup_stackheap                   0x0801794b   Thumb Code    74  sys_stackheap_outer.o(.text)
    __rt_ctype_table                         0x08017995   Thumb Code    16  rt_ctype_table.o(.text)
    __rt_locale                              0x080179a5   Thumb Code     8  rt_locale_intlibspace.o(.text)
    _printf_fp_infnan                        0x080179ad   Thumb Code   112  _printf_fp_infnan.o(.text)
    _btod_etento                             0x08017a2d   Thumb Code   212  bigflt0.o(.text)
    exit                                     0x08017b05   Thumb Code    12  exit.o(.text)
    __sig_exit                               0x08017b11   Thumb Code    10  defsig_exit.o(.text)
    __rt_SIGRTMEM_inner                      0x08017b1d   Thumb Code    22  defsig_rtmem_inner.o(.text)
    _sys_exit                                0x08017b6d   Thumb Code     8  sys_exit.o(.text)
    __default_signal_display                 0x08017b79   Thumb Code    50  defsig_general.o(.text)
    strcmp                                   0x08017bad   Thumb Code   128  strcmpv7m.o(.text)
    _ttywrch                                 0x08017c2d   Thumb Code    14  sys_wrch.o(.text)
    _btod_d2e                                0x08017c3b   Thumb Code    62  btod.o(CL$$btod_d2e)
    _d2e_denorm_low                          0x08017c79   Thumb Code    70  btod.o(CL$$btod_d2e_denorm_low)
    _d2e_norm_op1                            0x08017cbf   Thumb Code    96  btod.o(CL$$btod_d2e_norm_op1)
    __btod_div_common                        0x08017d1f   Thumb Code   696  btod.o(CL$$btod_div_common)
    _e2e                                     0x08018057   Thumb Code   198  btod.o(CL$$btod_e2e)
    _btod_ediv                               0x0801811d   Thumb Code    40  btod.o(CL$$btod_ediv)
    _btod_emul                               0x08018145   Thumb Code    40  btod.o(CL$$btod_emul)
    __btod_mult_common                       0x0801816d   Thumb Code   580  btod.o(CL$$btod_mult_common)
    __ARM_fpclassify                         0x080183b1   Thumb Code    40  fpclassify.o(i.__ARM_fpclassify)
    _is_digit                                0x080183d9   Thumb Code    14  __printf_wp.o(i._is_digit)
    _get_lc_numeric                          0x080183e9   Thumb Code    44  lc_numeric_c.o(locale$$code)
    _get_lc_ctype                            0x08018415   Thumb Code    44  lc_ctype_c.o(locale$$code)
    _printf_fp_dec                           0x08018441   Thumb Code     4  printf1.o(x$fpl$printf1)
    __I$use$fp                               0x08018444   Number         0  usenofp.o(x$fpl$usenofp)
    Region$$Table$$Base                      0x08018b68   Number         0  anon$$obj.o(Region$$Table)
    Region$$Table$$Limit                     0x08018b88   Number         0  anon$$obj.o(Region$$Table)
    __ctype                                  0x08018bb1   Data           0  lc_ctype_c.o(locale$$data)
    SystemCoreClock                          0x20000000   Data           4  system_stm32f10x.o(.data)
    AHBPrescTable                            0x20000004   Data          16  system_stm32f10x.o(.data)
    imgDir                                   0x20000028   Data           6  main.o(.data)
    pageDir                                  0x2000002e   Data           5  main.o(.data)
    fontDir                                  0x20000033   Data           5  main.o(.data)
    fSendRes                                 0x20000046   Data           1  main.o(.data)
    fCaptureData                             0x20000047   Data           1  main.o(.data)
    fWarning                                 0x20000048   Data           1  main.o(.data)
    fTestMode                                0x20000049   Data           1  main.o(.data)
    fSdcErr                                  0x2000004a   Data           1  main.o(.data)
    warning                                  0x2000004b   Data           1  main.o(.data)
    res_value                                0x2000004c   Data           1  main.o(.data)
    rcvCountUSART1                           0x2000005a   Data           2  main.o(.data)
    rtS                                      0x2000005c   Data           7  main.o(.data)
    logTime                                  0x20000063   Data           7  main.o(.data)
    networkStatus                            0x2000006a   Data           1  main.o(.data)
    event                                    0x2000006b   Data           1  main.o(.data)
    page                                     0x2000006c   Data           4  main.o(.data)
    buffer                                   0x20000070   Data           4  main.o(.data)
    activePageID                             0x20000074   Data           2  main.o(.data)
    fwLength                                 0x20000078   Data           4  main.o(.data)
    fwVersion                                0x2000007c   Data           2  main.o(.data)
    fUpdateFW                                0x2000007e   Data           1  main.o(.data)
    sysStatus                                0x2000007f   Data           1  main.o(.data)
    status                                   0x20000080   Data           6  main.o(.data)
    wnConfig                                 0x20000086   Data           1  main.o(.data)
    cmd                                      0x20000087   Data           1  main.o(.data)
    captureCount                             0x20000088   Data           2  main.o(.data)
    ledDataLength                            0x2000008a   Data           2  main.o(.data)
    brightness                               0x2000008c   Data           2  main.o(.data)
    TimingDelay                              0x20000090   Data           4  main.o(.data)
    rcvCount                                 0x20000094   Data           2  main.o(.data)
    rcvCountUSART2                           0x20000096   Data           2  main.o(.data)
    key                                      0x200000a4   Data          16  stm32f10x_it.o(.data)
    page_count                               0x200000b4   Data           2  stm32f10x_it.o(.data)
    pageChange                               0x200000b6   Data           1  stm32f10x_it.o(.data)
    fRcvUSART1                               0x200000b7   Data           1  stm32f10x_it.o(.data)
    fRcvUSART2                               0x200000b8   Data           1  stm32f10x_it.o(.data)
    fEthernetHardReseted                     0x200000b9   Data           1  stm32f10x_it.o(.data)
    uart_timeout                             0x200000ba   Data           2  stm32f10x_it.o(.data)
    sysTemp                                  0x200000bc   Data           1  stm32f10x_it.o(.data)
    fSlaveRes                                0x200000bd   Data           1  stm32f10x_it.o(.data)
    slaveResValue                            0x200000be   Data           1  stm32f10x_it.o(.data)
    connTimeout                              0x200000c0   Data           4  stm32f10x_it.o(.data)
    presence                                 0x200000c9   Data           1  ds18b20.o(.data)
    rcvData                                  0x20000c0c   Data        2048  main.o(.bss)
    rcvTestCmd                               0x2000140c   Data        2048  main.o(.bss)
    logData                                  0x20001c0c   Data        2048  main.o(.bss)
    Fatfs                                    0x2000240c   Data         560  main.o(.bss)
    fno                                      0x2000263c   Data          32  main.o(.bss)
    Dir                                      0x2000265c   Data          36  main.o(.bss)
    Fil                                      0x20002680   Data         548  main.o(.bss)
    imgBuffer                                0x20002aec   Data        3461  main.o(.bss)
    hwConfig                                 0x20003871   Data          21  main.o(.bss)
    IV                                       0x20003890   Data          16  stm32f10x_it.o(.bss)
    exp_key                                  0x200038a0   Data         176  stm32f10x_it.o(.bss)
    Dir_P                                    0x20003950   Data          36  pagemng.o(.bss)
    Fil_P                                    0x20003974   Data         548  pagemng.o(.bss)
    __libspace_start                         0x20003cbc   Data          96  libspace.o(.bss)
    __temporary_stack_top$libspace           0x20003d1c   Data           0  libspace.o(.bss)



==============================================================================

Memory Map of the image

  Image Entry point : 0x08008131

  Load Region LR_IROM1 (Base: 0x08008000, Size: 0x000117c0, Max: 0x00078000, ABSOLUTE, COMPRESSED[0x00011744])

    Execution Region ER_IROM1 (Base: 0x08008000, Size: 0x00010cb4, Max: 0x00078000, ABSOLUTE)

    Base Addr    Size         Type   Attr      Idx    E Section Name        Object

    0x08008000   0x00000130   Data   RO            3    RESET               startup_stm32f10x_hd.o
    0x08008130   0x00000008   Code   RO          653  * !!!main             c_w.l(__main.o)
    0x08008138   0x00000034   Code   RO         1020    !!!scatter          c_w.l(__scatter.o)
    0x0800816c   0x00000064   Code   RO         1018    !!dclz77c           c_w.l(__dclz77c.o)
    0x080081d0   0x0000001c   Code   RO         1022    !!handler_zi        c_w.l(__scatter_zi.o)
    0x080081ec   0x00000000   Code   RO          770    .ARM.Collect$$_printf_percent$$00000000  c_w.l(_printf_percent.o)
    0x080081ec   0x00000006   Code   RO          759    .ARM.Collect$$_printf_percent$$00000001  c_w.l(_printf_n.o)
    0x080081f2   0x00000006   Code   RO          761    .ARM.Collect$$_printf_percent$$00000002  c_w.l(_printf_p.o)
    0x080081f8   0x00000006   Code   RO          766    .ARM.Collect$$_printf_percent$$00000003  c_w.l(_printf_f.o)
    0x080081fe   0x00000006   Code   RO          767    .ARM.Collect$$_printf_percent$$00000004  c_w.l(_printf_e.o)
    0x08008204   0x00000006   Code   RO          768    .ARM.Collect$$_printf_percent$$00000005  c_w.l(_printf_g.o)
    0x0800820a   0x00000006   Code   RO          769    .ARM.Collect$$_printf_percent$$00000006  c_w.l(_printf_a.o)
    0x08008210   0x0000000a   Code   RO          774    .ARM.Collect$$_printf_percent$$00000007  c_w.l(_printf_ll.o)
    0x0800821a   0x00000006   Code   RO          763    .ARM.Collect$$_printf_percent$$00000008  c_w.l(_printf_i.o)
    0x08008220   0x00000006   Code   RO          764    .ARM.Collect$$_printf_percent$$00000009  c_w.l(_printf_d.o)
    0x08008226   0x00000006   Code   RO          765    .ARM.Collect$$_printf_percent$$0000000A  c_w.l(_printf_u.o)
    0x0800822c   0x00000006   Code   RO          762    .ARM.Collect$$_printf_percent$$0000000B  c_w.l(_printf_o.o)
    0x08008232   0x00000006   Code   RO          760    .ARM.Collect$$_printf_percent$$0000000C  c_w.l(_printf_x.o)
    0x08008238   0x00000006   Code   RO          771    .ARM.Collect$$_printf_percent$$0000000D  c_w.l(_printf_lli.o)
    0x0800823e   0x00000006   Code   RO          772    .ARM.Collect$$_printf_percent$$0000000E  c_w.l(_printf_lld.o)
    0x08008244   0x00000006   Code   RO          773    .ARM.Collect$$_printf_percent$$0000000F  c_w.l(_printf_llu.o)
    0x0800824a   0x00000006   Code   RO          778    .ARM.Collect$$_printf_percent$$00000010  c_w.l(_printf_llo.o)
    0x08008250   0x00000006   Code   RO          779    .ARM.Collect$$_printf_percent$$00000011  c_w.l(_printf_llx.o)
    0x08008256   0x0000000a   Code   RO          775    .ARM.Collect$$_printf_percent$$00000012  c_w.l(_printf_l.o)
    0x08008260   0x00000006   Code   RO          757    .ARM.Collect$$_printf_percent$$00000013  c_w.l(_printf_c.o)
    0x08008266   0x00000006   Code   RO          758    .ARM.Collect$$_printf_percent$$00000014  c_w.l(_printf_s.o)
    0x0800826c   0x00000006   Code   RO          776    .ARM.Collect$$_printf_percent$$00000015  c_w.l(_printf_lc.o)
    0x08008272   0x00000006   Code   RO          777    .ARM.Collect$$_printf_percent$$00000016  c_w.l(_printf_ls.o)
    0x08008278   0x00000004   Code   RO          869    .ARM.Collect$$_printf_percent$$00000017  c_w.l(_printf_percent_end.o)
    0x0800827c   0x00000002   Code   RO          948    .ARM.Collect$$libinit$$00000000  c_w.l(libinit.o)
    0x0800827e   0x00000000   Code   RO          783    .ARM.Collect$$libinit$$00000002  c_w.l(libinit2.o)
    0x0800827e   0x00000008   Code   RO          784    .ARM.Collect$$libinit$$00000003  c_w.l(libinit2.o)
    0x08008286   0x00000000   Code   RO          786    .ARM.Collect$$libinit$$00000008  c_w.l(libinit2.o)
    0x08008286   0x00000000   Code   RO          788    .ARM.Collect$$libinit$$0000000A  c_w.l(libinit2.o)
    0x08008286   0x00000000   Code   RO          790    .ARM.Collect$$libinit$$0000000C  c_w.l(libinit2.o)
    0x08008286   0x00000006   Code   RO          791    .ARM.Collect$$libinit$$0000000D  c_w.l(libinit2.o)
    0x0800828c   0x00000000   Code   RO          793    .ARM.Collect$$libinit$$0000000F  c_w.l(libinit2.o)
    0x0800828c   0x0000000c   Code   RO          794    .ARM.Collect$$libinit$$00000010  c_w.l(libinit2.o)
    0x08008298   0x00000000   Code   RO          795    .ARM.Collect$$libinit$$00000011  c_w.l(libinit2.o)
    0x08008298   0x00000000   Code   RO          797    .ARM.Collect$$libinit$$00000013  c_w.l(libinit2.o)
    0x08008298   0x0000000a   Code   RO          798    .ARM.Collect$$libinit$$00000014  c_w.l(libinit2.o)
    0x080082a2   0x00000000   Code   RO          799    .ARM.Collect$$libinit$$00000015  c_w.l(libinit2.o)
    0x080082a2   0x00000000   Code   RO          801    .ARM.Collect$$libinit$$00000017  c_w.l(libinit2.o)
    0x080082a2   0x00000000   Code   RO          803    .ARM.Collect$$libinit$$00000019  c_w.l(libinit2.o)
    0x080082a2   0x00000000   Code   RO          805    .ARM.Collect$$libinit$$0000001B  c_w.l(libinit2.o)
    0x080082a2   0x00000000   Code   RO          807    .ARM.Collect$$libinit$$0000001D  c_w.l(libinit2.o)
    0x080082a2   0x00000000   Code   RO          809    .ARM.Collect$$libinit$$0000001F  c_w.l(libinit2.o)
    0x080082a2   0x00000000   Code   RO          811    .ARM.Collect$$libinit$$00000021  c_w.l(libinit2.o)
    0x080082a2   0x00000000   Code   RO          813    .ARM.Collect$$libinit$$00000023  c_w.l(libinit2.o)
    0x080082a2   0x00000000   Code   RO          817    .ARM.Collect$$libinit$$0000002A  c_w.l(libinit2.o)
    0x080082a2   0x00000000   Code   RO          819    .ARM.Collect$$libinit$$0000002C  c_w.l(libinit2.o)
    0x080082a2   0x00000000   Code   RO          821    .ARM.Collect$$libinit$$0000002E  c_w.l(libinit2.o)
    0x080082a2   0x00000000   Code   RO          823    .ARM.Collect$$libinit$$00000030  c_w.l(libinit2.o)
    0x080082a2   0x00000002   Code   RO          824    .ARM.Collect$$libinit$$00000031  c_w.l(libinit2.o)
    0x080082a4   0x00000002   Code   RO         1015    .ARM.Collect$$libshutdown$$00000000  c_w.l(libshutdown.o)
    0x080082a6   0x00000000   Code   RO          975    .ARM.Collect$$libshutdown$$00000003  c_w.l(libshutdown2.o)
    0x080082a6   0x00000000   Code   RO          978    .ARM.Collect$$libshutdown$$00000006  c_w.l(libshutdown2.o)
    0x080082a6   0x00000000   Code   RO          981    .ARM.Collect$$libshutdown$$00000009  c_w.l(libshutdown2.o)
    0x080082a6   0x00000000   Code   RO          983    .ARM.Collect$$libshutdown$$0000000B  c_w.l(libshutdown2.o)
    0x080082a6   0x00000000   Code   RO          986    .ARM.Collect$$libshutdown$$0000000E  c_w.l(libshutdown2.o)
    0x080082a6   0x00000002   Code   RO          987    .ARM.Collect$$libshutdown$$0000000F  c_w.l(libshutdown2.o)
    0x080082a8   0x00000000   Code   RO          657    .ARM.Collect$$rtentry$$00000000  c_w.l(rtentry.o)
    0x080082a8   0x00000000   Code   RO          833    .ARM.Collect$$rtentry$$00000002  c_w.l(rtentry2.o)
    0x080082a8   0x00000006   Code   RO          845    .ARM.Collect$$rtentry$$00000004  c_w.l(rtentry4.o)
    0x080082ae   0x00000000   Code   RO          835    .ARM.Collect$$rtentry$$00000009  c_w.l(rtentry2.o)
    0x080082ae   0x00000004   Code   RO          836    .ARM.Collect$$rtentry$$0000000A  c_w.l(rtentry2.o)
    0x080082b2   0x00000000   Code   RO          838    .ARM.Collect$$rtentry$$0000000C  c_w.l(rtentry2.o)
    0x080082b2   0x00000008   Code   RO          839    .ARM.Collect$$rtentry$$0000000D  c_w.l(rtentry2.o)
    0x080082ba   0x00000002   Code   RO          956    .ARM.Collect$$rtexit$$00000000  c_w.l(rtexit.o)
    0x080082bc   0x00000000   Code   RO          991    .ARM.Collect$$rtexit$$00000002  c_w.l(rtexit2.o)
    0x080082bc   0x00000004   Code   RO          992    .ARM.Collect$$rtexit$$00000003  c_w.l(rtexit2.o)
    0x080082c0   0x00000006   Code   RO          993    .ARM.Collect$$rtexit$$00000004  c_w.l(rtexit2.o)
    0x080082c6   0x00000002   PAD
    0x080082c8   0x00000000   Code   RO          851    .emb_text           c_w.l(maybetermalloc1.o)
    0x080082c8   0x00000040   Code   RO            4    .text               startup_stm32f10x_hd.o
    0x08008308   0x000001e0   Code   RO           24    .text               system_stm32f10x.o
    0x080084e8   0x00000408   Code   RO           49    .text               stm32f10x_usart.o
    0x080088f0   0x000003a4   Code   RO           78    .text               stm32f10x_rcc.o
    0x08008c94   0x0000035c   Code   RO          122    .text               stm32f10x_gpio.o
    0x08008ff0   0x000000dc   Code   RO          134    .text               misc.o
    0x080090cc   0x0000044e   Code   RO          146    .text               stm32f10x_adc.o
    0x0800951a   0x00000002   PAD
    0x0800951c   0x0000030c   Code   RO          158    .text               stm32f10x_spi.o
    0x08009828   0x00000404   Code   RO          170    .text               stm32f10x_i2c.o
    0x08009c2c   0x00000e1a   Code   RO          182    .text               stm32f10x_tim.o
    0x0800aa46   0x00000002   PAD
    0x0800aa48   0x000005bc   Code   RO          194    .text               stm32f10x_flash.o
    0x0800b004   0x0000011c   Code   RO          206    .text               stm32f10x_exti.o
    0x0800b120   0x00000040   Code   RO          218    .text               stm32f10x_iwdg.o
    0x0800b160   0x00004ed0   Code   RO          230    .text               main.o
    0x08010030   0x000007e8   Code   RO          342    .text               stm32f10x_it.o
    0x08010818   0x000006a8   Code   RO          393    .text               hardwareconfig.o
    0x08010ec0   0x000003cc   Code   RO          409    .text               stm32_ds1307.o
    0x0801128c   0x000001cc   Code   RO          424    .text               ds18b20.o
    0x08011458   0x000010ba   Code   RO          439    .text               pagemng.o
    0x08012512   0x00000002   PAD
    0x08012514   0x000000d0   Code   RO          474    .text               c_func.o
    0x080125e4   0x00000d9c   Code   RO          496    .text               aes128.o
    0x08013380   0x000005fc   Code   RO          510    .text               diskio.o
    0x0801397c   0x00002d36   Code   RO          524    .text               ff.o
    0x080166b2   0x00000002   PAD
    0x080166b4   0x00000080   Code   RO          543    .text               ccsbcs.o
    0x08016734   0x00000018   Code   RO          559    .text               c_w.l(stats.o)
    0x0801674c   0x00000028   Code   RO          567    .text               c_w.l(calloc.o)
    0x08016774   0x0000005e   Code   RO          569    .text               c_w.l(h1_alloc.o)
    0x080167d2   0x0000004e   Code   RO          571    .text               c_w.l(h1_free.o)
    0x08016820   0x000000b8   Code   RO          573    .text               c_w.l(h1_realloc.o)
    0x080168d8   0x000000ee   Code   RO          631    .text               c_w.l(lludivv7m.o)
    0x080169c6   0x00000002   PAD
    0x080169c8   0x00000024   Code   RO          633    .text               c_w.l(c89vsprintf.o)
    0x080169ec   0x00000024   Code   RO          635    .text               c_w.l(strstr.o)
    0x08016a10   0x00000048   Code   RO          637    .text               c_w.l(strcpy.o)
    0x08016a58   0x0000003e   Code   RO          639    .text               c_w.l(strlen.o)
    0x08016a96   0x00000018   Code   RO          641    .text               c_w.l(strcat.o)
    0x08016aae   0x0000008a   Code   RO          643    .text               c_w.l(rt_memcpy_v6.o)
    0x08016b38   0x00000064   Code   RO          645    .text               c_w.l(rt_memcpy_w.o)
    0x08016b9c   0x00000044   Code   RO          647    .text               c_w.l(rt_memclr.o)
    0x08016be0   0x0000004e   Code   RO          649    .text               c_w.l(rt_memclr_w.o)
    0x08016c2e   0x00000006   Code   RO          651    .text               c_w.l(heapauxi.o)
    0x08016c34   0x00000008   Code   RO          665    .text               c_w.l(rt_heap_descriptor_intlibspace.o)
    0x08016c3c   0x00000004   Code   RO          667    .text               c_w.l(hguard.o)
    0x08016c40   0x0000008a   Code   RO          669    .text               c_w.l(init_alloc.o)
    0x08016cca   0x0000000e   Code   RO          673    .text               c_w.l(h1_init.o)
    0x08016cd8   0x000000e0   Code   RO          677    .text               c_w.l(h1_stats.o)
    0x08016db8   0x0000004e   Code   RO          691    .text               c_w.l(_printf_pad.o)
    0x08016e06   0x00000024   Code   RO          693    .text               c_w.l(_printf_truncate.o)
    0x08016e2a   0x00000052   Code   RO          695    .text               c_w.l(_printf_str.o)
    0x08016e7c   0x00000074   Code   RO          697    .text               c_w.l(_printf_dec.o)
    0x08016ef0   0x00000028   Code   RO          699    .text               c_w.l(_printf_charcount.o)
    0x08016f18   0x00000030   Code   RO          701    .text               c_w.l(_printf_char_common.o)
    0x08016f48   0x0000000a   Code   RO          703    .text               c_w.l(_sputc.o)
    0x08016f52   0x00000002   PAD
    0x08016f54   0x000000bc   Code   RO          705    .text               c_w.l(_printf_wctomb.o)
    0x08017010   0x00000078   Code   RO          708    .text               c_w.l(_printf_longlong_dec.o)
    0x08017088   0x00000070   Code   RO          714    .text               c_w.l(_printf_oct_int_ll.o)
    0x080170f8   0x00000094   Code   RO          734    .text               c_w.l(_printf_hex_int_ll_ptr.o)
    0x0801718c   0x00000188   Code   RO          754    .text               c_w.l(__printf_flags_ss_wp.o)
    0x08017314   0x00000008   Code   RO          829    .text               c_w.l(libspace.o)
    0x0801731c   0x00000034   Code   RO          853    .text               c_w.l(h1_extend.o)
    0x08017350   0x0000008a   Code   RO          857    .text               c_w.l(lludiv10.o)
    0x080173da   0x000000b2   Code   RO          859    .text               c_w.l(_printf_intcommon.o)
    0x0801748c   0x00000416   Code   RO          861    .text               c_w.l(_printf_fp_dec.o)
    0x080178a2   0x0000002c   Code   RO          865    .text               c_w.l(_printf_char.o)
    0x080178ce   0x0000002c   Code   RO          867    .text               c_w.l(_printf_wchar.o)
    0x080178fa   0x00000040   Code   RO          870    .text               c_w.l(_wcrtomb.o)
    0x0801793a   0x0000000e   Code   RO          872    .text               c_w.l(defsig_rtmem_outer.o)
    0x08017948   0x00000002   Code   RO          883    .text               c_w.l(use_no_semi.o)
    0x0801794a   0x00000000   Code   RO          885    .text               c_w.l(indicate_semi.o)
    0x0801794a   0x0000004a   Code   RO          886    .text               c_w.l(sys_stackheap_outer.o)
    0x08017994   0x00000010   Code   RO          888    .text               c_w.l(rt_ctype_table.o)
    0x080179a4   0x00000008   Code   RO          895    .text               c_w.l(rt_locale_intlibspace.o)
    0x080179ac   0x00000080   Code   RO          899    .text               c_w.l(_printf_fp_infnan.o)
    0x08017a2c   0x000000d8   Code   RO          901    .text               c_w.l(bigflt0.o)
    0x08017b04   0x0000000c   Code   RO          929    .text               c_w.l(exit.o)
    0x08017b10   0x0000000a   Code   RO          931    .text               c_w.l(defsig_exit.o)
    0x08017b1a   0x00000002   PAD
    0x08017b1c   0x00000050   Code   RO          937    .text               c_w.l(defsig_rtmem_inner.o)
    0x08017b6c   0x0000000c   Code   RO          954    .text               c_w.l(sys_exit.o)
    0x08017b78   0x00000032   Code   RO          967    .text               c_w.l(defsig_general.o)
    0x08017baa   0x00000002   PAD
    0x08017bac   0x00000080   Code   RO          971    .text               c_w.l(strcmpv7m.o)
    0x08017c2c   0x0000000e   Code   RO          988    .text               c_w.l(sys_wrch.o)
    0x08017c3a   0x0000003e   Code   RO          904    CL$$btod_d2e        c_w.l(btod.o)
    0x08017c78   0x00000046   Code   RO          906    CL$$btod_d2e_denorm_low  c_w.l(btod.o)
    0x08017cbe   0x00000060   Code   RO          905    CL$$btod_d2e_norm_op1  c_w.l(btod.o)
    0x08017d1e   0x00000338   Code   RO          914    CL$$btod_div_common  c_w.l(btod.o)
    0x08018056   0x000000c6   Code   RO          911    CL$$btod_e2e        c_w.l(btod.o)
    0x0801811c   0x00000028   Code   RO          908    CL$$btod_ediv       c_w.l(btod.o)
    0x08018144   0x00000028   Code   RO          907    CL$$btod_emul       c_w.l(btod.o)
    0x0801816c   0x00000244   Code   RO          913    CL$$btod_mult_common  c_w.l(btod.o)
    0x080183b0   0x00000028   Code   RO          952    i.__ARM_fpclassify  m_ws.l(fpclassify.o)
    0x080183d8   0x0000000e   Code   RO          747    i._is_digit         c_w.l(__printf_wp.o)
    0x080183e6   0x00000002   PAD
    0x080183e8   0x0000002c   Code   RO          927    locale$$code        c_w.l(lc_numeric_c.o)
    0x08018414   0x0000002c   Code   RO          963    locale$$code        c_w.l(lc_ctype_c.o)
    0x08018440   0x00000004   Code   RO          825    x$fpl$printf1       fz_ws.l(printf1.o)
    0x08018444   0x00000000   Code   RO          951    x$fpl$usenofp       fz_ws.l(usenofp.o)
    0x08018444   0x000000ba   Data   RO          526    .constdata          ff.o
    0x080184fe   0x000004c0   Data   RO          544    .constdata          ccsbcs.o
    0x080189be   0x00000002   PAD
    0x080189c0   0x00000008   Data   RO          706    .constdata          c_w.l(_printf_wctomb.o)
    0x080189c8   0x00000028   Data   RO          735    .constdata          c_w.l(_printf_hex_int_ll_ptr.o)
    0x080189f0   0x00000011   Data   RO          755    .constdata          c_w.l(__printf_flags_ss_wp.o)
    0x08018a01   0x00000003   PAD
    0x08018a04   0x00000094   Data   RO          902    .constdata          c_w.l(bigflt0.o)
    0x08018a98   0x000000d0   Data   RO          233    .conststring        main.o
    0x08018b68   0x00000020   Data   RO         1016    Region$$Table       anon$$obj.o
    0x08018b88   0x0000001c   Data   RO          926    locale$$data        c_w.l(lc_numeric_c.o)
    0x08018ba4   0x00000110   Data   RO          962    locale$$data        c_w.l(lc_ctype_c.o)


    Execution Region RW_IRAM1 (Base: 0x20000000, Size: 0x0000c520, Max: 0x00010000, ABSOLUTE, COMPRESSED[0x00000a90])

    Base Addr    Size         Type   Attr      Idx    E Section Name        Object

    0x20000000   0x00000014   Data   RW           25    .data               system_stm32f10x.o
    0x20000014   0x00000014   Data   RW           79    .data               stm32f10x_rcc.o
    0x20000028   0x0000007c   Data   RW          234    .data               main.o
    0x200000a4   0x00000025   Data   RW          344    .data               stm32f10x_it.o
    0x200000c9   0x00000001   Data   RW          425    .data               ds18b20.o
    0x200000ca   0x00000002   PAD
    0x200000cc   0x00000a28   Data   RW          497    .data               aes128.o
    0x20000af4   0x00000010   Data   RW          511    .data               diskio.o
    0x20000b04   0x00000006   Data   RW          527    .data               ff.o
    0x20000b0a   0x00000002   PAD
    0x20000b0c   0x00002d84   Zero   RW          231    .bss                main.o
    0x20003890   0x000000c0   Zero   RW          343    .bss                stm32f10x_it.o
    0x20003950   0x00000269   Zero   RW          440    .bss                pagemng.o
    0x20003bb9   0x00000001   PAD
    0x20003bba   0x00000102   Zero   RW          525    .bss                ff.o
    0x20003cbc   0x00000060   Zero   RW          830    .bss                c_w.l(libspace.o)
    0x20003d1c   0x00000004   PAD
    0x20003d20   0x00008000   Zero   RW            2    HEAP                startup_stm32f10x_hd.o
    0x2000bd20   0x00000800   Zero   RW            1    STACK               startup_stm32f10x_hd.o


==============================================================================

Image component sizes


      Code (inc. data)   RO Data    RW Data    ZI Data      Debug   Object Name

      3484         36          0       2600          0       3354   aes128.o
       208          0          0          0          0       2439   c_func.o
       128         12       1216          0          0       1437   ccsbcs.o
         0          0          0          0          0       4272   core_cm3.o
      1532         44          0         16          0       6105   diskio.o
       460         10          0          1          0       2001   ds18b20.o
     11574        132        186          6        258      32117   ff.o
      1704         64          0          0          0      18343   hardwareconfig.o
     20176       4876        208        124      11652     317654   main.o
       220         22          0          0          0       1917   misc.o
      4282         86          0          0        617      12435   pagemng.o
        64         26        304          0      34816        932   startup_stm32f10x_hd.o
       972         24          0          0          0       4943   stm32_ds1307.o
      1102         26          0          0          0      10953   stm32f10x_adc.o
       284         10          0          0          0       2351   stm32f10x_exti.o
      1468         34          0          0          0       8150   stm32f10x_flash.o
       860         38          0          0          0       5765   stm32f10x_gpio.o
      1028         16          0          0          0       9227   stm32f10x_i2c.o
      2024        370          0         37        192      29210   stm32f10x_it.o
        64          6          0          0          0       1301   stm32f10x_iwdg.o
       932         36          0         20          0      72424   stm32f10x_rcc.o
       780         14          0          0          0       6646   stm32f10x_spi.o
      3610         88          0          0          0      22252   stm32f10x_tim.o
      1032         22          0          0          0     226616   stm32f10x_usart.o
       480         40          0         20          0       2055   system_stm32f10x.o

    ----------------------------------------------------------------------
     58476       6032       1948       2828      47536     804899   Object Totals
         0          0         32          0          0          0   (incl. Generated)
         8          0          2          4          1          0   (incl. Padding)

    ----------------------------------------------------------------------

      Code (inc. data)   RO Data    RW Data    ZI Data      Debug   Library Member Name

       100          0          0          0          0          0   __dclz77c.o
         8          0          0          0          0         68   __main.o
       392          4         17          0          0         92   __printf_flags_ss_wp.o
        14          0          0          0          0         68   __printf_wp.o
        52          8          0          0          0          0   __scatter.o
        28          0          0          0          0          0   __scatter_zi.o
         6          0          0          0          0          0   _printf_a.o
         6          0          0          0          0          0   _printf_c.o
        44          0          0          0          0        108   _printf_char.o
        48          6          0          0          0         96   _printf_char_common.o
        40          0          0          0          0         68   _printf_charcount.o
         6          0          0          0          0          0   _printf_d.o
       116         16          0          0          0         92   _printf_dec.o
         6          0          0          0          0          0   _printf_e.o
         6          0          0          0          0          0   _printf_f.o
      1046          0          0          0          0        216   _printf_fp_dec.o
       128         16          0          0          0         84   _printf_fp_infnan.o
         6          0          0          0          0          0   _printf_g.o
       148          4         40          0          0        160   _printf_hex_int_ll_ptr.o
         6          0          0          0          0          0   _printf_i.o
       178          0          0          0          0         88   _printf_intcommon.o
        10          0          0          0          0          0   _printf_l.o
         6          0          0          0          0          0   _printf_lc.o
        10          0          0          0          0          0   _printf_ll.o
         6          0          0          0          0          0   _printf_lld.o
         6          0          0          0          0          0   _printf_lli.o
         6          0          0          0          0          0   _printf_llo.o
         6          0          0          0          0          0   _printf_llu.o
         6          0          0          0          0          0   _printf_llx.o
       120         16          0          0          0         92   _printf_longlong_dec.o
         6          0          0          0          0          0   _printf_ls.o
         6          0          0          0          0          0   _printf_n.o
         6          0          0          0          0          0   _printf_o.o
       112          8          0          0          0        124   _printf_oct_int_ll.o
         6          0          0          0          0          0   _printf_p.o
        78          0          0          0          0        108   _printf_pad.o
         0          0          0          0          0          0   _printf_percent.o
         4          0          0          0          0          0   _printf_percent_end.o
         6          0          0          0          0          0   _printf_s.o
        82          0          0          0          0         80   _printf_str.o
        36          0          0          0          0         84   _printf_truncate.o
         6          0          0          0          0          0   _printf_u.o
        44          0          0          0          0        108   _printf_wchar.o
       188          6          8          0          0         92   _printf_wctomb.o
         6          0          0          0          0          0   _printf_x.o
        10          0          0          0          0         68   _sputc.o
        64          0          0          0          0         92   _wcrtomb.o
       216          4        148          0          0         96   bigflt0.o
      1910        128          0          0          0        672   btod.o
        36          4          0          0          0         76   c89vsprintf.o
        40          0          0          0          0         80   calloc.o
        10          0          0          0          0         68   defsig_exit.o
        50          0          0          0          0         88   defsig_general.o
        80         58          0          0          0         76   defsig_rtmem_inner.o
        14          0          0          0          0         80   defsig_rtmem_outer.o
        12          0          0          0          0         72   exit.o
        94          0          0          0          0         80   h1_alloc.o
        52          0          0          0          0         68   h1_extend.o
        78          0          0          0          0         80   h1_free.o
        14          0          0          0          0         84   h1_init.o
       184          0          0          0          0         92   h1_realloc.o
       224         72          0          0          0        100   h1_stats.o
         6          0          0          0          0        152   heapauxi.o
         4          0          0          0          0        136   hguard.o
         0          0          0          0          0          0   indicate_semi.o
       138          0          0          0          0        168   init_alloc.o
        44         10        272          0          0         76   lc_ctype_c.o
        44         10         28          0          0         76   lc_numeric_c.o
         2          0          0          0          0          0   libinit.o
        38          0          0          0          0          0   libinit2.o
         2          0          0          0          0          0   libshutdown.o
         2          0          0          0          0          0   libshutdown2.o
         8          4          0          0         96         68   libspace.o
       138          0          0          0          0         80   lludiv10.o
       238          0          0          0          0        100   lludivv7m.o
         0          0          0          0          0          0   maybetermalloc1.o
        16          4          0          0          0         76   rt_ctype_table.o
         8          4          0          0          0         68   rt_heap_descriptor_intlibspace.o
         8          4          0          0          0         68   rt_locale_intlibspace.o
        68          0          0          0          0         68   rt_memclr.o
        78          0          0          0          0         80   rt_memclr_w.o
       138          0          0          0          0         68   rt_memcpy_v6.o
       100          0          0          0          0         80   rt_memcpy_w.o
         0          0          0          0          0          0   rtentry.o
        12          0          0          0          0          0   rtentry2.o
         6          0          0          0          0          0   rtentry4.o
         2          0          0          0          0          0   rtexit.o
        10          0          0          0          0          0   rtexit2.o
        24          0          0          0          0         88   stats.o
        24          0          0          0          0         68   strcat.o
       128          0          0          0          0         68   strcmpv7m.o
        72          0          0          0          0         80   strcpy.o
        62          0          0          0          0         76   strlen.o
        36          0          0          0          0         80   strstr.o
        12          4          0          0          0         68   sys_exit.o
        74          0          0          0          0         80   sys_stackheap_outer.o
        14          0          0          0          0         76   sys_wrch.o
         2          0          0          0          0         68   use_no_semi.o
         4          0          0          0          0         68   printf1.o
         0          0          0          0          0          0   usenofp.o
        40          0          0          0          0         68   fpclassify.o

    ----------------------------------------------------------------------
      7848        390        516          0        100       6052   Library Totals
        12          0          3          0          4          0   (incl. Padding)

    ----------------------------------------------------------------------

      Code (inc. data)   RO Data    RW Data    ZI Data      Debug   Library Name

      7792        390        513          0         96       5916   c_w.l
         4          0          0          0          0         68   fz_ws.l
        40          0          0          0          0         68   m_ws.l

    ----------------------------------------------------------------------
      7848        390        516          0        100       6052   Library Totals

    ----------------------------------------------------------------------

==============================================================================


      Code (inc. data)   RO Data    RW Data    ZI Data      Debug   

     66324       6422       2464       2828      47636     805019   Grand Totals
     66324       6422       2464       2704      47636     805019   ELF Image Totals (compressed)
     66324       6422       2464       2704          0          0   ROM Totals

==============================================================================

    Total RO  Size (Code + RO Data)                68788 (  67.18kB)
    Total RW  Size (RW Data + ZI Data)             50464 (  49.28kB)
    Total ROM Size (Code + RO Data + RW Data)      71492 (  69.82kB)

==============================================================================

