<html>
<body>
<pre>
<h1>µVision Build Log</h1>
<h2>Project:</h2>
E:\Working\VMS\Source\Keil\VMS Controller\ICON V1.1\Main Controller 2x3\Main Controller.uvproj
Project File Date:  01/20/2017

<h2>Output:</h2>
Build target 'Main Controller'
linking...
Program Size: Code=66324 RO-data=2464 RW-data=2828 ZI-data=47636  
FromELF: creating hex file...
".\Obj\Main Controller.axf" - 0 Error(s), 0 Warning(s).
Load "E:\\Working\\VMS\\Source\\Keil\\VMS Controller\\ICON V1.1\\Main Controller 2x3\\Obj\\Main Controller.axf" 
Erase Done.
Programming Done.
Verify OK.
Application running ...
Load "E:\\Working\\VMS\\Source\\Keil\\VMS Controller\\ICON V1.1\\Main Controller 2x3\\Obj\\Main Controller.axf" 
Erase Done.
Programming Done.
Verify OK.
Application running ...
Load "E:\\Working\\VMS\\Source\\Keil\\VMS Controller\\ICON V1.1\\Main Controller 2x3\\Obj\\Main Controller.axf" 
Erase Done.
Programming Done.
Verify OK.
Application running ...
</pre>
</body>
</html>
