<html>
<body>
<pre>
<h1>µVision Build Log</h1>
<h2>Project:</h2>
E:\Project\LED Matrix project\SVN\trunk\WIP\thaibv\Source Code\VMS Controller\ICON V1.1\Led Controller\Led Controller.uvproj
Project File Date:  08/21/2014

<h2>Output:</h2>
Build target 'LED Controller'
linking...
Program Size: Code=30300 RO-data=852 RW-data=112 ZI-data=61632  
FromELF: creating hex file...
".\obj\Led Controller.axf" - 0 Errors, 0 Warning(s).
Build target 'LED Controller'
compiling main.c...
Project\main.c(130): warning:  #111-D: statement is unreachable
Project\main.c(99): warning:  #177-D: variable "j" was declared but never referenced
Project\main.c(232): warning:  #223-D: function "OE_Control" declared implicitly
Project\main.c(720): warning:  #177-D: variable "k" was declared but never referenced
Project\main.c(721): warning:  #177-D: variable "popup_temp" was declared but never referenced
Project\main.c(1212): warning:  #550-D: variable "status" was set but never used
Project\main.c(1342): warning:  #550-D: variable "status" was set but never used
linking...
Program Size: Code=30284 RO-data=852 RW-data=112 ZI-data=61632  
FromELF: creating hex file...
".\obj\Led Controller.axf" - 0 Errors, 7 Warning(s).
Build target 'LED Controller'
linking...
Program Size: Code=30284 RO-data=852 RW-data=112 ZI-data=61632  
FromELF: creating hex file...
".\obj\Led Controller.axf" - 0 Errors, 0 Warning(s).
Build target 'LED Controller'
compiling main.c...
Project\main.c(130): warning:  #111-D: statement is unreachable
Project\main.c(99): warning:  #177-D: variable "j" was declared but never referenced
Project\main.c(232): warning:  #223-D: function "OE_Control" declared implicitly
Project\main.c(720): warning:  #177-D: variable "k" was declared but never referenced
Project\main.c(721): warning:  #177-D: variable "popup_temp" was declared but never referenced
Project\main.c(1212): warning:  #550-D: variable "status" was set but never used
Project\main.c(1342): warning:  #550-D: variable "status" was set but never used
linking...
Program Size: Code=30284 RO-data=852 RW-data=112 ZI-data=61632  
FromELF: creating hex file...
".\obj\Led Controller.axf" - 0 Errors, 7 Warning(s).
Build target 'LED Controller'
linking...
Program Size: Code=30284 RO-data=852 RW-data=112 ZI-data=61632  
FromELF: creating hex file...
".\obj\Led Controller.axf" - 0 Errors, 0 Warning(s).
Build target 'LED Controller'
linking...
Program Size: Code=30284 RO-data=852 RW-data=112 ZI-data=61632  
FromELF: creating hex file...
".\obj\Led Controller.axf" - 0 Errors, 0 Warning(s).
Build target 'LED Controller'
linking...
Program Size: Code=30284 RO-data=852 RW-data=112 ZI-data=61632  
FromELF: creating hex file...
".\obj\Led Controller.axf" - 0 Errors, 0 Warning(s).
Build target 'LED Controller'
compiling main.c...
Project\main.c(130): warning:  #111-D: statement is unreachable
Project\main.c(99): warning:  #177-D: variable "j" was declared but never referenced
Project\main.c(232): warning:  #223-D: function "OE_Control" declared implicitly
Project\main.c(720): warning:  #177-D: variable "k" was declared but never referenced
Project\main.c(721): warning:  #177-D: variable "popup_temp" was declared but never referenced
Project\main.c(1212): warning:  #550-D: variable "status" was set but never used
Project\main.c(1342): warning:  #550-D: variable "status" was set but never used
compiling stm32f10x_it.c...
Project\stm32f10x_it.c(222): warning:  #550-D: variable "temp" was set but never used
compiling ledMatrix.c...
compiling HardwareConfig.c...
compiling font.c...
Project\font.c(435): warning:  #550-D: variable "status" was set but never used
linking...
Program Size: Code=30528 RO-data=852 RW-data=112 ZI-data=61632  
FromELF: creating hex file...
".\obj\Led Controller.axf" - 0 Errors, 9 Warning(s).
Build target 'LED Controller'
linking...
Program Size: Code=30528 RO-data=852 RW-data=112 ZI-data=61632  
FromELF: creating hex file...
".\obj\Led Controller.axf" - 0 Errors, 0 Warning(s).
Build target 'LED Controller'
linking...
Program Size: Code=30528 RO-data=852 RW-data=112 ZI-data=61632  
FromELF: creating hex file...
".\obj\Led Controller.axf" - 0 Errors, 0 Warning(s).
Build target 'LED Controller'
linking...
Program Size: Code=30528 RO-data=852 RW-data=112 ZI-data=61632  
FromELF: creating hex file...
".\obj\Led Controller.axf" - 0 Errors, 0 Warning(s).
Build target 'LED Controller'
linking...
Program Size: Code=30528 RO-data=852 RW-data=112 ZI-data=61632  
FromELF: creating hex file...
".\obj\Led Controller.axf" - 0 Errors, 0 Warning(s).
Load "E:\\Project\\LED Matrix project\\SVN\\trunk\\WIP\\thaibv\\Source Code\\VMS Controller\\ICON V1.1\\Led Controller\\obj\\Led Controller.axf" 
Set JLink Project File to "E:\Project\LED Matrix project\SVN\trunk\WIP\thaibv\Source Code\VMS Controller\ICON V1.1\Led Controller\JLinkSettings.ini"
* JLink Info: Device "STM32F103VE" selected (512 KB flash, 64 KB RAM).
 
JLink info:
------------
DLL: V4.68a, compiled Apr 12 2013 13:26:50
Firmware: J-Link ARM-OB STM32 compiled Aug 22 2012 19:52:04
Hardware: V7.00
S/N : 20090928 
Feature(s) : RDI,FlashDL,FlashBP,JFlash,GDBFull 
 
* JLink Info: Found SWD-DP with ID 0x1BA01477
* JLink Info: Found SWD-DP with ID 0x1BA01477
* JLink Info: TPIU fitted.
* JLink Info: ETM fitted.
* JLink Info: FPUnit: 6 code (BP) slots and 2 literal slots
* JLink Info: Found Cortex-M3 r1p1, Little endian.
ROMTableAddr = 0xE00FF003
 
Target info:
------------
Device: STM32F103VE
VTarget = 3.300V
State of Pins: 
TCK: 0, TDI: 0, TDO: 1, TMS: 0, TRES: 1, TRST: 1
Hardware-Breakpoints: 6
Software-Breakpoints: 8192
Watchpoints:          4
JTAG speed: 1000 kHz
 
Erase Done.
Programming Done.
Verify OK.
Application running ...
Build target 'LED Controller'
compiling main.c...
Project\main.c(130): warning:  #111-D: statement is unreachable
Project\main.c(99): warning:  #177-D: variable "j" was declared but never referenced
Project\main.c(232): warning:  #223-D: function "OE_Control" declared implicitly
Project\main.c(720): warning:  #177-D: variable "k" was declared but never referenced
Project\main.c(721): warning:  #177-D: variable "popup_temp" was declared but never referenced
Project\main.c(1212): warning:  #550-D: variable "status" was set but never used
Project\main.c(1342): warning:  #550-D: variable "status" was set but never used
linking...
Program Size: Code=30528 RO-data=852 RW-data=112 ZI-data=61632  
FromELF: creating hex file...
".\obj\Led Controller.axf" - 0 Errors, 7 Warning(s).
Build target 'LED Controller'
linking...
Program Size: Code=30528 RO-data=852 RW-data=112 ZI-data=61632  
FromELF: creating hex file...
".\obj\Led Controller.axf" - 0 Errors, 0 Warning(s).
Load "E:\\Project\\LED Matrix project\\SVN\\trunk\\WIP\\thaibv\\Source Code\\VMS Controller\\ICON V1.1\\Led Controller\\obj\\Led Controller.axf" 
Load "E:\\Project\\LED Matrix project\\SVN\\trunk\\WIP\\thaibv\\Source Code\\VMS Controller\\ICON V1.1\\Led Controller\\obj\\Led Controller.axf" 
Set JLink Project File to "E:\Project\LED Matrix project\SVN\trunk\WIP\thaibv\Source Code\VMS Controller\ICON V1.1\Led Controller\JLinkSettings.ini"
* JLink Info: Device "STM32F103VE" selected (512 KB flash, 64 KB RAM).
 
JLink info:
------------
DLL: V4.68a, compiled Apr 12 2013 13:26:50
Firmware: J-Link ARM-OB STM32 compiled Aug 22 2012 19:52:04
Hardware: V7.00
S/N : 20090928 
Feature(s) : RDI,FlashDL,FlashBP,JFlash,GDBFull 
 
* JLink Info: Found SWD-DP with ID 0x1BA01477
* JLink Info: Found SWD-DP with ID 0x1BA01477
* JLink Info: TPIU fitted.
* JLink Info: ETM fitted.
* JLink Info: FPUnit: 6 code (BP) slots and 2 literal slots
* JLink Info: Found Cortex-M3 r1p1, Little endian.
ROMTableAddr = 0xE00FF003
 
Target info:
------------
Device: STM32F103VE
VTarget = 3.300V
State of Pins: 
TCK: 0, TDI: 0, TDO: 1, TMS: 0, TRES: 1, TRST: 1
Hardware-Breakpoints: 6
Software-Breakpoints: 8192
Watchpoints:          4
JTAG speed: 1000 kHz
 
Erase Done.
Programming Done.
Verify OK.
Application running ...
Build target 'LED Controller'
linking...
Program Size: Code=30528 RO-data=852 RW-data=112 ZI-data=61632  
FromELF: creating hex file...
".\obj\Led Controller.axf" - 0 Errors, 0 Warning(s).
Build target 'LED Controller'
linking...
Program Size: Code=30528 RO-data=852 RW-data=112 ZI-data=61632  
FromELF: creating hex file...
".\obj\Led Controller.axf" - 0 Errors, 0 Warning(s).
Load "E:\\Project\\LED Matrix project\\SVN\\trunk\\WIP\\thaibv\\Source Code\\VMS Controller\\ICON V1.1\\Led Controller\\obj\\Led Controller.axf" 
Set JLink Project File to "E:\Project\LED Matrix project\SVN\trunk\WIP\thaibv\Source Code\VMS Controller\ICON V1.1\Led Controller\JLinkSettings.ini"
* JLink Info: Device "STM32F103VE" selected (512 KB flash, 64 KB RAM).
 
JLink info:
------------
DLL: V4.68a, compiled Apr 12 2013 13:26:50
Firmware: J-Link ARM-OB STM32 compiled Aug 22 2012 19:52:04
Hardware: V7.00
S/N : 20090928 
Feature(s) : RDI,FlashDL,FlashBP,JFlash,GDBFull 
 
* JLink Info: Found SWD-DP with ID 0x1BA01477
* JLink Info: Found SWD-DP with ID 0x1BA01477
* JLink Info: TPIU fitted.
* JLink Info: ETM fitted.
* JLink Info: FPUnit: 6 code (BP) slots and 2 literal slots
* JLink Info: Found Cortex-M3 r1p1, Little endian.
ROMTableAddr = 0xE00FF003
 
Target info:
------------
Device: STM32F103VE
VTarget = 3.300V
State of Pins: 
TCK: 0, TDI: 0, TDO: 1, TMS: 0, TRES: 1, TRST: 1
Hardware-Breakpoints: 6
Software-Breakpoints: 8192
Watchpoints:          4
JTAG speed: 1000 kHz
 
Erase Done.
Programming Done.
Verify OK.
Application running ...
Build target 'LED Controller'
compiling main.c...
Project\main.c(130): warning:  #111-D: statement is unreachable
Project\main.c(99): warning:  #177-D: variable "j" was declared but never referenced
Project\main.c(232): warning:  #223-D: function "OE_Control" declared implicitly
Project\main.c(720): warning:  #177-D: variable "k" was declared but never referenced
Project\main.c(721): warning:  #177-D: variable "popup_temp" was declared but never referenced
Project\main.c(1212): warning:  #550-D: variable "status" was set but never used
Project\main.c(1342): warning:  #550-D: variable "status" was set but never used
linking...
Program Size: Code=30548 RO-data=852 RW-data=112 ZI-data=61632  
FromELF: creating hex file...
".\obj\Led Controller.axf" - 0 Errors, 7 Warning(s).
Build target 'LED Controller'
linking...
Program Size: Code=30548 RO-data=852 RW-data=112 ZI-data=61632  
FromELF: creating hex file...
".\obj\Led Controller.axf" - 0 Errors, 0 Warning(s).
Load "E:\\Project\\LED Matrix project\\SVN\\trunk\\WIP\\thaibv\\Source Code\\VMS Controller\\ICON V1.1\\Led Controller\\obj\\Led Controller.axf" 
Set JLink Project File to "E:\Project\LED Matrix project\SVN\trunk\WIP\thaibv\Source Code\VMS Controller\ICON V1.1\Led Controller\JLinkSettings.ini"
* JLink Info: Device "STM32F103VE" selected (512 KB flash, 64 KB RAM).
 
JLink info:
------------
DLL: V4.68a, compiled Apr 12 2013 13:26:50
Firmware: J-Link ARM-OB STM32 compiled Aug 22 2012 19:52:04
Hardware: V7.00
S/N : 20090928 
Feature(s) : RDI,FlashDL,FlashBP,JFlash,GDBFull 
 
* JLink Info: Found SWD-DP with ID 0x1BA01477
* JLink Info: Found SWD-DP with ID 0x1BA01477
* JLink Info: TPIU fitted.
* JLink Info: ETM fitted.
* JLink Info: FPUnit: 6 code (BP) slots and 2 literal slots
* JLink Info: Found Cortex-M3 r1p1, Little endian.
ROMTableAddr = 0xE00FF003
 
Target info:
------------
Device: STM32F103VE
VTarget = 3.300V
State of Pins: 
TCK: 0, TDI: 0, TDO: 1, TMS: 0, TRES: 1, TRST: 1
Hardware-Breakpoints: 6
Software-Breakpoints: 8192
Watchpoints:          4
JTAG speed: 1000 kHz
 
Erase Done.
Programming Done.
Verify OK.
Application running ...
Build target 'LED Controller'
compiling main.c...
Project\main.c(130): warning:  #111-D: statement is unreachable
Project\main.c(99): warning:  #177-D: variable "j" was declared but never referenced
Project\main.c(232): warning:  #223-D: function "OE_Control" declared implicitly
Project\main.c(720): warning:  #177-D: variable "k" was declared but never referenced
Project\main.c(721): warning:  #177-D: variable "popup_temp" was declared but never referenced
Project\main.c(1212): warning:  #550-D: variable "status" was set but never used
Project\main.c(1342): warning:  #550-D: variable "status" was set but never used
linking...
Program Size: Code=30548 RO-data=852 RW-data=112 ZI-data=61632  
FromELF: creating hex file...
".\obj\Led Controller.axf" - 0 Errors, 7 Warning(s).
Build target 'LED Controller'
linking...
Program Size: Code=30548 RO-data=852 RW-data=112 ZI-data=61632  
FromELF: creating hex file...
".\obj\Led Controller.axf" - 0 Errors, 0 Warning(s).
Load "E:\\Project\\LED Matrix project\\SVN\\trunk\\WIP\\thaibv\\Source Code\\VMS Controller\\ICON V1.1\\Led Controller\\obj\\Led Controller.axf" 
Set JLink Project File to "E:\Project\LED Matrix project\SVN\trunk\WIP\thaibv\Source Code\VMS Controller\ICON V1.1\Led Controller\JLinkSettings.ini"
* JLink Info: Device "STM32F103VE" selected (512 KB flash, 64 KB RAM).
 
JLink info:
------------
DLL: V4.68a, compiled Apr 12 2013 13:26:50
Firmware: J-Link ARM-OB STM32 compiled Aug 22 2012 19:52:04
Hardware: V7.00
S/N : 20090928 
Feature(s) : RDI,FlashDL,FlashBP,JFlash,GDBFull 
 
* JLink Info: Found SWD-DP with ID 0x1BA01477
* JLink Info: Found SWD-DP with ID 0x1BA01477
* JLink Info: TPIU fitted.
* JLink Info: ETM fitted.
* JLink Info: FPUnit: 6 code (BP) slots and 2 literal slots
* JLink Info: Found Cortex-M3 r1p1, Little endian.
ROMTableAddr = 0xE00FF003
 
Target info:
------------
Device: STM32F103VE
VTarget = 3.300V
State of Pins: 
TCK: 0, TDI: 0, TDO: 1, TMS: 0, TRES: 1, TRST: 1
Hardware-Breakpoints: 6
Software-Breakpoints: 8192
Watchpoints:          4
JTAG speed: 1000 kHz
 
Erase Done.
Programming Done.
Verify OK.
Application running ...
Build target 'LED Controller'
compiling main.c...
Project\main.c(130): warning:  #111-D: statement is unreachable
Project\main.c(99): warning:  #177-D: variable "j" was declared but never referenced
Project\main.c(232): warning:  #223-D: function "OE_Control" declared implicitly
Project\main.c(720): warning:  #177-D: variable "k" was declared but never referenced
Project\main.c(721): warning:  #177-D: variable "popup_temp" was declared but never referenced
Project\main.c(1212): warning:  #550-D: variable "status" was set but never used
Project\main.c(1342): warning:  #550-D: variable "status" was set but never used
linking...
Program Size: Code=30528 RO-data=852 RW-data=112 ZI-data=61632  
FromELF: creating hex file...
".\obj\Led Controller.axf" - 0 Errors, 7 Warning(s).
Build target 'LED Controller'
linking...
Program Size: Code=30528 RO-data=852 RW-data=112 ZI-data=61632  
FromELF: creating hex file...
".\obj\Led Controller.axf" - 0 Errors, 0 Warning(s).
Load "E:\\Project\\LED Matrix project\\SVN\\trunk\\WIP\\thaibv\\Source Code\\VMS Controller\\ICON V1.1\\Led Controller\\obj\\Led Controller.axf" 
Set JLink Project File to "E:\Project\LED Matrix project\SVN\trunk\WIP\thaibv\Source Code\VMS Controller\ICON V1.1\Led Controller\JLinkSettings.ini"
* JLink Info: Device "STM32F103VE" selected (512 KB flash, 64 KB RAM).
 
JLink info:
------------
DLL: V4.68a, compiled Apr 12 2013 13:26:50
Firmware: J-Link ARM-OB STM32 compiled Aug 22 2012 19:52:04
Hardware: V7.00
S/N : 20090928 
Feature(s) : RDI,FlashDL,FlashBP,JFlash,GDBFull 
 
* JLink Info: Found SWD-DP with ID 0x1BA01477
* JLink Info: Found SWD-DP with ID 0x1BA01477
* JLink Info: TPIU fitted.
* JLink Info: ETM fitted.
* JLink Info: FPUnit: 6 code (BP) slots and 2 literal slots
* JLink Info: Found Cortex-M3 r1p1, Little endian.
ROMTableAddr = 0xE00FF003
 
Target info:
------------
Device: STM32F103VE
VTarget = 3.300V
State of Pins: 
TCK: 0, TDI: 0, TDO: 1, TMS: 0, TRES: 1, TRST: 1
Hardware-Breakpoints: 6
Software-Breakpoints: 8192
Watchpoints:          4
JTAG speed: 1000 kHz
 
Erase Done.
Programming Done.
Verify OK.
Application running ...
Build target 'LED Controller'
compiling main.c...
Project\main.c(131): warning:  #111-D: statement is unreachable
Project\main.c(99): warning:  #177-D: variable "j" was declared but never referenced
Project\main.c(233): warning:  #223-D: function "OE_Control" declared implicitly
Project\main.c(721): warning:  #177-D: variable "k" was declared but never referenced
Project\main.c(722): warning:  #177-D: variable "popup_temp" was declared but never referenced
Project\main.c(1213): warning:  #550-D: variable "status" was set but never used
Project\main.c(1343): warning:  #550-D: variable "status" was set but never used
linking...
Program Size: Code=30540 RO-data=852 RW-data=112 ZI-data=61632  
FromELF: creating hex file...
".\obj\Led Controller.axf" - 0 Errors, 7 Warning(s).
Build target 'LED Controller'
linking...
Program Size: Code=30540 RO-data=852 RW-data=112 ZI-data=61632  
FromELF: creating hex file...
".\obj\Led Controller.axf" - 0 Errors, 0 Warning(s).
Build target 'LED Controller'
linking...
Program Size: Code=30540 RO-data=852 RW-data=112 ZI-data=61632  
FromELF: creating hex file...
".\obj\Led Controller.axf" - 0 Errors, 0 Warning(s).
Load "E:\\Project\\LED Matrix project\\SVN\\trunk\\WIP\\thaibv\\Source Code\\VMS Controller\\ICON V1.1\\Led Controller\\obj\\Led Controller.axf" 
Set JLink Project File to "E:\Project\LED Matrix project\SVN\trunk\WIP\thaibv\Source Code\VMS Controller\ICON V1.1\Led Controller\JLinkSettings.ini"
* JLink Info: Device "STM32F103VE" selected (512 KB flash, 64 KB RAM).
 
JLink info:
------------
DLL: V4.68a, compiled Apr 12 2013 13:26:50
Firmware: J-Link ARM-OB STM32 compiled Aug 22 2012 19:52:04
Hardware: V7.00
S/N : 20090928 
Feature(s) : RDI,FlashDL,FlashBP,JFlash,GDBFull 
 
* JLink Info: Found SWD-DP with ID 0x1BA01477
* JLink Info: Found SWD-DP with ID 0x1BA01477
* JLink Info: TPIU fitted.
* JLink Info: ETM fitted.
* JLink Info: FPUnit: 6 code (BP) slots and 2 literal slots
* JLink Info: Found Cortex-M3 r1p1, Little endian.
ROMTableAddr = 0xE00FF003
 
Target info:
------------
Device: STM32F103VE
VTarget = 3.300V
State of Pins: 
TCK: 0, TDI: 0, TDO: 1, TMS: 0, TRES: 1, TRST: 1
Hardware-Breakpoints: 6
Software-Breakpoints: 8192
Watchpoints:          4
JTAG speed: 1000 kHz
 
Erase Done.
Programming Done.
Verify OK.
Application running ...
Build target 'LED Controller'
linking...
Program Size: Code=30540 RO-data=852 RW-data=112 ZI-data=61632  
FromELF: creating hex file...
".\obj\Led Controller.axf" - 0 Errors, 0 Warning(s).
Build target 'LED Controller'
linking...
Program Size: Code=30540 RO-data=852 RW-data=112 ZI-data=61632  
FromELF: creating hex file...
".\obj\Led Controller.axf" - 0 Errors, 0 Warning(s).
Build target 'LED Controller'
linking...
Program Size: Code=30540 RO-data=852 RW-data=112 ZI-data=61632  
FromELF: creating hex file...
".\obj\Led Controller.axf" - 0 Errors, 0 Warning(s).
Build target 'LED Controller'
linking...
Program Size: Code=30540 RO-data=852 RW-data=112 ZI-data=61632  
FromELF: creating hex file...
".\obj\Led Controller.axf" - 0 Errors, 0 Warning(s).
Build target 'LED Controller'
linking...
Program Size: Code=30540 RO-data=852 RW-data=112 ZI-data=61632  
FromELF: creating hex file...
".\obj\Led Controller.axf" - 0 Errors, 0 Warning(s).
Build target 'LED Controller'
compiling main.c...
Project\main.c(131): warning:  #111-D: statement is unreachable
Project\main.c(99): warning:  #177-D: variable "j" was declared but never referenced
Project\main.c(233): warning:  #223-D: function "OE_Control" declared implicitly
Project\main.c(721): warning:  #177-D: variable "k" was declared but never referenced
Project\main.c(722): warning:  #177-D: variable "popup_temp" was declared but never referenced
Project\main.c(1213): warning:  #550-D: variable "status" was set but never used
Project\main.c(1343): warning:  #550-D: variable "status" was set but never used
linking...
Program Size: Code=30536 RO-data=852 RW-data=112 ZI-data=61632  
FromELF: creating hex file...
".\obj\Led Controller.axf" - 0 Errors, 7 Warning(s).
Build target 'LED Controller'
linking...
Program Size: Code=30536 RO-data=852 RW-data=112 ZI-data=61632  
FromELF: creating hex file...
".\obj\Led Controller.axf" - 0 Errors, 0 Warning(s).
Build target 'LED Controller'
linking...
Program Size: Code=30536 RO-data=852 RW-data=112 ZI-data=61632  
FromELF: creating hex file...
".\obj\Led Controller.axf" - 0 Errors, 0 Warning(s).
Build target 'LED Controller'
linking...
Program Size: Code=30536 RO-data=852 RW-data=112 ZI-data=61632  
FromELF: creating hex file...
".\obj\Led Controller.axf" - 0 Errors, 0 Warning(s).
Load "E:\\Project\\LED Matrix project\\SVN\\trunk\\WIP\\thaibv\\Source Code\\VMS Controller\\ICON V1.1\\Led Controller\\obj\\Led Controller.axf" 
Set JLink Project File to "E:\Project\LED Matrix project\SVN\trunk\WIP\thaibv\Source Code\VMS Controller\ICON V1.1\Led Controller\JLinkSettings.ini"
* JLink Info: Device "STM32F103VE" selected (512 KB flash, 64 KB RAM).
 
JLink info:
------------
DLL: V4.68a, compiled Apr 12 2013 13:26:50
Firmware: J-Link ARM-OB STM32 compiled Aug 22 2012 19:52:04
Hardware: V7.00
S/N : 20090928 
Feature(s) : RDI,FlashDL,FlashBP,JFlash,GDBFull 
 
* JLink Info: Found SWD-DP with ID 0x1BA01477
* JLink Info: Found SWD-DP with ID 0x1BA01477
* JLink Info: TPIU fitted.
* JLink Info: ETM fitted.
* JLink Info: FPUnit: 6 code (BP) slots and 2 literal slots
* JLink Info: Found Cortex-M3 r1p1, Little endian.
ROMTableAddr = 0xE00FF003
 
Target info:
------------
Device: STM32F103VE
VTarget = 3.300V
State of Pins: 
TCK: 0, TDI: 0, TDO: 1, TMS: 0, TRES: 1, TRST: 1
Hardware-Breakpoints: 6
Software-Breakpoints: 8192
Watchpoints:          4
JTAG speed: 1000 kHz
 
Erase Done.
Programming Done.
Verify OK.
Application running ...
Build target 'LED Controller'
compiling ledMatrix.c...
linking...
Program Size: Code=30508 RO-data=852 RW-data=112 ZI-data=61632  
FromELF: creating hex file...
".\obj\Led Controller.axf" - 0 Errors, 0 Warning(s).
Build target 'LED Controller'
linking...
Program Size: Code=30508 RO-data=852 RW-data=112 ZI-data=61632  
FromELF: creating hex file...
".\obj\Led Controller.axf" - 0 Errors, 0 Warning(s).
Load "E:\\Project\\LED Matrix project\\SVN\\trunk\\WIP\\thaibv\\Source Code\\VMS Controller\\ICON V1.1\\Led Controller\\obj\\Led Controller.axf" 
Set JLink Project File to "E:\Project\LED Matrix project\SVN\trunk\WIP\thaibv\Source Code\VMS Controller\ICON V1.1\Led Controller\JLinkSettings.ini"
* JLink Info: Device "STM32F103VE" selected (512 KB flash, 64 KB RAM).
 
JLink info:
------------
DLL: V4.68a, compiled Apr 12 2013 13:26:50
Firmware: J-Link ARM-OB STM32 compiled Aug 22 2012 19:52:04
Hardware: V7.00
S/N : 20090928 
Feature(s) : RDI,FlashDL,FlashBP,JFlash,GDBFull 
 
* JLink Info: Found SWD-DP with ID 0x1BA01477
* JLink Info: Found SWD-DP with ID 0x1BA01477
* JLink Info: TPIU fitted.
* JLink Info: ETM fitted.
* JLink Info: FPUnit: 6 code (BP) slots and 2 literal slots
* JLink Info: Found Cortex-M3 r1p1, Little endian.
ROMTableAddr = 0xE00FF003
 
Target info:
------------
Device: STM32F103VE
VTarget = 3.300V
State of Pins: 
TCK: 0, TDI: 0, TDO: 1, TMS: 0, TRES: 1, TRST: 1
Hardware-Breakpoints: 6
Software-Breakpoints: 8192
Watchpoints:          4
JTAG speed: 1000 kHz
 
Erase Done.
Programming Done.
Verify OK.
Application running ...
Build target 'LED Controller'
linking...
Program Size: Code=30508 RO-data=852 RW-data=112 ZI-data=61632  
FromELF: creating hex file...
".\obj\Led Controller.axf" - 0 Errors, 0 Warning(s).
Load "E:\\Project\\LED Matrix project\\SVN\\trunk\\WIP\\thaibv\\Source Code\\VMS Controller\\ICON V1.1\\Led Controller\\obj\\Led Controller.axf" 
Set JLink Project File to "E:\Project\LED Matrix project\SVN\trunk\WIP\thaibv\Source Code\VMS Controller\ICON V1.1\Led Controller\JLinkSettings.ini"
* JLink Info: Device "STM32F103VE" selected (512 KB flash, 64 KB RAM).
 
JLink info:
------------
DLL: V4.68a, compiled Apr 12 2013 13:26:50
Firmware: J-Link ARM-OB STM32 compiled Aug 22 2012 19:52:04
Hardware: V7.00
S/N : 20090928 
Feature(s) : RDI,FlashDL,FlashBP,JFlash,GDBFull 
 
* JLink Info: Found SWD-DP with ID 0x1BA01477
* JLink Info: Found SWD-DP with ID 0x1BA01477
* JLink Info: TPIU fitted.
* JLink Info: ETM fitted.
* JLink Info: FPUnit: 6 code (BP) slots and 2 literal slots
* JLink Info: Found Cortex-M3 r1p1, Little endian.
ROMTableAddr = 0xE00FF003
 
Target info:
------------
Device: STM32F103VE
VTarget = 3.300V
State of Pins: 
TCK: 0, TDI: 0, TDO: 1, TMS: 0, TRES: 1, TRST: 1
Hardware-Breakpoints: 6
Software-Breakpoints: 8192
Watchpoints:          4
JTAG speed: 1000 kHz
 
Erase Done.
Programming Done.
Verify OK.
Application running ...
Build target 'LED Controller'
compiling main.c...
Project\main.c(131): warning:  #111-D: statement is unreachable
Project\main.c(99): warning:  #177-D: variable "j" was declared but never referenced
Project\main.c(233): warning:  #223-D: function "OE_Control" declared implicitly
Project\main.c(721): warning:  #177-D: variable "k" was declared but never referenced
Project\main.c(722): warning:  #177-D: variable "popup_temp" was declared but never referenced
Project\main.c(1213): warning:  #550-D: variable "status" was set but never used
Project\main.c(1343): warning:  #550-D: variable "status" was set but never used
compiling stm32f10x_it.c...
Project\stm32f10x_it.c(222): warning:  #550-D: variable "temp" was set but never used
compiling ledMatrix.c...
compiling HardwareConfig.c...
compiling font.c...
Project\font.c(435): warning:  #550-D: variable "status" was set but never used
linking...
Program Size: Code=30508 RO-data=852 RW-data=112 ZI-data=61632  
FromELF: creating hex file...
".\obj\Led Controller.axf" - 0 Errors, 9 Warning(s).
Build target 'LED Controller'
linking...
Program Size: Code=30508 RO-data=852 RW-data=112 ZI-data=61632  
FromELF: creating hex file...
".\obj\Led Controller.axf" - 0 Errors, 0 Warning(s).
Build target 'LED Controller'
linking...
Program Size: Code=30508 RO-data=852 RW-data=112 ZI-data=61632  
FromELF: creating hex file...
".\obj\Led Controller.axf" - 0 Errors, 0 Warning(s).
Build target 'LED Controller'
linking...
Program Size: Code=30508 RO-data=852 RW-data=112 ZI-data=61632  
FromELF: creating hex file...
".\obj\Led Controller.axf" - 0 Errors, 0 Warning(s).
Build target 'LED Controller'
linking...
Program Size: Code=30508 RO-data=852 RW-data=112 ZI-data=61632  
FromELF: creating hex file...
".\obj\Led Controller.axf" - 0 Errors, 0 Warning(s).
Build target 'LED Controller'
linking...
Program Size: Code=30508 RO-data=852 RW-data=112 ZI-data=61632  
FromELF: creating hex file...
".\obj\Led Controller.axf" - 0 Errors, 0 Warning(s).
Load "E:\\Project\\LED Matrix project\\SVN\\trunk\\WIP\\thaibv\\Source Code\\VMS Controller\\ICON V1.1\\Led Controller\\obj\\Led Controller.axf" 
Set JLink Project File to "E:\Project\LED Matrix project\SVN\trunk\WIP\thaibv\Source Code\VMS Controller\ICON V1.1\Led Controller\JLinkSettings.ini"
* JLink Info: Device "STM32F103VE" selected (512 KB flash, 64 KB RAM).
 
JLink info:
------------
DLL: V4.68a, compiled Apr 12 2013 13:26:50
Firmware: J-Link ARM-OB STM32 compiled Aug 22 2012 19:52:04
Hardware: V7.00
S/N : 20090928 
Feature(s) : RDI,FlashDL,FlashBP,JFlash,GDBFull 
 
* JLink Info: Found SWD-DP with ID 0x1BA01477
* JLink Info: Found SWD-DP with ID 0x1BA01477
* JLink Info: TPIU fitted.
* JLink Info: ETM fitted.
* JLink Info: FPUnit: 6 code (BP) slots and 2 literal slots
* JLink Info: Found Cortex-M3 r1p1, Little endian.
ROMTableAddr = 0xE00FF003
 
Target info:
------------
Device: STM32F103VE
VTarget = 3.300V
State of Pins: 
TCK: 0, TDI: 0, TDO: 1, TMS: 0, TRES: 1, TRST: 1
Hardware-Breakpoints: 6
Software-Breakpoints: 8192
Watchpoints:          4
JTAG speed: 1000 kHz
 
Erase Done.
Programming Done.
Contents mismatch at: 08000052H  (Flash=FFH  Required=00H) !
Contents mismatch at: 08000053H  (Flash=FFH  Required=08H) !
Contents mismatch at: 08000054H  (Flash=FFH  Required=9BH) !
Contents mismatch at: 08000055H  (Flash=FFH  Required=02H) !
Contents mismatch at: 08000056H  (Flash=FFH  Required=00H) !
Contents mismatch at: 08000057H  (Flash=FFH  Required=08H) !
Contents mismatch at: 08000058H  (Flash=FFH  Required=9BH) !
Contents mismatch at: 08000059H  (Flash=FFH  Required=02H) !
Contents mismatch at: 0800005AH  (Flash=FFH  Required=00H) !
Contents mismatch at: 0800005BH  (Flash=FFH  Required=08H) !
Contents mismatch at: 0800005CH  (Flash=FFH  Required=9BH) !
Contents mismatch at: 0800005DH  (Flash=FFH  Required=02H) !
Contents mismatch at: 0800005EH  (Flash=FFH  Required=00H) !
Contents mismatch at: 0800005FH  (Flash=FFH  Required=08H) !
Contents mismatch at: 08000060H  (Flash=FFH  Required=9BH) !
Contents mismatch at: 08000061H  (Flash=FFH  Required=02H) !
Contents mismatch at: 08000062H  (Flash=FFH  Required=00H) !
Contents mismatch at: 08000063H  (Flash=FFH  Required=08H) !
Contents mismatch at: 08003AB2H  (Flash=6BH  Required=69H) !
Contents mismatch at: 08003AB5H  (Flash=78H  Required=68H) !
Contents mismatch at: 08003AB7H  (Flash=D8H  Required=18H) !
Contents mismatch at: 08003B4EH  (Flash=65H  Required=44H) !
Contents mismatch at: 08003B4FH  (Flash=02H  Required=00H) !
Contents mismatch at: 0800463EH  (Flash=61H  Required=21H) !
Contents mismatch at: 0800463FH  (Flash=57H  Required=46H) !
Contents mismatch at: 080050A6H  (Flash=16H  Required=10H) !
Verify Failed!
Load "E:\\Project\\LED Matrix project\\SVN\\trunk\\WIP\\thaibv\\Source Code\\VMS Controller\\ICON V1.1\\Led Controller\\obj\\Led Controller.axf" 
Set JLink Project File to "E:\Project\LED Matrix project\SVN\trunk\WIP\thaibv\Source Code\VMS Controller\ICON V1.1\Led Controller\JLinkSettings.ini"
* JLink Info: Device "STM32F103VE" selected (512 KB flash, 64 KB RAM).
 
JLink info:
------------
DLL: V4.68a, compiled Apr 12 2013 13:26:50
Firmware: J-Link ARM-OB STM32 compiled Aug 22 2012 19:52:04
Hardware: V7.00
S/N : 20090928 
Feature(s) : RDI,FlashDL,FlashBP,JFlash,GDBFull 
 
* JLink Info: Found SWD-DP with ID 0x1BA01477
* JLink Info: Found SWD-DP with ID 0x1BA01477
* JLink Info: TPIU fitted.
* JLink Info: ETM fitted.
* JLink Info: FPUnit: 6 code (BP) slots and 2 literal slots
* JLink Info: Found Cortex-M3 r1p1, Little endian.
ROMTableAddr = 0xE00FF003
 
Target info:
------------
Device: STM32F103VE
VTarget = 3.300V
State of Pins: 
TCK: 0, TDI: 0, TDO: 1, TMS: 0, TRES: 1, TRST: 1
Hardware-Breakpoints: 6
Software-Breakpoints: 8192
Watchpoints:          4
JTAG speed: 1000 kHz
 
Erase Done.
Programming Done.
Verify OK.
Application running ...
Build target 'LED Controller'
compiling ledMatrix.c...
linking...
Program Size: Code=30536 RO-data=852 RW-data=112 ZI-data=61632  
FromELF: creating hex file...
".\obj\Led Controller.axf" - 0 Errors, 0 Warning(s).
Build target 'LED Controller'
linking...
Program Size: Code=30536 RO-data=852 RW-data=112 ZI-data=61632  
FromELF: creating hex file...
".\obj\Led Controller.axf" - 0 Errors, 0 Warning(s).
Load "E:\\Project\\LED Matrix project\\SVN\\trunk\\WIP\\thaibv\\Source Code\\VMS Controller\\ICON V1.1\\Led Controller\\obj\\Led Controller.axf" 
Set JLink Project File to "E:\Project\LED Matrix project\SVN\trunk\WIP\thaibv\Source Code\VMS Controller\ICON V1.1\Led Controller\JLinkSettings.ini"
* JLink Info: Device "STM32F103VE" selected (512 KB flash, 64 KB RAM).
 
JLink info:
------------
DLL: V4.68a, compiled Apr 12 2013 13:26:50
Firmware: J-Link ARM-OB STM32 compiled Aug 22 2012 19:52:04
Hardware: V7.00
S/N : 20090928 
Feature(s) : RDI,FlashDL,FlashBP,JFlash,GDBFull 
 
* JLink Info: Found SWD-DP with ID 0x1BA01477
* JLink Info: Found SWD-DP with ID 0x1BA01477
* JLink Info: TPIU fitted.
* JLink Info: ETM fitted.
* JLink Info: FPUnit: 6 code (BP) slots and 2 literal slots
* JLink Info: Found Cortex-M3 r1p1, Little endian.
ROMTableAddr = 0xE00FF003
 
Target info:
------------
Device: STM32F103VE
VTarget = 3.300V
State of Pins: 
TCK: 0, TDI: 0, TDO: 1, TMS: 0, TRES: 1, TRST: 1
Hardware-Breakpoints: 6
Software-Breakpoints: 8192
Watchpoints:          4
JTAG speed: 1000 kHz
 
Erase Done.
Programming Done.
Verify OK.
Application running ...
Build target 'LED Controller'
compiling main.c...
Project\main.c(130): warning:  #111-D: statement is unreachable
Project\main.c(99): warning:  #177-D: variable "j" was declared but never referenced
Project\main.c(232): warning:  #223-D: function "OE_Control" declared implicitly
Project\main.c(720): warning:  #177-D: variable "k" was declared but never referenced
Project\main.c(721): warning:  #177-D: variable "popup_temp" was declared but never referenced
Project\main.c(1212): warning:  #550-D: variable "status" was set but never used
Project\main.c(1342): warning:  #550-D: variable "status" was set but never used
linking...
Program Size: Code=30524 RO-data=852 RW-data=112 ZI-data=61632  
FromELF: creating hex file...
".\obj\Led Controller.axf" - 0 Errors, 7 Warning(s).
Build target 'LED Controller'
linking...
Program Size: Code=30524 RO-data=852 RW-data=112 ZI-data=61632  
FromELF: creating hex file...
".\obj\Led Controller.axf" - 0 Errors, 0 Warning(s).
Load "E:\\Project\\LED Matrix project\\SVN\\trunk\\WIP\\thaibv\\Source Code\\VMS Controller\\ICON V1.1\\Led Controller\\obj\\Led Controller.axf" 
Set JLink Project File to "E:\Project\LED Matrix project\SVN\trunk\WIP\thaibv\Source Code\VMS Controller\ICON V1.1\Led Controller\JLinkSettings.ini"
* JLink Info: Device "STM32F103VE" selected (512 KB flash, 64 KB RAM).
 
JLink info:
------------
DLL: V4.68a, compiled Apr 12 2013 13:26:50
Firmware: J-Link ARM-OB STM32 compiled Aug 22 2012 19:52:04
Hardware: V7.00
S/N : 20090928 
Feature(s) : RDI,FlashDL,FlashBP,JFlash,GDBFull 
 
* JLink Info: Found SWD-DP with ID 0x1BA01477
* JLink Info: Found SWD-DP with ID 0x1BA01477
* JLink Info: TPIU fitted.
* JLink Info: ETM fitted.
* JLink Info: FPUnit: 6 code (BP) slots and 2 literal slots
* JLink Info: Found Cortex-M3 r1p1, Little endian.
ROMTableAddr = 0xE00FF003
 
Target info:
------------
Device: STM32F103VE
VTarget = 3.300V
State of Pins: 
TCK: 0, TDI: 0, TDO: 1, TMS: 0, TRES: 1, TRST: 1
Hardware-Breakpoints: 6
Software-Breakpoints: 8192
Watchpoints:          4
JTAG speed: 1000 kHz
 
Erase Done.
Programming Done.
Verify OK.
Application running ...
Build target 'LED Controller'
compiling main.c...
Project\main.c(130): warning:  #111-D: statement is unreachable
Project\main.c(99): warning:  #177-D: variable "j" was declared but never referenced
Project\main.c(232): warning:  #223-D: function "OE_Control" declared implicitly
Project\main.c(720): warning:  #177-D: variable "k" was declared but never referenced
Project\main.c(721): warning:  #177-D: variable "popup_temp" was declared but never referenced
Project\main.c(1212): warning:  #550-D: variable "status" was set but never used
Project\main.c(1342): warning:  #550-D: variable "status" was set but never used
linking...
Program Size: Code=30528 RO-data=852 RW-data=112 ZI-data=61632  
FromELF: creating hex file...
".\obj\Led Controller.axf" - 0 Errors, 7 Warning(s).
Build target 'LED Controller'
linking...
Program Size: Code=30528 RO-data=852 RW-data=112 ZI-data=61632  
FromELF: creating hex file...
".\obj\Led Controller.axf" - 0 Errors, 0 Warning(s).
Load "E:\\Project\\LED Matrix project\\SVN\\trunk\\WIP\\thaibv\\Source Code\\VMS Controller\\ICON V1.1\\Led Controller\\obj\\Led Controller.axf" 
Set JLink Project File to "E:\Project\LED Matrix project\SVN\trunk\WIP\thaibv\Source Code\VMS Controller\ICON V1.1\Led Controller\JLinkSettings.ini"
* JLink Info: Device "STM32F103VE" selected (512 KB flash, 64 KB RAM).
 
JLink info:
------------
DLL: V4.68a, compiled Apr 12 2013 13:26:50
Firmware: J-Link ARM-OB STM32 compiled Aug 22 2012 19:52:04
Hardware: V7.00
S/N : 20090928 
Feature(s) : RDI,FlashDL,FlashBP,JFlash,GDBFull 
 
* JLink Info: Found SWD-DP with ID 0x1BA01477
* JLink Info: Found SWD-DP with ID 0x1BA01477
* JLink Info: TPIU fitted.
* JLink Info: ETM fitted.
* JLink Info: FPUnit: 6 code (BP) slots and 2 literal slots
* JLink Info: Found Cortex-M3 r1p1, Little endian.
ROMTableAddr = 0xE00FF003
 
Target info:
------------
Device: STM32F103VE
VTarget = 3.300V
State of Pins: 
TCK: 0, TDI: 0, TDO: 1, TMS: 0, TRES: 1, TRST: 1
Hardware-Breakpoints: 6
Software-Breakpoints: 8192
Watchpoints:          4
JTAG speed: 1000 kHz
 
Erase Done.
Programming Done.
Verify OK.
Application running ...
Build target 'LED Controller'
linking...
Program Size: Code=30528 RO-data=852 RW-data=112 ZI-data=61632  
FromELF: creating hex file...
".\obj\Led Controller.axf" - 0 Errors, 0 Warning(s).
Build target 'LED Controller'
linking...
Program Size: Code=30528 RO-data=852 RW-data=112 ZI-data=61632  
FromELF: creating hex file...
".\obj\Led Controller.axf" - 0 Errors, 0 Warning(s).
Build target 'LED Controller'
linking...
Program Size: Code=30528 RO-data=852 RW-data=112 ZI-data=61632  
FromELF: creating hex file...
".\obj\Led Controller.axf" - 0 Errors, 0 Warning(s).
Load "E:\\Project\\LED Matrix project\\SVN\\trunk\\WIP\\thaibv\\Source Code\\VMS Controller\\ICON V1.1\\Led Controller\\obj\\Led Controller.axf" 
Set JLink Project File to "E:\Project\LED Matrix project\SVN\trunk\WIP\thaibv\Source Code\VMS Controller\ICON V1.1\Led Controller\JLinkSettings.ini"
* JLink Info: Device "STM32F103VE" selected (512 KB flash, 64 KB RAM).
 
JLink info:
------------
DLL: V4.68a, compiled Apr 12 2013 13:26:50
Firmware: J-Link ARM-OB STM32 compiled Aug 22 2012 19:52:04
Hardware: V7.00
S/N : 20090928 
Feature(s) : RDI,FlashDL,FlashBP,JFlash,GDBFull 
 
* JLink Info: Found SWD-DP with ID 0x1BA01477
* JLink Info: Found SWD-DP with ID 0x1BA01477
* JLink Info: TPIU fitted.
* JLink Info: ETM fitted.
* JLink Info: FPUnit: 6 code (BP) slots and 2 literal slots
* JLink Info: Found Cortex-M3 r1p1, Little endian.
ROMTableAddr = 0xE00FF003
 
Target info:
------------
Device: STM32F103VE
VTarget = 3.300V
State of Pins: 
TCK: 0, TDI: 0, TDO: 1, TMS: 0, TRES: 1, TRST: 1
Hardware-Breakpoints: 6
Software-Breakpoints: 8192
Watchpoints:          4
JTAG speed: 1000 kHz
 
***JLink Error: Can not read register 0 (R0) while CPU is running
***JLink Error: Can not read register 1 (R1) while CPU is running
***JLink Error: Can not read register 2 (R2) while CPU is running
***JLink Error: Can not read register 3 (R3) while CPU is running
***JLink Error: Can not read register 4 (R4) while CPU is running
Erase Done.
Programming Done.
Verify OK.
Application running ...
Build target 'LED Controller'
linking...
Program Size: Code=30528 RO-data=852 RW-data=112 ZI-data=61632  
FromELF: creating hex file...
".\obj\Led Controller.axf" - 0 Errors, 0 Warning(s).
Build target 'LED Controller'
compiling main.c...
Project\main.c(130): warning:  #111-D: statement is unreachable
Project\main.c(99): warning:  #177-D: variable "j" was declared but never referenced
Project\main.c(232): warning:  #223-D: function "OE_Control" declared implicitly
Project\main.c(720): warning:  #177-D: variable "k" was declared but never referenced
Project\main.c(721): warning:  #177-D: variable "popup_temp" was declared but never referenced
Project\main.c(1212): warning:  #550-D: variable "status" was set but never used
Project\main.c(1342): warning:  #550-D: variable "status" was set but never used
linking...
Program Size: Code=30540 RO-data=852 RW-data=112 ZI-data=61632  
FromELF: creating hex file...
".\obj\Led Controller.axf" - 0 Errors, 7 Warning(s).
Load "E:\\Project\\LED Matrix project\\SVN\\trunk\\WIP\\thaibv\\Source Code\\VMS Controller\\ICON V1.1\\Led Controller\\obj\\Led Controller.axf" 
Set JLink Project File to "E:\Project\LED Matrix project\SVN\trunk\WIP\thaibv\Source Code\VMS Controller\ICON V1.1\Led Controller\JLinkSettings.ini"
* JLink Info: Device "STM32F103VE" selected (512 KB flash, 64 KB RAM).
 
JLink info:
------------
DLL: V4.68a, compiled Apr 12 2013 13:26:50
Firmware: J-Link ARM-OB STM32 compiled Aug 22 2012 19:52:04
Hardware: V7.00
S/N : 20090928 
Feature(s) : RDI,FlashDL,FlashBP,JFlash,GDBFull 
 
* JLink Info: Found SWD-DP with ID 0x1BA01477
* JLink Info: Found SWD-DP with ID 0x1BA01477
* JLink Info: TPIU fitted.
* JLink Info: ETM fitted.
* JLink Info: FPUnit: 6 code (BP) slots and 2 literal slots
* JLink Info: Found Cortex-M3 r1p1, Little endian.
ROMTableAddr = 0xE00FF003
 
Target info:
------------
Device: STM32F103VE
VTarget = 3.300V
State of Pins: 
TCK: 0, TDI: 0, TDO: 1, TMS: 0, TRES: 1, TRST: 1
Hardware-Breakpoints: 6
Software-Breakpoints: 8192
Watchpoints:          4
JTAG speed: 1000 kHz
 
Erase Done.
Programming Done.
Verify OK.
Application running ...
Build target 'LED Controller'
compiling main.c...
Project\main.c(130): warning:  #111-D: statement is unreachable
Project\main.c(99): warning:  #177-D: variable "j" was declared but never referenced
Project\main.c(232): warning:  #223-D: function "OE_Control" declared implicitly
Project\main.c(720): warning:  #177-D: variable "k" was declared but never referenced
Project\main.c(721): warning:  #177-D: variable "popup_temp" was declared but never referenced
Project\main.c(1212): warning:  #550-D: variable "status" was set but never used
Project\main.c(1342): warning:  #550-D: variable "status" was set but never used
linking...
Program Size: Code=30528 RO-data=852 RW-data=112 ZI-data=61632  
FromELF: creating hex file...
".\obj\Led Controller.axf" - 0 Errors, 7 Warning(s).
Load "E:\\Project\\LED Matrix project\\SVN\\trunk\\WIP\\thaibv\\Source Code\\VMS Controller\\ICON V1.1\\Led Controller\\obj\\Led Controller.axf" 
Set JLink Project File to "E:\Project\LED Matrix project\SVN\trunk\WIP\thaibv\Source Code\VMS Controller\ICON V1.1\Led Controller\JLinkSettings.ini"
* JLink Info: Device "STM32F103VE" selected (512 KB flash, 64 KB RAM).
 
JLink info:
------------
DLL: V4.68a, compiled Apr 12 2013 13:26:50
Firmware: J-Link ARM-OB STM32 compiled Aug 22 2012 19:52:04
Hardware: V7.00
S/N : 20090928 
Feature(s) : RDI,FlashDL,FlashBP,JFlash,GDBFull 
 
* JLink Info: Found SWD-DP with ID 0x1BA01477
* JLink Info: Found SWD-DP with ID 0x1BA01477
* JLink Info: TPIU fitted.
* JLink Info: ETM fitted.
* JLink Info: FPUnit: 6 code (BP) slots and 2 literal slots
* JLink Info: Found Cortex-M3 r1p1, Little endian.
ROMTableAddr = 0xE00FF003
 
Target info:
------------
Device: STM32F103VE
VTarget = 3.300V
State of Pins: 
TCK: 0, TDI: 0, TDO: 1, TMS: 0, TRES: 1, TRST: 1
Hardware-Breakpoints: 6
Software-Breakpoints: 8192
Watchpoints:          4
JTAG speed: 1000 kHz
 
Erase Done.
Programming Done.
Verify OK.
Application running ...
Build target 'LED Controller'
linking...
Program Size: Code=30528 RO-data=852 RW-data=112 ZI-data=61632  
FromELF: creating hex file...
".\obj\Led Controller.axf" - 0 Errors, 0 Warning(s).
Load "E:\\Project\\LED Matrix project\\SVN\\trunk\\WIP\\thaibv\\Source Code\\VMS Controller\\ICON V1.1\\Led Controller\\obj\\Led Controller.axf" 
Set JLink Project File to "E:\Project\LED Matrix project\SVN\trunk\WIP\thaibv\Source Code\VMS Controller\ICON V1.1\Led Controller\JLinkSettings.ini"
* JLink Info: Device "STM32F103VE" selected (512 KB flash, 64 KB RAM).
 
JLink info:
------------
DLL: V4.68a, compiled Apr 12 2013 13:26:50
Firmware: J-Link ARM-OB STM32 compiled Aug 22 2012 19:52:04
Hardware: V7.00
S/N : 20090928 
Feature(s) : RDI,FlashDL,FlashBP,JFlash,GDBFull 
 
* JLink Info: Found SWD-DP with ID 0x1BA01477
* JLink Info: Found SWD-DP with ID 0x1BA01477
* JLink Info: TPIU fitted.
* JLink Info: ETM fitted.
* JLink Info: FPUnit: 6 code (BP) slots and 2 literal slots
* JLink Info: Found Cortex-M3 r1p1, Little endian.
ROMTableAddr = 0xE00FF003
 
Target info:
------------
Device: STM32F103VE
VTarget = 3.300V
State of Pins: 
TCK: 0, TDI: 0, TDO: 1, TMS: 0, TRES: 1, TRST: 1
Hardware-Breakpoints: 6
Software-Breakpoints: 8192
Watchpoints:          4
JTAG speed: 1000 kHz
 
Erase Done.
Programming Done.
Verify OK.
Application running ...
Build target 'LED Controller'
linking...
Program Size: Code=30528 RO-data=852 RW-data=112 ZI-data=61632  
FromELF: creating hex file...
".\obj\Led Controller.axf" - 0 Errors, 0 Warning(s).
Build target 'LED Controller'
compiling main.c...
Project\main.c(133): warning:  #111-D: statement is unreachable
Project\main.c(99): warning:  #177-D: variable "j" was declared but never referenced
Project\main.c(235): warning:  #223-D: function "OE_Control" declared implicitly
Project\main.c(723): warning:  #177-D: variable "k" was declared but never referenced
Project\main.c(724): warning:  #177-D: variable "popup_temp" was declared but never referenced
Project\main.c(1215): warning:  #550-D: variable "status" was set but never used
Project\main.c(1345): warning:  #550-D: variable "status" was set but never used
linking...
Program Size: Code=30540 RO-data=852 RW-data=112 ZI-data=61632  
FromELF: creating hex file...
".\obj\Led Controller.axf" - 0 Errors, 7 Warning(s).
Build target 'LED Controller'
linking...
Program Size: Code=30540 RO-data=852 RW-data=112 ZI-data=61632  
FromELF: creating hex file...
".\obj\Led Controller.axf" - 0 Errors, 0 Warning(s).
Load "E:\\Project\\LED Matrix project\\SVN\\trunk\\WIP\\thaibv\\Source Code\\VMS Controller\\ICON V1.1\\Led Controller\\obj\\Led Controller.axf" 
Set JLink Project File to "E:\Project\LED Matrix project\SVN\trunk\WIP\thaibv\Source Code\VMS Controller\ICON V1.1\Led Controller\JLinkSettings.ini"
* JLink Info: Device "STM32F103VE" selected (512 KB flash, 64 KB RAM).
 
JLink info:
------------
DLL: V4.68a, compiled Apr 12 2013 13:26:50
Firmware: J-Link ARM-OB STM32 compiled Aug 22 2012 19:52:04
Hardware: V7.00
S/N : 20090928 
Feature(s) : RDI,FlashDL,FlashBP,JFlash,GDBFull 
 
* JLink Info: Found SWD-DP with ID 0x1BA01477
* JLink Info: Found SWD-DP with ID 0x1BA01477
* JLink Info: TPIU fitted.
* JLink Info: ETM fitted.
* JLink Info: FPUnit: 6 code (BP) slots and 2 literal slots
* JLink Info: Found Cortex-M3 r1p1, Little endian.
ROMTableAddr = 0xE00FF003
 
Target info:
------------
Device: STM32F103VE
VTarget = 3.300V
State of Pins: 
TCK: 0, TDI: 0, TDO: 1, TMS: 0, TRES: 1, TRST: 1
Hardware-Breakpoints: 6
Software-Breakpoints: 8192
Watchpoints:          4
JTAG speed: 1000 kHz
 
Erase Done.
Programming Done.
Verify OK.
Application running ...
Build target 'LED Controller'
compiling main.c...
Project\main.c(133): warning:  #111-D: statement is unreachable
Project\main.c(99): warning:  #177-D: variable "j" was declared but never referenced
Project\main.c(235): warning:  #223-D: function "OE_Control" declared implicitly
Project\main.c(723): warning:  #177-D: variable "k" was declared but never referenced
Project\main.c(724): warning:  #177-D: variable "popup_temp" was declared but never referenced
Project\main.c(1215): warning:  #550-D: variable "status" was set but never used
Project\main.c(1345): warning:  #550-D: variable "status" was set but never used
linking...
Program Size: Code=30548 RO-data=852 RW-data=112 ZI-data=61632  
FromELF: creating hex file...
".\obj\Led Controller.axf" - 0 Errors, 7 Warning(s).
Build target 'LED Controller'
linking...
Program Size: Code=30548 RO-data=852 RW-data=112 ZI-data=61632  
FromELF: creating hex file...
".\obj\Led Controller.axf" - 0 Errors, 0 Warning(s).
Load "E:\\Project\\LED Matrix project\\SVN\\trunk\\WIP\\thaibv\\Source Code\\VMS Controller\\ICON V1.1\\Led Controller\\obj\\Led Controller.axf" 
Set JLink Project File to "E:\Project\LED Matrix project\SVN\trunk\WIP\thaibv\Source Code\VMS Controller\ICON V1.1\Led Controller\JLinkSettings.ini"
* JLink Info: Device "STM32F103VE" selected (512 KB flash, 64 KB RAM).
 
JLink info:
------------
DLL: V4.68a, compiled Apr 12 2013 13:26:50
Firmware: J-Link ARM-OB STM32 compiled Aug 22 2012 19:52:04
Hardware: V7.00
S/N : 20090928 
Feature(s) : RDI,FlashDL,FlashBP,JFlash,GDBFull 
 
* JLink Info: Found SWD-DP with ID 0x1BA01477
* JLink Info: Found SWD-DP with ID 0x1BA01477
* JLink Info: TPIU fitted.
* JLink Info: ETM fitted.
* JLink Info: FPUnit: 6 code (BP) slots and 2 literal slots
* JLink Info: Found Cortex-M3 r1p1, Little endian.
ROMTableAddr = 0xE00FF003
 
Target info:
------------
Device: STM32F103VE
VTarget = 3.300V
State of Pins: 
TCK: 0, TDI: 0, TDO: 1, TMS: 0, TRES: 1, TRST: 1
Hardware-Breakpoints: 6
Software-Breakpoints: 8192
Watchpoints:          4
JTAG speed: 1000 kHz
 
Erase Done.
Programming Done.
Verify OK.
Application running ...
Build target 'LED Controller'
compiling main.c...
Project\main.c(131): warning:  #111-D: statement is unreachable
Project\main.c(99): warning:  #177-D: variable "j" was declared but never referenced
Project\main.c(233): warning:  #223-D: function "OE_Control" declared implicitly
Project\main.c(721): warning:  #177-D: variable "k" was declared but never referenced
Project\main.c(722): warning:  #177-D: variable "popup_temp" was declared but never referenced
Project\main.c(1213): warning:  #550-D: variable "status" was set but never used
Project\main.c(1343): warning:  #550-D: variable "status" was set but never used
linking...
Program Size: Code=30536 RO-data=852 RW-data=112 ZI-data=61632  
FromELF: creating hex file...
".\obj\Led Controller.axf" - 0 Errors, 7 Warning(s).
Build target 'LED Controller'
linking...
Program Size: Code=30536 RO-data=852 RW-data=112 ZI-data=61632  
FromELF: creating hex file...
".\obj\Led Controller.axf" - 0 Errors, 0 Warning(s).
Load "E:\\Project\\LED Matrix project\\SVN\\trunk\\WIP\\thaibv\\Source Code\\VMS Controller\\ICON V1.1\\Led Controller\\obj\\Led Controller.axf" 
Set JLink Project File to "E:\Project\LED Matrix project\SVN\trunk\WIP\thaibv\Source Code\VMS Controller\ICON V1.1\Led Controller\JLinkSettings.ini"
* JLink Info: Device "STM32F103VE" selected (512 KB flash, 64 KB RAM).
 
JLink info:
------------
DLL: V4.68a, compiled Apr 12 2013 13:26:50
Firmware: J-Link ARM-OB STM32 compiled Aug 22 2012 19:52:04
Hardware: V7.00
S/N : 20090928 
Feature(s) : RDI,FlashDL,FlashBP,JFlash,GDBFull 
 
* JLink Info: Found SWD-DP with ID 0x1BA01477
* JLink Info: Found SWD-DP with ID 0x1BA01477
* JLink Info: TPIU fitted.
* JLink Info: ETM fitted.
* JLink Info: FPUnit: 6 code (BP) slots and 2 literal slots
* JLink Info: Found Cortex-M3 r1p1, Little endian.
ROMTableAddr = 0xE00FF003
 
Target info:
------------
Device: STM32F103VE
VTarget = 3.300V
State of Pins: 
TCK: 0, TDI: 0, TDO: 1, TMS: 0, TRES: 1, TRST: 1
Hardware-Breakpoints: 6
Software-Breakpoints: 8192
Watchpoints:          4
JTAG speed: 1000 kHz
 
Erase Done.
Programming Done.
Verify OK.
Application running ...
Build target 'LED Controller'
compiling main.c...
Project\main.c(131): warning:  #111-D: statement is unreachable
Project\main.c(99): warning:  #177-D: variable "j" was declared but never referenced
Project\main.c(233): warning:  #223-D: function "OE_Control" declared implicitly
Project\main.c(721): warning:  #177-D: variable "k" was declared but never referenced
Project\main.c(722): warning:  #177-D: variable "popup_temp" was declared but never referenced
Project\main.c(1213): warning:  #550-D: variable "status" was set but never used
Project\main.c(1343): warning:  #550-D: variable "status" was set but never used
linking...
Program Size: Code=30536 RO-data=852 RW-data=112 ZI-data=61632  
FromELF: creating hex file...
".\obj\Led Controller.axf" - 0 Errors, 7 Warning(s).
Build target 'LED Controller'
linking...
Program Size: Code=30536 RO-data=852 RW-data=112 ZI-data=61632  
FromELF: creating hex file...
".\obj\Led Controller.axf" - 0 Errors, 0 Warning(s).
Load "E:\\Project\\LED Matrix project\\SVN\\trunk\\WIP\\thaibv\\Source Code\\VMS Controller\\ICON V1.1\\Led Controller\\obj\\Led Controller.axf" 
Set JLink Project File to "E:\Project\LED Matrix project\SVN\trunk\WIP\thaibv\Source Code\VMS Controller\ICON V1.1\Led Controller\JLinkSettings.ini"
* JLink Info: Device "STM32F103VE" selected (512 KB flash, 64 KB RAM).
 
JLink info:
------------
DLL: V4.68a, compiled Apr 12 2013 13:26:50
Firmware: J-Link ARM-OB STM32 compiled Aug 22 2012 19:52:04
Hardware: V7.00
S/N : 20090928 
Feature(s) : RDI,FlashDL,FlashBP,JFlash,GDBFull 
 
* JLink Info: Found SWD-DP with ID 0x1BA01477
* JLink Info: Found SWD-DP with ID 0x1BA01477
* JLink Info: TPIU fitted.
* JLink Info: ETM fitted.
* JLink Info: FPUnit: 6 code (BP) slots and 2 literal slots
* JLink Info: Found Cortex-M3 r1p1, Little endian.
ROMTableAddr = 0xE00FF003
 
Target info:
------------
Device: STM32F103VE
VTarget = 3.300V
State of Pins: 
TCK: 0, TDI: 0, TDO: 1, TMS: 0, TRES: 1, TRST: 1
Hardware-Breakpoints: 6
Software-Breakpoints: 8192
Watchpoints:          4
JTAG speed: 1000 kHz
 
Erase Done.
Programming Done.
Verify OK.
Application running ...
Build target 'LED Controller'
compiling main.c...
Project\main.c(131): warning:  #111-D: statement is unreachable
Project\main.c(99): warning:  #177-D: variable "j" was declared but never referenced
Project\main.c(233): warning:  #223-D: function "OE_Control" declared implicitly
Project\main.c(721): warning:  #177-D: variable "k" was declared but never referenced
Project\main.c(722): warning:  #177-D: variable "popup_temp" was declared but never referenced
Project\main.c(1213): warning:  #550-D: variable "status" was set but never used
Project\main.c(1343): warning:  #550-D: variable "status" was set but never used
linking...
Program Size: Code=30528 RO-data=852 RW-data=112 ZI-data=61632  
FromELF: creating hex file...
".\obj\Led Controller.axf" - 0 Errors, 7 Warning(s).
Build target 'LED Controller'
linking...
Program Size: Code=30528 RO-data=852 RW-data=112 ZI-data=61632  
FromELF: creating hex file...
".\obj\Led Controller.axf" - 0 Errors, 0 Warning(s).
Load "E:\\Project\\LED Matrix project\\SVN\\trunk\\WIP\\thaibv\\Source Code\\VMS Controller\\ICON V1.1\\Led Controller\\obj\\Led Controller.axf" 
Set JLink Project File to "E:\Project\LED Matrix project\SVN\trunk\WIP\thaibv\Source Code\VMS Controller\ICON V1.1\Led Controller\JLinkSettings.ini"
* JLink Info: Device "STM32F103VE" selected (512 KB flash, 64 KB RAM).
 
JLink info:
------------
DLL: V4.68a, compiled Apr 12 2013 13:26:50
Firmware: J-Link ARM-OB STM32 compiled Aug 22 2012 19:52:04
Hardware: V7.00
S/N : 20090928 
Feature(s) : RDI,FlashDL,FlashBP,JFlash,GDBFull 
 
* JLink Info: Found SWD-DP with ID 0x1BA01477
* JLink Info: Found SWD-DP with ID 0x1BA01477
* JLink Info: TPIU fitted.
* JLink Info: ETM fitted.
* JLink Info: FPUnit: 6 code (BP) slots and 2 literal slots
* JLink Info: Found Cortex-M3 r1p1, Little endian.
ROMTableAddr = 0xE00FF003
 
Target info:
------------
Device: STM32F103VE
VTarget = 3.300V
State of Pins: 
TCK: 0, TDI: 0, TDO: 1, TMS: 0, TRES: 1, TRST: 1
Hardware-Breakpoints: 6
Software-Breakpoints: 8192
Watchpoints:          4
JTAG speed: 1000 kHz
 
Erase Done.
Programming Done.
Verify OK.
Application running ...
Build target 'LED Controller'
linking...
Program Size: Code=30528 RO-data=852 RW-data=112 ZI-data=61632  
FromELF: creating hex file...
".\obj\Led Controller.axf" - 0 Errors, 0 Warning(s).
Load "E:\\Project\\LED Matrix project\\SVN\\trunk\\WIP\\thaibv\\Source Code\\VMS Controller\\ICON V1.1\\Led Controller\\obj\\Led Controller.axf" 
Set JLink Project File to "E:\Project\LED Matrix project\SVN\trunk\WIP\thaibv\Source Code\VMS Controller\ICON V1.1\Led Controller\JLinkSettings.ini"
* JLink Info: Device "STM32F103VE" selected (512 KB flash, 64 KB RAM).
 
JLink info:
------------
DLL: V4.68a, compiled Apr 12 2013 13:26:50
Firmware: J-Link ARM-OB STM32 compiled Aug 22 2012 19:52:04
Hardware: V7.00
S/N : 20090928 
Feature(s) : RDI,FlashDL,FlashBP,JFlash,GDBFull 
 
* JLink Info: Found SWD-DP with ID 0x1BA01477
* JLink Info: Found SWD-DP with ID 0x1BA01477
* JLink Info: TPIU fitted.
* JLink Info: ETM fitted.
* JLink Info: FPUnit: 6 code (BP) slots and 2 literal slots
* JLink Info: Found Cortex-M3 r1p1, Little endian.
ROMTableAddr = 0xE00FF003
 
Target info:
------------
Device: STM32F103VE
VTarget = 3.300V
State of Pins: 
TCK: 0, TDI: 0, TDO: 1, TMS: 0, TRES: 1, TRST: 1
Hardware-Breakpoints: 6
Software-Breakpoints: 8192
Watchpoints:          4
JTAG speed: 1000 kHz
 
Erase Done.
Programming Done.
Verify OK.
Application running ...
Build target 'LED Controller'
linking...
Program Size: Code=30528 RO-data=852 RW-data=112 ZI-data=61632  
FromELF: creating hex file...
".\obj\Led Controller.axf" - 0 Errors, 0 Warning(s).
Build target 'LED Controller'
compiling main.c...
Project\main.c(131): warning:  #111-D: statement is unreachable
Project\main.c(99): warning:  #177-D: variable "j" was declared but never referenced
Project\main.c(233): warning:  #223-D: function "OE_Control" declared implicitly
Project\main.c(721): warning:  #177-D: variable "k" was declared but never referenced
Project\main.c(722): warning:  #177-D: variable "popup_temp" was declared but never referenced
Project\main.c(1213): warning:  #550-D: variable "status" was set but never used
Project\main.c(1343): warning:  #550-D: variable "status" was set but never used
compiling stm32f10x_it.c...
Project\stm32f10x_it.c(222): warning:  #550-D: variable "temp" was set but never used
compiling ledMatrix.c...
compiling HardwareConfig.c...
compiling font.c...
Project\font.c(435): warning:  #550-D: variable "status" was set but never used
linking...
Program Size: Code=30528 RO-data=852 RW-data=112 ZI-data=61632  
FromELF: creating hex file...
".\obj\Led Controller.axf" - 0 Errors, 9 Warning(s).
Build target 'LED Controller'
compiling main.c...
Project\main.c(131): warning:  #111-D: statement is unreachable
Project\main.c(99): warning:  #177-D: variable "j" was declared but never referenced
Project\main.c(233): warning:  #223-D: function "OE_Control" declared implicitly
Project\main.c(721): warning:  #177-D: variable "k" was declared but never referenced
Project\main.c(722): warning:  #177-D: variable "popup_temp" was declared but never referenced
Project\main.c(1213): warning:  #550-D: variable "status" was set but never used
Project\main.c(1343): warning:  #550-D: variable "status" was set but never used
linking...
Program Size: Code=30536 RO-data=852 RW-data=112 ZI-data=61632  
FromELF: creating hex file...
".\obj\Led Controller.axf" - 0 Errors, 7 Warning(s).
Build target 'LED Controller'
linking...
Program Size: Code=30536 RO-data=852 RW-data=112 ZI-data=61632  
FromELF: creating hex file...
".\obj\Led Controller.axf" - 0 Errors, 0 Warning(s).
Load "E:\\Project\\LED Matrix project\\SVN\\trunk\\WIP\\thaibv\\Source Code\\VMS Controller\\ICON V1.1\\Led Controller\\obj\\Led Controller.axf" 
Set JLink Project File to "E:\Project\LED Matrix project\SVN\trunk\WIP\thaibv\Source Code\VMS Controller\ICON V1.1\Led Controller\JLinkSettings.ini"
* JLink Info: Device "STM32F103VE" selected (512 KB flash, 64 KB RAM).
 
JLink info:
------------
DLL: V4.68a, compiled Apr 12 2013 13:26:50
Firmware: J-Link ARM-OB STM32 compiled Aug 22 2012 19:52:04
Hardware: V7.00
S/N : 20090928 
Feature(s) : RDI,FlashDL,FlashBP,JFlash,GDBFull 
 
* JLink Info: Found SWD-DP with ID 0x1BA01477
* JLink Info: Found SWD-DP with ID 0x1BA01477
* JLink Info: TPIU fitted.
* JLink Info: ETM fitted.
* JLink Info: FPUnit: 6 code (BP) slots and 2 literal slots
* JLink Info: Found Cortex-M3 r1p1, Little endian.
ROMTableAddr = 0xE00FF003
 
Target info:
------------
Device: STM32F103VE
VTarget = 3.300V
State of Pins: 
TCK: 0, TDI: 0, TDO: 1, TMS: 0, TRES: 1, TRST: 1
Hardware-Breakpoints: 6
Software-Breakpoints: 8192
Watchpoints:          4
JTAG speed: 1000 kHz
 
Erase Done.
Programming Done.
Verify OK.
Application running ...
Build target 'LED Controller'
compiling main.c...
Project\main.c(131): warning:  #111-D: statement is unreachable
Project\main.c(99): warning:  #177-D: variable "j" was declared but never referenced
Project\main.c(233): warning:  #223-D: function "OE_Control" declared implicitly
Project\main.c(721): warning:  #177-D: variable "k" was declared but never referenced
Project\main.c(722): warning:  #177-D: variable "popup_temp" was declared but never referenced
Project\main.c(1213): warning:  #550-D: variable "status" was set but never used
Project\main.c(1343): warning:  #550-D: variable "status" was set but never used
linking...
Program Size: Code=30540 RO-data=852 RW-data=112 ZI-data=61632  
FromELF: creating hex file...
".\obj\Led Controller.axf" - 0 Errors, 7 Warning(s).
Build target 'LED Controller'
linking...
Program Size: Code=30540 RO-data=852 RW-data=112 ZI-data=61632  
FromELF: creating hex file...
".\obj\Led Controller.axf" - 0 Errors, 0 Warning(s).
Load "E:\\Project\\LED Matrix project\\SVN\\trunk\\WIP\\thaibv\\Source Code\\VMS Controller\\ICON V1.1\\Led Controller\\obj\\Led Controller.axf" 
Set JLink Project File to "E:\Project\LED Matrix project\SVN\trunk\WIP\thaibv\Source Code\VMS Controller\ICON V1.1\Led Controller\JLinkSettings.ini"
* JLink Info: Device "STM32F103VE" selected (512 KB flash, 64 KB RAM).
 
JLink info:
------------
DLL: V4.68a, compiled Apr 12 2013 13:26:50
Firmware: J-Link ARM-OB STM32 compiled Aug 22 2012 19:52:04
Hardware: V7.00
S/N : 20090928 
Feature(s) : RDI,FlashDL,FlashBP,JFlash,GDBFull 
 
* JLink Info: Found SWD-DP with ID 0x1BA01477
* JLink Info: Found SWD-DP with ID 0x1BA01477
* JLink Info: TPIU fitted.
* JLink Info: ETM fitted.
* JLink Info: FPUnit: 6 code (BP) slots and 2 literal slots
* JLink Info: Found Cortex-M3 r1p1, Little endian.
ROMTableAddr = 0xE00FF003
 
Target info:
------------
Device: STM32F103VE
VTarget = 3.300V
State of Pins: 
TCK: 0, TDI: 0, TDO: 1, TMS: 0, TRES: 1, TRST: 1
Hardware-Breakpoints: 6
Software-Breakpoints: 8192
Watchpoints:          4
JTAG speed: 1000 kHz
 
Erase Done.
Programming Done.
Verify OK.
Application running ...
Build target 'LED Controller'
compiling ledMatrix.c...
linking...
Program Size: Code=30516 RO-data=852 RW-data=112 ZI-data=61632  
FromELF: creating hex file...
".\obj\Led Controller.axf" - 0 Errors, 0 Warning(s).
Load "E:\\Project\\LED Matrix project\\SVN\\trunk\\WIP\\thaibv\\Source Code\\VMS Controller\\ICON V1.1\\Led Controller\\obj\\Led Controller.axf" 
Set JLink Project File to "E:\Project\LED Matrix project\SVN\trunk\WIP\thaibv\Source Code\VMS Controller\ICON V1.1\Led Controller\JLinkSettings.ini"
* JLink Info: Device "STM32F103VE" selected (512 KB flash, 64 KB RAM).
 
JLink info:
------------
DLL: V4.68a, compiled Apr 12 2013 13:26:50
Firmware: J-Link ARM-OB STM32 compiled Aug 22 2012 19:52:04
Hardware: V7.00
S/N : 20090928 
Feature(s) : RDI,FlashDL,FlashBP,JFlash,GDBFull 
 
* JLink Info: STM32F1xxx: Can not attach to CPU. Trying connect under reset.
Build target 'LED Controller'
compiling ledMatrix.c...
linking...
Program Size: Code=30516 RO-data=852 RW-data=112 ZI-data=61632  
FromELF: creating hex file...
".\obj\Led Controller.axf" - 0 Errors, 0 Warning(s).
Build target 'LED Controller'
linking...
Program Size: Code=30516 RO-data=852 RW-data=112 ZI-data=61632  
FromELF: creating hex file...
".\obj\Led Controller.axf" - 0 Errors, 0 Warning(s).
Load "E:\\Project\\LED Matrix project\\SVN\\trunk\\WIP\\thaibv\\Source Code\\VMS Controller\\ICON V1.1\\Led Controller\\obj\\Led Controller.axf" 
Set JLink Project File to "E:\Project\LED Matrix project\SVN\trunk\WIP\thaibv\Source Code\VMS Controller\ICON V1.1\Led Controller\JLinkSettings.ini"
* JLink Info: Device "STM32F103VE" selected (512 KB flash, 64 KB RAM).
 
JLink info:
------------
DLL: V4.68a, compiled Apr 12 2013 13:26:50
Firmware: J-Link ARM-OB STM32 compiled Aug 22 2012 19:52:04
Hardware: V7.00
S/N : 20090928 
Feature(s) : RDI,FlashDL,FlashBP,JFlash,GDBFull 
 
* JLink Info: Found SWD-DP with ID 0x1BA01477
* JLink Info: Found SWD-DP with ID 0x1BA01477
* JLink Info: TPIU fitted.
* JLink Info: ETM fitted.
* JLink Info: FPUnit: 6 code (BP) slots and 2 literal slots
* JLink Info: Found Cortex-M3 r1p1, Little endian.
ROMTableAddr = 0xE00FF003
 
Target info:
------------
Device: STM32F103VE
VTarget = 3.300V
State of Pins: 
TCK: 0, TDI: 0, TDO: 1, TMS: 0, TRES: 1, TRST: 1
Hardware-Breakpoints: 6
Software-Breakpoints: 8192
Watchpoints:          4
JTAG speed: 1000 kHz
 
Erase Done.
Programming Done.
Contents mismatch at: 08000FBAH  (Flash=FFH  Required=04H) !
Contents mismatch at: 08000FBBH  (Flash=FFH  Required=EAH) !
Contents mismatch at: 08000FBCH  (Flash=FFH  Required=02H) !
Contents mismatch at: 08000FBDH  (Flash=FFH  Required=04H) !
Contents mismatch at: 08000FBEH  (Flash=FFH  Required=44H) !
Contents mismatch at: 08000FBFH  (Flash=FFH  Required=EAH) !
Contents mismatch at: 08000FC0H  (Flash=FFH  Required=01H) !
Contents mismatch at: 08000FC1H  (Flash=FFH  Required=01H) !
Contents mismatch at: 08000FC2H  (Flash=FFH  Required=4FH) !
Contents mismatch at: 08000FC3H  (Flash=FFH  Required=EAH) !
Contents mismatch at: 08000FC4H  (Flash=FFH  Required=01H) !
Contents mismatch at: 08000FC5H  (Flash=FFH  Required=11H) !
Contents mismatch at: 08000FC6H  (Flash=FFH  Required=28H) !
Contents mismatch at: 08000FC7H  (Flash=FFH  Required=4CH) !
Contents mismatch at: 08000FC8H  (Flash=FFH  Required=06H) !
Contents mismatch at: 08000FC9H  (Flash=FFH  Required=78H) !
Contents mismatch at: 08000FCAH  (Flash=FFH  Required=A1H) !
Contents mismatch at: 08000FCBH  (Flash=FFH  Required=55H) !
Contents mismatch at: 08001310H  (Flash=FFH  Required=2CH) !
Contents mismatch at: 08001311H  (Flash=FFH  Required=43H) !
Contents mismatch at: 08001312H  (Flash=FFH  Required=CDH) !
Contents mismatch at: 08001313H  (Flash=FFH  Required=89H) !
Contents mismatch at: 08001314H  (Flash=FFH  Required=2CH) !
Contents mismatch at: 08001315H  (Flash=FFH  Required=43H) !
Contents mismatch at: 08001316H  (Flash=FFH  Required=84H) !
Contents mismatch at: 08001317H  (Flash=FFH  Required=80H) !
Contents mismatch at: 08001318H  (Flash=FFH  Required=02H) !
Contents mismatch at: 08001319H  (Flash=FFH  Required=83H) !
Contents mismatch at: 0800131AH  (Flash=FFH  Required=CDH) !
Contents mismatch at: 0800131BH  (Flash=FFH  Required=88H) !
Contents mismatch at: 0800131CH  (Flash=FFH  Required=85H) !
Contents mismatch at: 0800131DH  (Flash=FFH  Required=86H) !
Contents mismatch at: 0800131EH  (Flash=FFH  Required=03H) !
Contents mismatch at: 0800131FH  (Flash=FFH  Required=84H) !
Contents mismatch at: 08001320H  (Flash=FFH  Required=70H) !
Contents mismatch at: 08001321H  (Flash=FFH  Required=BDH) !
Contents mismatch at: 080013A8H  (Flash=D4H  Required=84H) !
Contents mismatch at: 080013A9H  (Flash=8BH  Required=80H) !
Contents mismatch at: 080013AAH  (Flash=FFH  Required=02H) !
Contents mismatch at: 080013ABH  (Flash=FFH  Required=83H) !
Contents mismatch at: 080013ACH  (Flash=FFH  Required=CDH) !
Contents mismatch at: 080013ADH  (Flash=FFH  Required=88H) !
Contents mismatch at: 080013AEH  (Flash=FFH  Required=05H) !
Contents mismatch at: 080013AFH  (Flash=FFH  Required=87H) !
Contents mismatch at: 080013B0H  (Flash=FFH  Required=03H) !
Contents mismatch at: 080013B1H  (Flash=FFH  Required=84H) !
Contents mismatch at: 080013B2H  (Flash=FFH  Required=70H) !
Contents mismatch at: 080013B3H  (Flash=FFH  Required=BDH) !
Contents mismatch at: 080013B4H  (Flash=FFH  Required=70H) !
Contents mismatch at: 080013B5H  (Flash=FFH  Required=B5H) !
Contents mismatch at: 080013B6H  (Flash=FFH  Required=00H) !
Contents mismatch at: 080013B7H  (Flash=FFH  Required=22H) !
Contents mismatch at: 080013B8H  (Flash=FFH  Required=00H) !
Contents mismatch at: 080013B9H  (Flash=FFH  Required=23H) !
Verify Failed!
Build target 'LED Controller'
linking...
Program Size: Code=30516 RO-data=852 RW-data=112 ZI-data=61632  
FromELF: creating hex file...
".\obj\Led Controller.axf" - 0 Errors, 0 Warning(s).
Load "E:\\Project\\LED Matrix project\\SVN\\trunk\\WIP\\thaibv\\Source Code\\VMS Controller\\ICON V1.1\\Led Controller\\obj\\Led Controller.axf" 
Set JLink Project File to "E:\Project\LED Matrix project\SVN\trunk\WIP\thaibv\Source Code\VMS Controller\ICON V1.1\Led Controller\JLinkSettings.ini"
* JLink Info: Device "STM32F103VE" selected (512 KB flash, 64 KB RAM).
 
JLink info:
------------
DLL: V4.68a, compiled Apr 12 2013 13:26:50
Firmware: J-Link ARM-OB STM32 compiled Aug 22 2012 19:52:04
Hardware: V7.00
S/N : 20090928 
Feature(s) : RDI,FlashDL,FlashBP,JFlash,GDBFull 
 
* JLink Info: Found SWD-DP with ID 0x1BA01477
* JLink Info: Found SWD-DP with ID 0x1BA01477
* JLink Info: TPIU fitted.
* JLink Info: ETM fitted.
* JLink Info: FPUnit: 6 code (BP) slots and 2 literal slots
* JLink Info: Found Cortex-M3 r1p1, Little endian.
ROMTableAddr = 0xE00FF003
 
Target info:
------------
Device: STM32F103VE
VTarget = 3.300V
State of Pins: 
TCK: 0, TDI: 0, TDO: 1, TMS: 0, TRES: 1, TRST: 1
Hardware-Breakpoints: 6
Software-Breakpoints: 8192
Watchpoints:          4
JTAG speed: 1000 kHz
 
Erase Done.
Programming Done.
Verify OK.
Application running ...
Build target 'LED Controller'
compiling main.c...
Project\main.c(131): warning:  #111-D: statement is unreachable
Project\main.c(99): warning:  #177-D: variable "j" was declared but never referenced
Project\main.c(233): warning:  #223-D: function "OE_Control" declared implicitly
Project\main.c(721): warning:  #177-D: variable "k" was declared but never referenced
Project\main.c(722): warning:  #177-D: variable "popup_temp" was declared but never referenced
Project\main.c(1213): warning:  #550-D: variable "status" was set but never used
Project\main.c(1343): warning:  #550-D: variable "status" was set but never used
compiling ledMatrix.c...
linking...
Program Size: Code=30520 RO-data=852 RW-data=112 ZI-data=61632  
FromELF: creating hex file...
".\obj\Led Controller.axf" - 0 Errors, 7 Warning(s).
Build target 'LED Controller'
linking...
Program Size: Code=30520 RO-data=852 RW-data=112 ZI-data=61632  
FromELF: creating hex file...
".\obj\Led Controller.axf" - 0 Errors, 0 Warning(s).
Load "E:\\Project\\LED Matrix project\\SVN\\trunk\\WIP\\thaibv\\Source Code\\VMS Controller\\ICON V1.1\\Led Controller\\obj\\Led Controller.axf" 
Set JLink Project File to "E:\Project\LED Matrix project\SVN\trunk\WIP\thaibv\Source Code\VMS Controller\ICON V1.1\Led Controller\JLinkSettings.ini"
* JLink Info: Device "STM32F103VE" selected (512 KB flash, 64 KB RAM).
 
JLink info:
------------
DLL: V4.68a, compiled Apr 12 2013 13:26:50
Firmware: J-Link ARM-OB STM32 compiled Aug 22 2012 19:52:04
Hardware: V7.00
S/N : 20090928 
Feature(s) : RDI,FlashDL,FlashBP,JFlash,GDBFull 
 
* JLink Info: Found SWD-DP with ID 0x1BA01477
* JLink Info: Found SWD-DP with ID 0x1BA01477
* JLink Info: TPIU fitted.
* JLink Info: ETM fitted.
* JLink Info: FPUnit: 6 code (BP) slots and 2 literal slots
* JLink Info: Found Cortex-M3 r1p1, Little endian.
ROMTableAddr = 0xE00FF003
 
Target info:
------------
Device: STM32F103VE
VTarget = 3.300V
State of Pins: 
TCK: 0, TDI: 0, TDO: 1, TMS: 0, TRES: 1, TRST: 1
Hardware-Breakpoints: 6
Software-Breakpoints: 8192
Watchpoints:          4
JTAG speed: 1000 kHz
 
Erase Done.
Programming Done.
Verify OK.
Application running ...
Build target 'LED Controller'
compiling main.c...
Project\main.c(131): warning:  #111-D: statement is unreachable
Project\main.c(99): warning:  #177-D: variable "j" was declared but never referenced
Project\main.c(233): warning:  #223-D: function "OE_Control" declared implicitly
Project\main.c(721): warning:  #177-D: variable "k" was declared but never referenced
Project\main.c(722): warning:  #177-D: variable "popup_temp" was declared but never referenced
Project\main.c(1213): warning:  #550-D: variable "status" was set but never used
Project\main.c(1343): warning:  #550-D: variable "status" was set but never used
linking...
Program Size: Code=30520 RO-data=852 RW-data=112 ZI-data=61632  
FromELF: creating hex file...
".\obj\Led Controller.axf" - 0 Errors, 7 Warning(s).
Load "E:\\Project\\LED Matrix project\\SVN\\trunk\\WIP\\thaibv\\Source Code\\VMS Controller\\ICON V1.1\\Led Controller\\obj\\Led Controller.axf" 
Set JLink Project File to "E:\Project\LED Matrix project\SVN\trunk\WIP\thaibv\Source Code\VMS Controller\ICON V1.1\Led Controller\JLinkSettings.ini"
* JLink Info: Device "STM32F103VE" selected (512 KB flash, 64 KB RAM).
 
JLink info:
------------
DLL: V4.68a, compiled Apr 12 2013 13:26:50
Firmware: J-Link ARM-OB STM32 compiled Aug 22 2012 19:52:04
Hardware: V7.00
S/N : 20090928 
Feature(s) : RDI,FlashDL,FlashBP,JFlash,GDBFull 
 
* JLink Info: Found SWD-DP with ID 0x1BA01477
* JLink Info: Found SWD-DP with ID 0x1BA01477
* JLink Info: TPIU fitted.
* JLink Info: ETM fitted.
* JLink Info: FPUnit: 6 code (BP) slots and 2 literal slots
* JLink Info: Found Cortex-M3 r1p1, Little endian.
ROMTableAddr = 0xE00FF003
 
Target info:
------------
Device: STM32F103VE
VTarget = 3.300V
State of Pins: 
TCK: 0, TDI: 0, TDO: 1, TMS: 0, TRES: 1, TRST: 1
Hardware-Breakpoints: 6
Software-Breakpoints: 8192
Watchpoints:          4
JTAG speed: 1000 kHz
 
Erase Done.
Programming Done.
Verify OK.
Application running ...
Build target 'LED Controller'
compiling ledMatrix.c...
linking...
Program Size: Code=30520 RO-data=852 RW-data=112 ZI-data=61632  
FromELF: creating hex file...
".\obj\Led Controller.axf" - 0 Errors, 0 Warning(s).
Build target 'LED Controller'
linking...
Program Size: Code=30520 RO-data=852 RW-data=112 ZI-data=61632  
FromELF: creating hex file...
".\obj\Led Controller.axf" - 0 Errors, 0 Warning(s).
Load "E:\\Project\\LED Matrix project\\SVN\\trunk\\WIP\\thaibv\\Source Code\\VMS Controller\\ICON V1.1\\Led Controller\\obj\\Led Controller.axf" 
Set JLink Project File to "E:\Project\LED Matrix project\SVN\trunk\WIP\thaibv\Source Code\VMS Controller\ICON V1.1\Led Controller\JLinkSettings.ini"
* JLink Info: Device "STM32F103VE" selected (512 KB flash, 64 KB RAM).
 
JLink info:
------------
DLL: V4.68a, compiled Apr 12 2013 13:26:50
Firmware: J-Link ARM-OB STM32 compiled Aug 22 2012 19:52:04
Hardware: V7.00
S/N : 20090928 
Feature(s) : RDI,FlashDL,FlashBP,JFlash,GDBFull 
 
* JLink Info: Found SWD-DP with ID 0x1BA01477
* JLink Info: Found SWD-DP with ID 0x1BA01477
* JLink Info: TPIU fitted.
* JLink Info: ETM fitted.
* JLink Info: FPUnit: 6 code (BP) slots and 2 literal slots
* JLink Info: Found Cortex-M3 r1p1, Little endian.
ROMTableAddr = 0xE00FF003
 
Target info:
------------
Device: STM32F103VE
VTarget = 3.300V
State of Pins: 
TCK: 0, TDI: 0, TDO: 1, TMS: 0, TRES: 1, TRST: 1
Hardware-Breakpoints: 6
Software-Breakpoints: 8192
Watchpoints:          4
JTAG speed: 1000 kHz
 
Erase Done.
Programming Done.
Verify OK.
Application running ...
Build target 'LED Controller'
compiling main.c...
Project\main.c(131): warning:  #111-D: statement is unreachable
Project\main.c(99): warning:  #177-D: variable "j" was declared but never referenced
Project\main.c(233): warning:  #223-D: function "OE_Control" declared implicitly
Project\main.c(721): warning:  #177-D: variable "k" was declared but never referenced
Project\main.c(722): warning:  #177-D: variable "popup_temp" was declared but never referenced
Project\main.c(1213): warning:  #550-D: variable "status" was set but never used
Project\main.c(1343): warning:  #550-D: variable "status" was set but never used
compiling ledMatrix.c...
linking...
Program Size: Code=30512 RO-data=852 RW-data=112 ZI-data=61632  
FromELF: creating hex file...
".\obj\Led Controller.axf" - 0 Errors, 7 Warning(s).
Build target 'LED Controller'
linking...
Program Size: Code=30512 RO-data=852 RW-data=112 ZI-data=61632  
FromELF: creating hex file...
".\obj\Led Controller.axf" - 0 Errors, 0 Warning(s).
Load "E:\\Project\\LED Matrix project\\SVN\\trunk\\WIP\\thaibv\\Source Code\\VMS Controller\\ICON V1.1\\Led Controller\\obj\\Led Controller.axf" 
Set JLink Project File to "E:\Project\LED Matrix project\SVN\trunk\WIP\thaibv\Source Code\VMS Controller\ICON V1.1\Led Controller\JLinkSettings.ini"
* JLink Info: Device "STM32F103VE" selected (512 KB flash, 64 KB RAM).
 
JLink info:
------------
DLL: V4.68a, compiled Apr 12 2013 13:26:50
Firmware: J-Link ARM-OB STM32 compiled Aug 22 2012 19:52:04
Hardware: V7.00
S/N : 20090928 
Feature(s) : RDI,FlashDL,FlashBP,JFlash,GDBFull 
 
* JLink Info: Found SWD-DP with ID 0x1BA01477
* JLink Info: Found SWD-DP with ID 0x1BA01477
* JLink Info: TPIU fitted.
* JLink Info: ETM fitted.
* JLink Info: FPUnit: 6 code (BP) slots and 2 literal slots
* JLink Info: Found Cortex-M3 r1p1, Little endian.
ROMTableAddr = 0xE00FF003
 
Target info:
------------
Device: STM32F103VE
VTarget = 3.300V
State of Pins: 
TCK: 0, TDI: 0, TDO: 1, TMS: 0, TRES: 1, TRST: 1
Hardware-Breakpoints: 6
Software-Breakpoints: 8192
Watchpoints:          4
JTAG speed: 1000 kHz
 
Erase Done.
Programming Done.
Verify OK.
Application running ...
Build target 'LED Controller'
linking...
Program Size: Code=30512 RO-data=852 RW-data=112 ZI-data=61632  
FromELF: creating hex file...
".\obj\Led Controller.axf" - 0 Errors, 0 Warning(s).
Build target 'LED Controller'
compiling main.c...
Project\main.c(131): warning:  #111-D: statement is unreachable
Project\main.c(99): warning:  #177-D: variable "j" was declared but never referenced
Project\main.c(233): warning:  #223-D: function "OE_Control" declared implicitly
Project\main.c(721): warning:  #177-D: variable "k" was declared but never referenced
Project\main.c(722): warning:  #177-D: variable "popup_temp" was declared but never referenced
Project\main.c(1213): warning:  #550-D: variable "status" was set but never used
Project\main.c(1343): warning:  #550-D: variable "status" was set but never used
linking...
Program Size: Code=30512 RO-data=852 RW-data=112 ZI-data=61632  
FromELF: creating hex file...
".\obj\Led Controller.axf" - 0 Errors, 7 Warning(s).
Build target 'LED Controller'
linking...
Program Size: Code=30512 RO-data=852 RW-data=112 ZI-data=61632  
FromELF: creating hex file...
".\obj\Led Controller.axf" - 0 Errors, 0 Warning(s).
Load "E:\\Project\\LED Matrix project\\SVN\\trunk\\WIP\\thaibv\\Source Code\\VMS Controller\\ICON V1.1\\Led Controller\\obj\\Led Controller.axf" 
Set JLink Project File to "E:\Project\LED Matrix project\SVN\trunk\WIP\thaibv\Source Code\VMS Controller\ICON V1.1\Led Controller\JLinkSettings.ini"
* JLink Info: Device "STM32F103VE" selected (512 KB flash, 64 KB RAM).
 
JLink info:
------------
DLL: V4.68a, compiled Apr 12 2013 13:26:50
Firmware: J-Link ARM-OB STM32 compiled Aug 22 2012 19:52:04
Hardware: V7.00
S/N : 20090928 
Feature(s) : RDI,FlashDL,FlashBP,JFlash,GDBFull 
 
* JLink Info: Found SWD-DP with ID 0x1BA01477
* JLink Info: Found SWD-DP with ID 0x1BA01477
* JLink Info: TPIU fitted.
* JLink Info: ETM fitted.
* JLink Info: FPUnit: 6 code (BP) slots and 2 literal slots
* JLink Info: Found Cortex-M3 r1p1, Little endian.
ROMTableAddr = 0xE00FF003
 
Target info:
------------
Device: STM32F103VE
VTarget = 3.300V
State of Pins: 
TCK: 0, TDI: 0, TDO: 1, TMS: 0, TRES: 1, TRST: 1
Hardware-Breakpoints: 6
Software-Breakpoints: 8192
Watchpoints:          4
JTAG speed: 1000 kHz
 
Erase Done.
Programming Done.
Contents mismatch at: 08007000H  (Flash=FFH  Required=51H) !
Contents mismatch at: 08007001H  (Flash=FFH  Required=F8H) !
Contents mismatch at: 08007002H  (Flash=FFH  Required=04H) !
Contents mismatch at: 08007003H  (Flash=FFH  Required=3BH) !
Contents mismatch at: 08007004H  (Flash=FFH  Required=9AH) !
Contents mismatch at: 08007005H  (Flash=FFH  Required=42H) !
Contents mismatch at: 08007006H  (Flash=FFH  Required=09H) !
Contents mismatch at: 08007007H  (Flash=FFH  Required=D1H) !
Contents mismatch at: 08007008H  (Flash=FFH  Required=A2H) !
Contents mismatch at: 08007009H  (Flash=FFH  Required=EBH) !
Contents mismatch at: 0800700AH  (Flash=FFH  Required=0CH) !
Contents mismatch at: 0800700BH  (Flash=FFH  Required=03H) !
Contents mismatch at: 0800700CH  (Flash=FFH  Required=93H) !
Contents mismatch at: 0800700DH  (Flash=FFH  Required=43H) !
Contents mismatch at: 0800700EH  (Flash=FFH  Required=13H) !
Contents mismatch at: 0800700FH  (Flash=FFH  Required=EAH) !
Contents mismatch at: 08007010H  (Flash=FFH  Required=CCH) !
Contents mismatch at: 08007011H  (Flash=FFH  Required=13H) !
Contents mismatch at: 08007012H  (Flash=FFH  Required=DBH) !
Contents mismatch at: 08007013H  (Flash=FFH  Required=D0H) !
Contents mismatch at: 08007014H  (Flash=FFH  Required=4FH) !
Contents mismatch at: 08007015H  (Flash=FFH  Required=F0H) !
Contents mismatch at: 08007016H  (Flash=FFH  Required=00H) !
Contents mismatch at: 08007017H  (Flash=FFH  Required=00H) !
Contents mismatch at: 08007018H  (Flash=FFH  Required=70H) !
[...]
Project\main.c(668): warning:  #223-D: function "OE_Control" declared implicitly
Project\main.c(1156): warning:  #177-D: variable "k" was declared but never referenced
Project\main.c(1157): warning:  #177-D: variable "popup_temp" was declared but never referenced
Project\main.c(1648): warning:  #550-D: variable "status" was set but never used
Project\main.c(1778): warning:  #550-D: variable "status" was set but never used
linking...
Program Size: Code=30568 RO-data=852 RW-data=7024 ZI-data=53384  
FromELF: creating hex file...
".\obj\Led Controller.axf" - 0 Errors, 7 Warning(s).
Build target 'LED Controller'
linking...
Program Size: Code=30568 RO-data=852 RW-data=7024 ZI-data=53384  
FromELF: creating hex file...
".\obj\Led Controller.axf" - 0 Errors, 0 Warning(s).
Load "E:\\Project\\LED Matrix project\\SVN\\trunk\\WIP\\thaibv\\Source Code\\VMS Controller\\ICON V1.1\\Led Controller\\obj\\Led Controller.axf" 
Set JLink Project File to "E:\Project\LED Matrix project\SVN\trunk\WIP\thaibv\Source Code\VMS Controller\ICON V1.1\Led Controller\JLinkSettings.ini"
* JLink Info: Device "STM32F103VE" selected (512 KB flash, 64 KB RAM).
 
JLink info:
------------
DLL: V4.68a, compiled Apr 12 2013 13:26:50
Firmware: J-Link ARM-OB STM32 compiled Aug 22 2012 19:52:04
Hardware: V7.00
S/N : 20090928 
Feature(s) : RDI,FlashDL,FlashBP,JFlash,GDBFull 
 
* JLink Info: Found SWD-DP with ID 0x1BA01477
* JLink Info: Found SWD-DP with ID 0x1BA01477
* JLink Info: TPIU fitted.
* JLink Info: ETM fitted.
* JLink Info: FPUnit: 6 code (BP) slots and 2 literal slots
* JLink Info: Found Cortex-M3 r1p1, Little endian.
ROMTableAddr = 0xE00FF003
 
Target info:
------------
Device: STM32F103VE
VTarget = 3.300V
State of Pins: 
TCK: 0, TDI: 0, TDO: 1, TMS: 0, TRES: 1, TRST: 1
Hardware-Breakpoints: 6
Software-Breakpoints: 8192
Watchpoints:          4
JTAG speed: 1000 kHz
 
Erase Done.
Programming Done.
Verify OK.
Application running ...
Build target 'LED Controller'
compiling ledMatrix.c...
linking...
Program Size: Code=30568 RO-data=852 RW-data=7024 ZI-data=53384  
FromELF: creating hex file...
".\obj\Led Controller.axf" - 0 Errors, 0 Warning(s).
Build target 'LED Controller'
linking...
Program Size: Code=30568 RO-data=852 RW-data=7024 ZI-data=53384  
FromELF: creating hex file...
".\obj\Led Controller.axf" - 0 Errors, 0 Warning(s).
Load "E:\\Project\\LED Matrix project\\SVN\\trunk\\WIP\\thaibv\\Source Code\\VMS Controller\\ICON V1.1\\Led Controller\\obj\\Led Controller.axf" 
Set JLink Project File to "E:\Project\LED Matrix project\SVN\trunk\WIP\thaibv\Source Code\VMS Controller\ICON V1.1\Led Controller\JLinkSettings.ini"
* JLink Info: Device "STM32F103VE" selected (512 KB flash, 64 KB RAM).
 
JLink info:
------------
DLL: V4.68a, compiled Apr 12 2013 13:26:50
Firmware: J-Link ARM-OB STM32 compiled Aug 22 2012 19:52:04
Hardware: V7.00
S/N : 20090928 
Feature(s) : RDI,FlashDL,FlashBP,JFlash,GDBFull 
 
* JLink Info: Found SWD-DP with ID 0x1BA01477
* JLink Info: Found SWD-DP with ID 0x1BA01477
* JLink Info: TPIU fitted.
* JLink Info: ETM fitted.
* JLink Info: FPUnit: 6 code (BP) slots and 2 literal slots
* JLink Info: Found Cortex-M3 r1p1, Little endian.
ROMTableAddr = 0xE00FF003
 
Target info:
------------
Device: STM32F103VE
VTarget = 3.300V
State of Pins: 
TCK: 0, TDI: 0, TDO: 1, TMS: 0, TRES: 1, TRST: 1
Hardware-Breakpoints: 6
Software-Breakpoints: 8192
Watchpoints:          4
JTAG speed: 1000 kHz
 
Erase Done.
Programming Done.
Verify OK.
Application running ...
Build target 'LED Controller'
compiling main.c...
Project\main.c(99): warning:  #177-D: variable "j" was declared but never referenced
Project\main.c(227): warning:  #223-D: function "OE_Control" declared implicitly
Project\main.c(715): warning:  #177-D: variable "k" was declared but never referenced
Project\main.c(716): warning:  #177-D: variable "popup_temp" was declared but never referenced
Project\main.c(1207): warning:  #550-D: variable "status" was set but never used
Project\main.c(1337): warning:  #550-D: variable "status" was set but never used
compiling ledMatrix.c...
linking...
Program Size: Code=30920 RO-data=852 RW-data=112 ZI-data=61632  
FromELF: creating hex file...
".\obj\Led Controller.axf" - 0 Errors, 6 Warning(s).
Build target 'LED Controller'
linking...
Program Size: Code=30920 RO-data=852 RW-data=112 ZI-data=61632  
FromELF: creating hex file...
".\obj\Led Controller.axf" - 0 Errors, 0 Warning(s).
Load "E:\\Project\\LED Matrix project\\SVN\\trunk\\WIP\\thaibv\\Source Code\\VMS Controller\\ICON V1.1\\Led Controller\\obj\\Led Controller.axf" 
Set JLink Project File to "E:\Project\LED Matrix project\SVN\trunk\WIP\thaibv\Source Code\VMS Controller\ICON V1.1\Led Controller\JLinkSettings.ini"
* JLink Info: Device "STM32F103VE" selected (512 KB flash, 64 KB RAM).
 
JLink info:
------------
DLL: V4.68a, compiled Apr 12 2013 13:26:50
Firmware: J-Link ARM-OB STM32 compiled Aug 22 2012 19:52:04
Hardware: V7.00
S/N : 20090928 
Feature(s) : RDI,FlashDL,FlashBP,JFlash,GDBFull 
 
* JLink Info: Found SWD-DP with ID 0x1BA01477
* JLink Info: Found SWD-DP with ID 0x1BA01477
* JLink Info: TPIU fitted.
* JLink Info: ETM fitted.
* JLink Info: FPUnit: 6 code (BP) slots and 2 literal slots
* JLink Info: Found Cortex-M3 r1p1, Little endian.
ROMTableAddr = 0xE00FF003
 
Target info:
------------
Device: STM32F103VE
VTarget = 3.300V
State of Pins: 
TCK: 0, TDI: 0, TDO: 1, TMS: 0, TRES: 1, TRST: 1
Hardware-Breakpoints: 6
Software-Breakpoints: 8192
Watchpoints:          4
JTAG speed: 1000 kHz
 
Erase Done.
Programming Done.
Contents mismatch at: 0800094EH  (Flash=FFH  Required=4CH) !
Contents mismatch at: 0800094FH  (Flash=FFH  Required=EAH) !
Contents mismatch at: 08000950H  (Flash=FFH  Required=06H) !
Contents mismatch at: 08000951H  (Flash=FFH  Required=06H) !
Contents mismatch at: 08000952H  (Flash=FFH  Required=91H) !
Contents mismatch at: 08000953H  (Flash=FFH  Required=F8H) !
Contents mismatch at: 08000954H  (Flash=FFH  Required=03H) !
Contents mismatch at: 08000955H  (Flash=FFH  Required=C0H) !
Contents mismatch at: 08000956H  (Flash=FFH  Required=BCH) !
Contents mismatch at: 08000957H  (Flash=FFH  Required=F1H) !
Contents mismatch at: 08000958H  (Flash=FFH  Required=28H) !
Contents mismatch at: 08000959H  (Flash=FFH  Required=0FH) !
Contents mismatch at: 0800095AH  (Flash=FFH  Required=06H) !
Contents mismatch at: 0800095BH  (Flash=FFH  Required=D1H) !
Contents mismatch at: 0800095CH  (Flash=FFH  Required=4FH) !
Contents mismatch at: 0800095DH  (Flash=FFH  Required=F0H) !
Contents mismatch at: 0800095EH  (Flash=FFH  Required=01H) !
Contents mismatch at: 0800095FH  (Flash=FFH  Required=0CH) !
Contents mismatch at: 080009E6H  (Flash=FFH  Required=08H) !
Contents mismatch at: 080009E7H  (Flash=FFH  Required=0CH) !
Contents mismatch at: 080009E8H  (Flash=FFH  Required=4FH) !
Contents mismatch at: 080009E9H  (Flash=FFH  Required=F0H) !
Contents mismatch at: 080009EAH  (Flash=FFH  Required=01H) !
Contents mismatch at: 080009EBH  (Flash=FFH  Required=08H) !
Contents mismatch at: 080009ECH  (Flash=FFH  Required=08H) !
Contents mismatch at: 080009EDH  (Flash=FFH  Required=FAH) !
Contents mismatch at: 080009EEH  (Flash=FFH  Required=0CH) !
Contents mismatch at: 080009EFH  (Flash=FFH  Required=F8H) !
Contents mismatch at: 080009F0H  (Flash=FFH  Required=C0H) !
Contents mismatch at: 080009F1H  (Flash=FFH  Required=F8H) !
Contents mismatch at: 080009F2H  (Flash=FFH  Required=10H) !
Contents mismatch at: 080009F3H  (Flash=FFH  Required=80H) !
Contents mismatch at: 080009F4H  (Flash=FFH  Required=64H) !
Contents mismatch at: 080009F5H  (Flash=FFH  Required=1CH) !
Contents mismatch at: 080009F6H  (Flash=FFH  Required=08H) !
Contents mismatch at: 080009F7H  (Flash=FFH  Required=2CH) !
Contents mismatch at: 08000A80H  (Flash=FFH  Required=1AH) !
Contents mismatch at: 08000A81H  (Flash=FFH  Required=60H) !
Contents mismatch at: 08000A82H  (Flash=FFH  Required=70H) !
Contents mismatch at: 08000A83H  (Flash=FFH  Required=47H) !
Contents mismatch at: 08000A84H  (Flash=FFH  Required=3BH) !
Contents mismatch at: 08000A85H  (Flash=FFH  Required=49H) !
Contents mismatch at: 08000A86H  (Flash=FFH  Required=C8H) !
Contents mismatch at: 08000A87H  (Flash=FFH  Required=61H) !
Contents mismatch at: 08000A88H  (Flash=FFH  Required=70H) !
Contents mismatch at: 08000A89H  (Flash=FFH  Required=47H) !
Contents mismatch at: 08000A8AH  (Flash=FFH  Required=F0H) !
Contents mismatch at: 08000A8BH  (Flash=FFH  Required=B5H) !
Contents mismatch at: 08000A8CH  (Flash=FFH  Required=00H) !
Contents mismatch at: 08000A8DH  (Flash=FFH  Required=22H) !
Contents mismatch at: 08000A8EH  (Flash=FFH  Required=00H) !
Contents mismatch at: 08000A8FH  (Flash=FFH  Required=23H) !
Contents mismatch at: 08000A90H  (Flash=FFH  Required=00H) !
Contents mismatch at: 08000A91H  (Flash=FFH  Required=24H) !
Contents mismatch at: 08000B18H  (Flash=FFH  Required=1CH) !
Contents mismatch at: 08000B19H  (Flash=FFH  Required=0FH) !
Contents mismatch at: 08000B1AH  (Flash=FFH  Required=0FH) !
Contents mismatch at: 08000B1BH  (Flash=FFH  Required=23H) !
Contents mismatch at: 08000B1CH  (Flash=FFH  Required=03H) !
Contents mismatch at: 08000B1DH  (Flash=FFH  Required=FAH) !
Contents mismatch at: 08000B1EH  (Flash=FFH  Required=04H) !
Contents mismatch at: 08000B1FH  (Flash=FFH  Required=F2H) !
Contents mismatch at: 08000B20H  (Flash=FFH  Required=13H) !
Contents mismatch at: 08000B21H  (Flash=FFH  Required=4BH) !
Contents mismatch at: 08000B22H  (Flash=FFH  Required=08H) !
Contents mismatch at: 08000B23H  (Flash=FFH  Required=33H) !
Contents mismatch at: 08000B24H  (Flash=FFH  Required=8CH) !
Contents mismatch at: 08000B25H  (Flash=FFH  Required=10H) !
Contents mismatch at: 08000B26H  (Flash=FFH  Required=53H) !
Contents mismatch at: 08000B27H  (Flash=FFH  Required=F8H) !
Contents mismatch at: 08000B28H  (Flash=FFH  Required=24H) !
Contents mismatch at: 08000B29H  (Flash=FFH  Required=40H) !
Contents mismatch at: 08001064H  (Flash=FFH  Required=0CH) !
Contents mismatch at: 08001065H  (Flash=FFH  Required=EDH) !
Contents mismatch at: 08001066H  (Flash=FFH  Required=00H) !
Contents mismatch at: 08001067H  (Flash=FFH  Required=E0H) !
Contents mismatch at: 08001068H  (Flash=FFH  Required=00H) !
Contents mismatch at: 08001069H  (Flash=FFH  Required=E4H) !
Contents mismatch at: 0800106AH  (Flash=FFH  Required=00H) !
Contents mismatch at: 0800106BH  (Flash=FFH  Required=E0H) !
Contents mismatch at: 0800106CH  (Flash=FFH  Required=80H) !
Contents mismatch at: 0800106DH  (Flash=FFH  Required=E1H) !
Contents mismatch at: 0800106EH  (Flash=FFH  Required=00H) !
Contents mismatch at: 0800106FH  (Flash=FFH  Required=E0H) !
Contents mismatch at: 08001070H  (Flash=FFH  Required=80H) !
Contents mismatch at: 08001073H  (Flash=FFH  Required=1FH) !
Contents mismatch at: 08001074H  (Flash=FFH  Required=08H) !
Contents mismatch at: 08001075H  (Flash=FFH  Required=EDH) !
Contents mismatch at: 080010FCH  (Flash=FFH  Required=08H) !
Contents mismatch at: 080010FDH  (Flash=FFH  Required=D1H) !
Contents mismatch at: 080010FEH  (Flash=FFH  Required=01H) !
Contents mismatch at: 080010FFH  (Flash=FFH  Required=21H) !
Contents mismatch at: 08001100H  (Flash=FFH  Required=10H) !
Contents mismatch at: 08001101H  (Flash=FFH  Required=20H) !
Contents mismatch at: 08001103H  (Flash=FFH  Required=F7H) !
Contents mismatch at: 08001104H  (Flash=FFH  Required=53H) !
Contents mismatch at: 08001105H  (Flash=FFH  Required=FBH) !
Contents mismatch at: 08001106H  (Flash=FFH  Required=00H) !
Contents mismatch at: 08001107H  (Flash=FFH  Required=21H) !
Contents mismatch at: 08001108H  (Flash=FFH  Required=10H) !
Too many errors to display !
Build target 'LED Controller'
compiling ledMatrix.c...
linking...
Program Size: Code=30920 RO-data=852 RW-data=112 ZI-data=61632  
FromELF: creating hex file...
".\obj\Led Controller.axf" - 0 Errors, 0 Warning(s).
Build target 'LED Controller'
linking...
Program Size: Code=30920 RO-data=852 RW-data=112 ZI-data=61632  
FromELF: creating hex file...
".\obj\Led Controller.axf" - 0 Errors, 0 Warning(s).
Build target 'LED Controller'
linking...
Program Size: Code=30920 RO-data=852 RW-data=112 ZI-data=61632  
FromELF: creating hex file...
".\obj\Led Controller.axf" - 0 Errors, 0 Warning(s).
Build target 'LED Controller'
linking...
Program Size: Code=30920 RO-data=852 RW-data=112 ZI-data=61632  
FromELF: creating hex file...
".\obj\Led Controller.axf" - 0 Errors, 0 Warning(s).
Build target 'LED Controller'
linking...
Program Size: Code=30920 RO-data=852 RW-data=112 ZI-data=61632  
FromELF: creating hex file...
".\obj\Led Controller.axf" - 0 Errors, 0 Warning(s).
Load "E:\\Project\\LED Matrix project\\SVN\\trunk\\WIP\\thaibv\\Source Code\\VMS Controller\\ICON V1.1\\Led Controller\\obj\\Led Controller.axf" 
Set JLink Project File to "E:\Project\LED Matrix project\SVN\trunk\WIP\thaibv\Source Code\VMS Controller\ICON V1.1\Led Controller\JLinkSettings.ini"
* JLink Info: Device "STM32F103VE" selected (512 KB flash, 64 KB RAM).
 
JLink info:
------------
DLL: V4.68a, compiled Apr 12 2013 13:26:50
Firmware: J-Link ARM-OB STM32 compiled Aug 22 2012 19:52:04
Hardware: V7.00
S/N : 20090928 
Feature(s) : RDI,FlashDL,FlashBP,JFlash,GDBFull 
 
* JLink Info: Found SWD-DP with ID 0x1BA01477
* JLink Info: Found SWD-DP with ID 0x1BA01477
* JLink Info: TPIU fitted.
* JLink Info: ETM fitted.
* JLink Info: FPUnit: 6 code (BP) slots and 2 literal slots
* JLink Info: Found Cortex-M3 r1p1, Little endian.
ROMTableAddr = 0xE00FF003
 
Target info:
------------
Device: STM32F103VE
VTarget = 3.300V
State of Pins: 
TCK: 0, TDI: 0, TDO: 1, TMS: 0, TRES: 1, TRST: 1
Hardware-Breakpoints: 6
Software-Breakpoints: 8192
Watchpoints:          4
JTAG speed: 1000 kHz
 
Erase Done.
Programming Done.
Verify OK.
Application running ...
Build target 'LED Controller'
linking...
Program Size: Code=30920 RO-data=852 RW-data=112 ZI-data=61632  
FromELF: creating hex file...
".\obj\Led Controller.axf" - 0 Errors, 0 Warning(s).
Build target 'LED Controller'
linking...
Program Size: Code=30920 RO-data=852 RW-data=112 ZI-data=61632  
FromELF: creating hex file...
".\obj\Led Controller.axf" - 0 Errors, 0 Warning(s).
Build target 'LED Controller'
compiling main.c...
Project\main.c(99): warning:  #177-D: variable "j" was declared but never referenced
Project\main.c(227): warning:  #223-D: function "OE_Control" declared implicitly
Project\main.c(715): warning:  #177-D: variable "k" was declared but never referenced
Project\main.c(716): warning:  #177-D: variable "popup_temp" was declared but never referenced
Project\main.c(1207): warning:  #550-D: variable "status" was set but never used
Project\main.c(1337): warning:  #550-D: variable "status" was set but never used
linking...
Program Size: Code=30924 RO-data=852 RW-data=112 ZI-data=61632  
FromELF: creating hex file...
".\obj\Led Controller.axf" - 0 Errors, 6 Warning(s).
Build target 'LED Controller'
linking...
Program Size: Code=30924 RO-data=852 RW-data=112 ZI-data=61632  
FromELF: creating hex file...
".\obj\Led Controller.axf" - 0 Errors, 0 Warning(s).
Load "E:\\Project\\LED Matrix project\\SVN\\trunk\\WIP\\thaibv\\Source Code\\VMS Controller\\ICON V1.1\\Led Controller\\obj\\Led Controller.axf" 
Set JLink Project File to "E:\Project\LED Matrix project\SVN\trunk\WIP\thaibv\Source Code\VMS Controller\ICON V1.1\Led Controller\JLinkSettings.ini"
* JLink Info: Device "STM32F103VE" selected (512 KB flash, 64 KB RAM).
 
JLink info:
------------
DLL: V4.68a, compiled Apr 12 2013 13:26:50
Firmware: J-Link ARM-OB STM32 compiled Aug 22 2012 19:52:04
Hardware: V7.00
S/N : 20090928 
Feature(s) : RDI,FlashDL,FlashBP,JFlash,GDBFull 
 
* JLink Info: Found SWD-DP with ID 0x1BA01477
* JLink Info: Found SWD-DP with ID 0x1BA01477
* JLink Info: TPIU fitted.
* JLink Info: ETM fitted.
* JLink Info: FPUnit: 6 code (BP) slots and 2 literal slots
* JLink Info: Found Cortex-M3 r1p1, Little endian.
ROMTableAddr = 0xE00FF003
 
Target info:
------------
Device: STM32F103VE
VTarget = 3.300V
State of Pins: 
TCK: 0, TDI: 0, TDO: 1, TMS: 0, TRES: 1, TRST: 1
Hardware-Breakpoints: 6
Software-Breakpoints: 8192
Watchpoints:          4
JTAG speed: 1000 kHz
 
Erase Done.
Programming Done.
Verify OK.
Application running ...
Build target 'LED Controller'
compiling system_stm32f10x.c...
linking...
Program Size: Code=30928 RO-data=852 RW-data=112 ZI-data=61632  
FromELF: creating hex file...
".\obj\Led Controller.axf" - 0 Errors, 0 Warning(s).
Build target 'LED Controller'
linking...
Program Size: Code=30928 RO-data=852 RW-data=112 ZI-data=61632  
FromELF: creating hex file...
".\obj\Led Controller.axf" - 0 Errors, 0 Warning(s).
Build target 'LED Controller'
linking...
Program Size: Code=30928 RO-data=852 RW-data=112 ZI-data=61632  
FromELF: creating hex file...
".\obj\Led Controller.axf" - 0 Errors, 0 Warning(s).
Load "E:\\Project\\LED Matrix project\\SVN\\trunk\\WIP\\thaibv\\Source Code\\VMS Controller\\ICON V1.1\\Led Controller\\obj\\Led Controller.axf" 
Set JLink Project File to "E:\Project\LED Matrix project\SVN\trunk\WIP\thaibv\Source Code\VMS Controller\ICON V1.1\Led Controller\JLinkSettings.ini"
* JLink Info: Device "STM32F103VE" selected (512 KB flash, 64 KB RAM).
 
JLink info:
------------
DLL: V4.68a, compiled Apr 12 2013 13:26:50
Firmware: J-Link ARM-OB STM32 compiled Aug 22 2012 19:52:04
Hardware: V7.00
S/N : 20090928 
Feature(s) : RDI,FlashDL,FlashBP,JFlash,GDBFull 
 
* JLink Info: Found SWD-DP with ID 0x1BA01477
* JLink Info: Found SWD-DP with ID 0x1BA01477
* JLink Info: TPIU fitted.
* JLink Info: ETM fitted.
* JLink Info: FPUnit: 6 code (BP) slots and 2 literal slots
* JLink Info: Found Cortex-M3 r1p1, Little endian.
ROMTableAddr = 0xE00FF003
 
Target info:
------------
Device: STM32F103VE
VTarget = 3.300V
State of Pins: 
TCK: 0, TDI: 0, TDO: 1, TMS: 0, TRES: 1, TRST: 1
Hardware-Breakpoints: 6
Software-Breakpoints: 8192
Watchpoints:          4
JTAG speed: 1000 kHz
 
Erase Done.
Programming Done.
Verify OK.
Application running ...
Build target 'LED Controller'
linking...
Program Size: Code=30928 RO-data=852 RW-data=112 ZI-data=61632  
FromELF: creating hex file...
".\obj\Led Controller.axf" - 0 Errors, 0 Warning(s).
Build target 'LED Controller'
linking...
Program Size: Code=30928 RO-data=852 RW-data=112 ZI-data=61632  
FromELF: creating hex file...
".\obj\Led Controller.axf" - 0 Errors, 0 Warning(s).
Build target 'LED Controller'
linking...
Program Size: Code=30928 RO-data=852 RW-data=112 ZI-data=61632  
FromELF: creating hex file...
".\obj\Led Controller.axf" - 0 Errors, 0 Warning(s).
Load "E:\\Project\\LED Matrix project\\SVN\\trunk\\WIP\\thaibv\\Source Code\\VMS Controller\\ICON V1.1\\Led Controller\\obj\\Led Controller.axf" 
Set JLink Project File to "E:\Project\LED Matrix project\SVN\trunk\WIP\thaibv\Source Code\VMS Controller\ICON V1.1\Led Controller\JLinkSettings.ini"
* JLink Info: Device "STM32F103VE" selected (512 KB flash, 64 KB RAM).
 
JLink info:
------------
DLL: V4.68a, compiled Apr 12 2013 13:26:50
Firmware: J-Link ARM-OB STM32 compiled Aug 22 2012 19:52:04
Hardware: V7.00
S/N : 20090928 
Feature(s) : RDI,FlashDL,FlashBP,JFlash,GDBFull 
 
* JLink Info: Found SWD-DP with ID 0x1BA01477
* JLink Info: Found SWD-DP with ID 0x1BA01477
* JLink Info: TPIU fitted.
* JLink Info: ETM fitted.
* JLink Info: FPUnit: 6 code (BP) slots and 2 literal slots
* JLink Info: Found Cortex-M3 r1p1, Little endian.
ROMTableAddr = 0xE00FF003
 
Target info:
------------
Device: STM32F103VE
VTarget = 3.300V
State of Pins: 
TCK: 0, TDI: 0, TDO: 1, TMS: 0, TRES: 1, TRST: 1
Hardware-Breakpoints: 6
Software-Breakpoints: 8192
Watchpoints:          4
JTAG speed: 1000 kHz
 
Erase Done.
Programming Done.
Verify OK.
Application running ...
Build target 'LED Controller'
compiling system_stm32f10x.c...
linking...
Program Size: Code=30928 RO-data=852 RW-data=112 ZI-data=61632  
FromELF: creating hex file...
".\obj\Led Controller.axf" - 0 Errors, 0 Warning(s).
