<html>
<body>
<pre>
<h1>µVision Build Log</h1>
<h2>Project:</h2>
E:\Project\LED Matrix project\Source code\Led Controller\Led Controller.uvproj
Project File Date:  03/06/2013

<h2>Output:</h2>
Full Chip Erase Done.
Build target 'LED Controller'
assembling startup_stm32f10x_hd.s...
compiling core_cm3.c...
compiling system_stm32f10x.c...
compiling stm32f10x_rcc.c...
compiling stm32f10x_gpio.c...
compiling main.c...
compiling stm32f10x_it.c...
linking...
.\obj\Led Controller.axf: Error: L6218E: Undefined symbol EXTI_Init (referred from main.o).
.\obj\Led Controller.axf: Error: L6218E: Undefined symbol EXTI_StructInit (referred from main.o).
.\obj\Led Controller.axf: Error: L6218E: Undefined symbol NVIC_Init (referred from main.o).
.\obj\Led Controller.axf: Error: L6218E: Undefined symbol NVIC_PriorityGroupConfig (referred from main.o).
.\obj\Led Controller.axf: Error: L6218E: Undefined symbol EXTI_ClearFlag (referred from stm32f10x_it.o).
Target not created
Build target 'LED Controller'
compiling main.c...
linking...
.\obj\Led Controller.axf: Error: L6218E: Undefined symbol EXTI_ClearFlag (referred from stm32f10x_it.o).
Target not created
Build target 'LED Controller'
compiling stm32f10x_it.c...
linking...
Program Size: Code=5572 RO-data=336 RW-data=40 ZI-data=1632  
FromELF: creating hex file...
".\obj\Led Controller.axf" - 0 Error(s), 0 Warning(s).
Build target 'LED Controller'
compiling stm32f10x_rcc.c...
compiling stm32f10x_gpio.c...
compiling main.c...
compiling stm32f10x_it.c...
compiling ledMatrix.c...
linking...
Program Size: Code=5572 RO-data=336 RW-data=40 ZI-data=1632  
FromELF: creating hex file...
".\obj\Led Controller.axf" - 0 Error(s), 0 Warning(s).
Build target 'LED Controller'
compiling main.c...
Project\main.c(87): error:  #20: identifier "LED_CLK_PIN" is undefined
Project\main.c(90): error:  #20: identifier "LED_CLK_PORT" is undefined
Project\main.c(92): error:  #20: identifier "LED_LAT_PIN" is undefined
Project\main.c(93): error:  #20: identifier "LED_LAT_PORT" is undefined
Project\main.c(95): error:  #20: identifier "LED_OE_PIN" is undefined
Project\main.c(96): error:  #20: identifier "LED_OE_PORT" is undefined
Project\main.c(98): error:  #20: identifier "LED_SA_PIN" is undefined
Project\main.c(99): error:  #20: identifier "LED_SR_PORT" is undefined
Project\main.c(101): error:  #20: identifier "LED_SB_PIN" is undefined
Project\main.c(104): error:  #20: identifier "LED_DR_PIN1" is undefined
Project\main.c(105): error:  #20: identifier "LED_DR_PORT" is undefined
Project\main.c(107): error:  #20: identifier "LED_DR_PIN2" is undefined
Project\main.c(110): error:  #20: identifier "LED_DR_PIN3" is undefined
Project\main.c(113): error:  #20: identifier "LED_DR_PIN4" is undefined
Project\main.c(116): error:  #20: identifier "LED_DG_PIN1" is undefined
Project\main.c(117): error:  #20: identifier "LED_DG_PORT" is undefined
Project\main.c(119): error:  #20: identifier "LED_DG_PIN2" is undefined
Project\main.c(122): error:  #20: identifier "LED_DG_PIN3" is undefined
Project\main.c(125): error:  #20: identifier "LED_DG_PIN4" is undefined
compiling ledMatrix.c...
Target not created
Build target 'LED Controller'
compiling main.c...
linking...
Program Size: Code=5740 RO-data=336 RW-data=40 ZI-data=1632  
FromELF: creating hex file...
".\obj\Led Controller.axf" - 0 Error(s), 0 Warning(s).
Build target 'LED Controller'
linking...
Program Size: Code=5740 RO-data=336 RW-data=40 ZI-data=1632  
FromELF: creating hex file...
".\obj\Led Controller.axf" - 0 Error(s), 0 Warning(s).
Build target 'LED Controller'
compiling main.c...
compiling ledMatrix.c...
linking...
Program Size: Code=6108 RO-data=336 RW-data=40 ZI-data=1760  
FromELF: creating hex file...
".\obj\Led Controller.axf" - 0 Error(s), 0 Warning(s).
Build target 'LED Controller'
linking...
Program Size: Code=6108 RO-data=336 RW-data=40 ZI-data=1760  
FromELF: creating hex file...
".\obj\Led Controller.axf" - 0 Error(s), 0 Warning(s).
Build target 'LED Controller'
linking...
Program Size: Code=6108 RO-data=336 RW-data=40 ZI-data=1760  
FromELF: creating hex file...
".\obj\Led Controller.axf" - 0 Error(s), 0 Warning(s).
