<html>
<body>
<pre>
<h1>µVision Build Log</h1>
<h2>Project:</h2>
E:\Project\LED Matrix project\SVN\trunk\WIP\thaibv\Source Code\VMS Controller\ICON V1.1\Card Test\Card Test.uvproj
Project File Date:  04/23/2014

<h2>Output:</h2>
Build target 'Card Test'
compiling main.c...
Project\main.c(76): warning:  #223-D: function "memset" declared implicitly
Project\main.c(70): warning:  #177-D: variable "temp" was declared but never referenced
Project\main.c(110): warning:  #177-D: variable "j" was declared but never referenced
Project\main.c(113): warning:  #177-D: variable "step" was declared but never referenced
Project\main.c(177): warning:  #177-D: variable "step" was declared but never referenced
compiling stm32f10x_it.c...
Project\stm32f10x_it.c(198): warning:  #223-D: function "memcpy" declared implicitly
compiling HardwareConfig.c...
linking...
.\Obj\Card Test.axf: Error: L6200E: Symbol TIMER_Configuration multiply defined (by hardwareconfig.o and video.o).
Target not created
Build target 'Card Test'
compiling main.c...
Project\main.c(76): warning:  #223-D: function "memset" declared implicitly
Project\main.c(70): warning:  #177-D: variable "temp" was declared but never referenced
Project\main.c(110): warning:  #177-D: variable "j" was declared but never referenced
Project\main.c(113): warning:  #177-D: variable "step" was declared but never referenced
Project\main.c(177): warning:  #177-D: variable "step" was declared but never referenced
compiling stm32f10x_it.c...
Project\stm32f10x_it.c(198): warning:  #223-D: function "memcpy" declared implicitly
compiling HardwareConfig.c...
linking...
Program Size: Code=13744 RO-data=1200 RW-data=84 ZI-data=61060  
FromELF: creating hex file...
".\Obj\Card Test.axf" - 0 Error(s), 6 Warning(s).
Build target 'Card Test'
linking...
Program Size: Code=13744 RO-data=1200 RW-data=84 ZI-data=61060  
FromELF: creating hex file...
".\Obj\Card Test.axf" - 0 Error(s), 0 Warning(s).
Build target 'Card Test'
linking...
Program Size: Code=13744 RO-data=1200 RW-data=84 ZI-data=61060  
FromELF: creating hex file...
".\Obj\Card Test.axf" - 0 Error(s), 0 Warning(s).
Build target 'Card Test'
linking...
Program Size: Code=13744 RO-data=1200 RW-data=84 ZI-data=61060  
FromELF: creating hex file...
".\Obj\Card Test.axf" - 0 Error(s), 0 Warning(s).
Build target 'Card Test'
linking...
Program Size: Code=13744 RO-data=1200 RW-data=84 ZI-data=61060  
FromELF: creating hex file...
".\Obj\Card Test.axf" - 0 Error(s), 0 Warning(s).
Build target 'Card Test'
linking...
Program Size: Code=13744 RO-data=1200 RW-data=84 ZI-data=61060  
FromELF: creating hex file...
".\Obj\Card Test.axf" - 0 Error(s), 0 Warning(s).
Load "E:\\Project\\LED Matrix project\\SVN\\trunk\\WIP\\thaibv\\Source Code\\VMS Controller\\ICON V1.1\\Card Test\\Obj\\Card Test.AXF" 

JLink info:
-----------
DLL: V4.11i, compiled Jan 28 2010 19:55:25
Firmware: J-Link ARM-OB STM32 compiled Aug 22 2012 19:52:04
Hardware: V7.00
S/N : 20090928 
Feature(s) : RDI,FlashDL,FlashBP,JFlash,GDBFull 
---
* JLink Info: Found SWD-DP with ID 0x1BA01477
* JLink Info: TPIU fitted.
* JLink Info: ETM fitted.
* JLink Info:   FPUnit: 6 code (BP) slots and 2 literal slots
* JLink Info: Found SWD-DP with ID 0x1BA01477
* JLink Info: TPIU fitted.
* JLink Info: ETM fitted.
* JLink Info:   FPUnit: 6 code (BP) slots and 2 literal slots

Target info:
------------
Device: STM32F103VE
VTarget = 3.300V
State of Pins: 
TCK: 0, TDI: 0, TDO: 1, TMS: 0, TRES: 1, TRST: 1
* JLink Info: Found SWD-DP with ID 0x1BA01477
* JLink Info: TPIU fitted.
* JLink Info: ETM fitted.
* JLink Info:   FPUnit: 6 code (BP) slots and 2 literal slots
Hardware-Breakpoints: 6
Software-Breakpoints: 2048
Watchpoints:          4
JTAG speed: 2000 kHz
---
* JLink Info: Found SWD-DP with ID 0x1BA01477
* JLink Info: TPIU fitted.
* JLink Info: ETM fitted.
* JLink Info:   FPUnit: 6 code (BP) slots and 2 literal slots
Erase Done.
Programming Done.
Verify OK.
* JLink Info: Found SWD-DP with ID 0x1BA01477
* JLink Info: TPIU fitted.
* JLink Info: ETM fitted.
* JLink Info:   FPUnit: 6 code (BP) slots and 2 literal slots
Application running ...
Build target 'Card Test'
compiling main.c...
Project\main.c(77): warning:  #223-D: function "memset" declared implicitly
Project\main.c(70): warning:  #177-D: variable "temp" was declared but never referenced
Project\main.c(111): warning:  #177-D: variable "j" was declared but never referenced
Project\main.c(114): warning:  #177-D: variable "step" was declared but never referenced
Project\main.c(178): warning:  #177-D: variable "step" was declared but never referenced
linking...
Program Size: Code=13748 RO-data=1200 RW-data=84 ZI-data=61060  
FromELF: creating hex file...
".\Obj\Card Test.axf" - 0 Error(s), 5 Warning(s).
Build target 'Card Test'
linking...
Program Size: Code=13748 RO-data=1200 RW-data=84 ZI-data=61060  
FromELF: creating hex file...
".\Obj\Card Test.axf" - 0 Error(s), 0 Warning(s).
Load "E:\\Project\\LED Matrix project\\SVN\\trunk\\WIP\\thaibv\\Source Code\\VMS Controller\\ICON V1.1\\Card Test\\Obj\\Card Test.AXF" 

JLink info:
-----------
DLL: V4.11i, compiled Jan 28 2010 19:55:25
Firmware: J-Link ARM-OB STM32 compiled Aug 22 2012 19:52:04
Hardware: V7.00
S/N : 20090928 
Feature(s) : RDI,FlashDL,FlashBP,JFlash,GDBFull 
---
* JLink Info: Found SWD-DP with ID 0x1BA01477
* JLink Info: TPIU fitted.
* JLink Info: ETM fitted.
* JLink Info:   FPUnit: 6 code (BP) slots and 2 literal slots
* JLink Info: Found SWD-DP with ID 0x1BA01477
* JLink Info: TPIU fitted.
* JLink Info: ETM fitted.
* JLink Info:   FPUnit: 6 code (BP) slots and 2 literal slots

Target info:
------------
Device: STM32F103VE
VTarget = 3.300V
State of Pins: 
TCK: 0, TDI: 0, TDO: 1, TMS: 0, TRES: 1, TRST: 1
* JLink Info: Found SWD-DP with ID 0x1BA01477
* JLink Info: TPIU fitted.
* JLink Info: ETM fitted.
* JLink Info:   FPUnit: 6 code (BP) slots and 2 literal slots
Hardware-Breakpoints: 6
Software-Breakpoints: 2048
Watchpoints:          4
JTAG speed: 2000 kHz
---
* JLink Info: Found SWD-DP with ID 0x1BA01477
* JLink Info: TPIU fitted.
* JLink Info: ETM fitted.
* JLink Info:   FPUnit: 6 code (BP) slots and 2 literal slots
Erase Done.
Programming Done.
Verify OK.
* JLink Info: Found SWD-DP with ID 0x1BA01477
* JLink Info: TPIU fitted.
* JLink Info: ETM fitted.
* JLink Info:   FPUnit: 6 code (BP) slots and 2 literal slots
Application running ...
Build target 'Card Test'
linking...
Program Size: Code=13748 RO-data=1200 RW-data=84 ZI-data=61060  
FromELF: creating hex file...
".\Obj\Card Test.axf" - 0 Error(s), 0 Warning(s).
Build target 'Card Test'
linking...
Program Size: Code=13748 RO-data=1200 RW-data=84 ZI-data=61060  
FromELF: creating hex file...
".\Obj\Card Test.axf" - 0 Error(s), 0 Warning(s).
Load "E:\\Project\\LED Matrix project\\SVN\\trunk\\WIP\\thaibv\\Source Code\\VMS Controller\\ICON V1.1\\Card Test\\Obj\\Card Test.AXF" 

JLink info:
-----------
DLL: V4.11i, compiled Jan 28 2010 19:55:25
Firmware: J-Link ARM-OB STM32 compiled Aug 22 2012 19:52:04
Hardware: V7.00
S/N : 20090928 
Feature(s) : RDI,FlashDL,FlashBP,JFlash,GDBFull 
---
* JLink Info: Found SWD-DP with ID 0x1BA01477
* JLink Info: TPIU fitted.
* JLink Info: ETM fitted.
* JLink Info:   FPUnit: 6 code (BP) slots and 2 literal slots
* JLink Info: Found SWD-DP with ID 0x1BA01477
* JLink Info: TPIU fitted.
* JLink Info: ETM fitted.
* JLink Info:   FPUnit: 6 code (BP) slots and 2 literal slots

Target info:
------------
Device: STM32F103VE
VTarget = 3.300V
State of Pins: 
TCK: 0, TDI: 0, TDO: 1, TMS: 0, TRES: 1, TRST: 1
* JLink Info: Found SWD-DP with ID 0x1BA01477
* JLink Info: TPIU fitted.
* JLink Info: ETM fitted.
* JLink Info:   FPUnit: 6 code (BP) slots and 2 literal slots
Hardware-Breakpoints: 6
Software-Breakpoints: 2048
Watchpoints:          4
JTAG speed: 2000 kHz
---
* JLink Info: Found SWD-DP with ID 0x1BA01477
* JLink Info: TPIU fitted.
* JLink Info: ETM fitted.
* JLink Info:   FPUnit: 6 code (BP) slots and 2 literal slots
Erase Done.
Programming Done.
Verify OK.
* JLink Info: Found SWD-DP with ID 0x1BA01477
* JLink Info: TPIU fitted.
* JLink Info: ETM fitted.
* JLink Info:   FPUnit: 6 code (BP) slots and 2 literal slots
Application running ...
Build target 'Card Test'
compiling main.c...
Project\main.c(77): warning:  #223-D: function "memset" declared implicitly
Project\main.c(70): warning:  #177-D: variable "temp" was declared but never referenced
Project\main.c(111): warning:  #177-D: variable "j" was declared but never referenced
Project\main.c(114): warning:  #177-D: variable "step" was declared but never referenced
Project\main.c(178): warning:  #177-D: variable "step" was declared but never referenced
compiling stm32f10x_it.c...
Project\stm32f10x_it.c(198): warning:  #223-D: function "memcpy" declared implicitly
compiling HardwareConfig.c...
linking...
Program Size: Code=13760 RO-data=1200 RW-data=84 ZI-data=61060  
FromELF: creating hex file...
".\Obj\Card Test.axf" - 0 Error(s), 6 Warning(s).
Build target 'Card Test'
linking...
Program Size: Code=13760 RO-data=1200 RW-data=84 ZI-data=61060  
FromELF: creating hex file...
".\Obj\Card Test.axf" - 0 Error(s), 0 Warning(s).
Load "E:\\Project\\LED Matrix project\\SVN\\trunk\\WIP\\thaibv\\Source Code\\VMS Controller\\ICON V1.1\\Card Test\\Obj\\Card Test.AXF" 

JLink info:
-----------
DLL: V4.11i, compiled Jan 28 2010 19:55:25
Firmware: J-Link ARM-OB STM32 compiled Aug 22 2012 19:52:04
Hardware: V7.00
S/N : 20090928 
Feature(s) : RDI,FlashDL,FlashBP,JFlash,GDBFull 
---
* JLink Info: Found SWD-DP with ID 0x1BA01477
* JLink Info: TPIU fitted.
* JLink Info: ETM fitted.
* JLink Info:   FPUnit: 6 code (BP) slots and 2 literal slots
* JLink Info: Found SWD-DP with ID 0x1BA01477
* JLink Info: TPIU fitted.
* JLink Info: ETM fitted.
* JLink Info:   FPUnit: 6 code (BP) slots and 2 literal slots

Target info:
------------
Device: STM32F103VE
VTarget = 3.300V
State of Pins: 
TCK: 0, TDI: 0, TDO: 1, TMS: 0, TRES: 1, TRST: 1
* JLink Info: Found SWD-DP with ID 0x1BA01477
* JLink Info: TPIU fitted.
* JLink Info: ETM fitted.
* JLink Info:   FPUnit: 6 code (BP) slots and 2 literal slots
Hardware-Breakpoints: 6
Software-Breakpoints: 2048
Watchpoints:          4
JTAG speed: 2000 kHz
---
* JLink Info: Found SWD-DP with ID 0x1BA01477
* JLink Info: TPIU fitted.
* JLink Info: ETM fitted.
* JLink Info:   FPUnit: 6 code (BP) slots and 2 literal slots
Erase Done.
Programming Done.
Verify OK.
* JLink Info: Found SWD-DP with ID 0x1BA01477
* JLink Info: TPIU fitted.
* JLink Info: ETM fitted.
* JLink Info:   FPUnit: 6 code (BP) slots and 2 literal slots
Application running ...
Build target 'Card Test'
compiling main.c...
Project\main.c(77): warning:  #223-D: function "memset" declared implicitly
Project\main.c(70): warning:  #177-D: variable "temp" was declared but never referenced
Project\main.c(111): warning:  #177-D: variable "j" was declared but never referenced
Project\main.c(114): warning:  #177-D: variable "step" was declared but never referenced
Project\main.c(178): warning:  #177-D: variable "step" was declared but never referenced
compiling HardwareConfig.c...
linking...
Program Size: Code=13760 RO-data=1200 RW-data=84 ZI-data=61060  
FromELF: creating hex file...
".\Obj\Card Test.axf" - 0 Error(s), 5 Warning(s).
Build target 'Card Test'
linking...
Program Size: Code=13760 RO-data=1200 RW-data=84 ZI-data=61060  
FromELF: creating hex file...
".\Obj\Card Test.axf" - 0 Error(s), 0 Warning(s).
Load "E:\\Project\\LED Matrix project\\SVN\\trunk\\WIP\\thaibv\\Source Code\\VMS Controller\\ICON V1.1\\Card Test\\Obj\\Card Test.AXF" 

JLink info:
-----------
DLL: V4.11i, compiled Jan 28 2010 19:55:25
Firmware: J-Link ARM-OB STM32 compiled Aug 22 2012 19:52:04
Hardware: V7.00
S/N : 20090928 
Feature(s) : RDI,FlashDL,FlashBP,JFlash,GDBFull 
---
* JLink Info: Found SWD-DP with ID 0x1BA01477
* JLink Info: TPIU fitted.
* JLink Info: ETM fitted.
* JLink Info:   FPUnit: 6 code (BP) slots and 2 literal slots
* JLink Info: Found SWD-DP with ID 0x1BA01477
* JLink Info: TPIU fitted.
* JLink Info: ETM fitted.
* JLink Info:   FPUnit: 6 code (BP) slots and 2 literal slots

Target info:
------------
Device: STM32F103VE
VTarget = 3.300V
State of Pins: 
TCK: 0, TDI: 0, TDO: 1, TMS: 0, TRES: 1, TRST: 1
* JLink Info: Found SWD-DP with ID 0x1BA01477
* JLink Info: TPIU fitted.
* JLink Info: ETM fitted.
* JLink Info:   FPUnit: 6 code (BP) slots and 2 literal slots
Hardware-Breakpoints: 6
Software-Breakpoints: 2048
Watchpoints:          4
JTAG speed: 2000 kHz
---
* JLink Info: Found SWD-DP with ID 0x1BA01477
* JLink Info: TPIU fitted.
* JLink Info: ETM fitted.
* JLink Info:   FPUnit: 6 code (BP) slots and 2 literal slots
Erase Done.
Programming Done.
Verify OK.
* JLink Info: Found SWD-DP with ID 0x1BA01477
* JLink Info: TPIU fitted.
* JLink Info: ETM fitted.
* JLink Info:   FPUnit: 6 code (BP) slots and 2 literal slots
Application running ...
Build target 'Card Test'
compiling HardwareConfig.c...
linking...
Program Size: Code=13760 RO-data=1200 RW-data=84 ZI-data=61060  
FromELF: creating hex file...
".\Obj\Card Test.axf" - 0 Error(s), 0 Warning(s).
Build target 'Card Test'
linking...
Program Size: Code=13760 RO-data=1200 RW-data=84 ZI-data=61060  
FromELF: creating hex file...
".\Obj\Card Test.axf" - 0 Error(s), 0 Warning(s).
Load "E:\\Project\\LED Matrix project\\SVN\\trunk\\WIP\\thaibv\\Source Code\\VMS Controller\\ICON V1.1\\Card Test\\Obj\\Card Test.AXF" 

JLink info:
-----------
DLL: V4.11i, compiled Jan 28 2010 19:55:25
Firmware: J-Link ARM-OB STM32 compiled Aug 22 2012 19:52:04
Hardware: V7.00
S/N : 20090928 
Feature(s) : RDI,FlashDL,FlashBP,JFlash,GDBFull 
---
* JLink Info: Found SWD-DP with ID 0x1BA01477
* JLink Info: TPIU fitted.
* JLink Info: ETM fitted.
* JLink Info:   FPUnit: 6 code (BP) slots and 2 literal slots
* JLink Info: Found SWD-DP with ID 0x1BA01477
* JLink Info: TPIU fitted.
* JLink Info: ETM fitted.
* JLink Info:   FPUnit: 6 code (BP) slots and 2 literal slots

Target info:
------------
Device: STM32F103VE
VTarget = 3.300V
State of Pins: 
TCK: 0, TDI: 0, TDO: 1, TMS: 0, TRES: 1, TRST: 1
* JLink Info: Found SWD-DP with ID 0x1BA01477
* JLink Info: TPIU fitted.
* JLink Info: ETM fitted.
* JLink Info:   FPUnit: 6 code (BP) slots and 2 literal slots
Hardware-Breakpoints: 6
Software-Breakpoints: 2048
Watchpoints:          4
JTAG speed: 2000 kHz
---
* JLink Info: Found SWD-DP with ID 0x1BA01477
* JLink Info: TPIU fitted.
* JLink Info: ETM fitted.
* JLink Info:   FPUnit: 6 code (BP) slots and 2 literal slots
Erase Done.
Programming Done.
Verify OK.
* JLink Info: Found SWD-DP with ID 0x1BA01477
* JLink Info: TPIU fitted.
* JLink Info: ETM fitted.
* JLink Info:   FPUnit: 6 code (BP) slots and 2 literal slots
Application running ...
Build target 'Card Test'
compiling main.c...
Project\main.c(77): warning:  #223-D: function "memset" declared implicitly
Project\main.c(70): warning:  #177-D: variable "temp" was declared but never referenced
Project\main.c(111): warning:  #177-D: variable "j" was declared but never referenced
Project\main.c(114): warning:  #177-D: variable "step" was declared but never referenced
Project\main.c(178): warning:  #177-D: variable "step" was declared but never referenced
compiling stm32f10x_it.c...
Project\stm32f10x_it.c(200): warning:  #223-D: function "memcpy" declared implicitly
linking...
Program Size: Code=13848 RO-data=1200 RW-data=84 ZI-data=61060  
FromELF: creating hex file...
".\Obj\Card Test.axf" - 0 Error(s), 6 Warning(s).
Build target 'Card Test'
linking...
Program Size: Code=13848 RO-data=1200 RW-data=84 ZI-data=61060  
FromELF: creating hex file...
".\Obj\Card Test.axf" - 0 Error(s), 0 Warning(s).
Build target 'Card Test'
linking...
Program Size: Code=13848 RO-data=1200 RW-data=84 ZI-data=61060  
FromELF: creating hex file...
".\Obj\Card Test.axf" - 0 Error(s), 0 Warning(s).
Build target 'Card Test'
linking...
Program Size: Code=13848 RO-data=1200 RW-data=84 ZI-data=61060  
FromELF: creating hex file...
".\Obj\Card Test.axf" - 0 Error(s), 0 Warning(s).
Build target 'Card Test'
linking...
Program Size: Code=13848 RO-data=1200 RW-data=84 ZI-data=61060  
FromELF: creating hex file...
".\Obj\Card Test.axf" - 0 Error(s), 0 Warning(s).
Load "E:\\Project\\LED Matrix project\\SVN\\trunk\\WIP\\thaibv\\Source Code\\VMS Controller\\ICON V1.1\\Card Test\\Obj\\Card Test.AXF" 

JLink info:
-----------
DLL: V4.11i, compiled Jan 28 2010 19:55:25
Firmware: J-Link ARM-OB STM32 compiled Aug 22 2012 19:52:04
Hardware: V7.00
S/N : 20090928 
Feature(s) : RDI,FlashDL,FlashBP,JFlash,GDBFull 
---
* JLink Info: Found SWD-DP with ID 0x1BA01477
* JLink Info: TPIU fitted.
* JLink Info: ETM fitted.
* JLink Info:   FPUnit: 6 code (BP) slots and 2 literal slots
* JLink Info: Found SWD-DP with ID 0x1BA01477
* JLink Info: TPIU fitted.
* JLink Info: ETM fitted.
* JLink Info:   FPUnit: 6 code (BP) slots and 2 literal slots

Target info:
------------
Device: STM32F103VE
VTarget = 3.300V
State of Pins: 
TCK: 0, TDI: 0, TDO: 1, TMS: 0, TRES: 1, TRST: 1
* JLink Info: Found SWD-DP with ID 0x1BA01477
* JLink Info: TPIU fitted.
* JLink Info: ETM fitted.
* JLink Info:   FPUnit: 6 code (BP) slots and 2 literal slots
Hardware-Breakpoints: 6
Software-Breakpoints: 2048
Watchpoints:          4
JTAG speed: 2000 kHz
---
* JLink Info: Found SWD-DP with ID 0x1BA01477
* JLink Info: TPIU fitted.
* JLink Info: ETM fitted.
* JLink Info:   FPUnit: 6 code (BP) slots and 2 literal slots
Erase Done.
Programming Done.
Verify OK.
* JLink Info: Found SWD-DP with ID 0x1BA01477
* JLink Info: TPIU fitted.
* JLink Info: ETM fitted.
* JLink Info:   FPUnit: 6 code (BP) slots and 2 literal slots
Application running ...
Build target 'Card Test'
compiling stm32f10x_it.c...
Project\stm32f10x_it.c(200): warning:  #223-D: function "memcpy" declared implicitly
Project\stm32f10x_it.c(194): warning:  #177-D: variable "portA" was declared but never referenced
linking...
Program Size: Code=13796 RO-data=1200 RW-data=84 ZI-data=61060  
FromELF: creating hex file...
".\Obj\Card Test.axf" - 0 Error(s), 2 Warning(s).
Build target 'Card Test'
linking...
Program Size: Code=13796 RO-data=1200 RW-data=84 ZI-data=61060  
FromELF: creating hex file...
".\Obj\Card Test.axf" - 0 Error(s), 0 Warning(s).
Build target 'Card Test'
linking...
Program Size: Code=13796 RO-data=1200 RW-data=84 ZI-data=61060  
FromELF: creating hex file...
".\Obj\Card Test.axf" - 0 Error(s), 0 Warning(s).
Build target 'Card Test'
linking...
Program Size: Code=13796 RO-data=1200 RW-data=84 ZI-data=61060  
FromELF: creating hex file...
".\Obj\Card Test.axf" - 0 Error(s), 0 Warning(s).
Load "E:\\Project\\LED Matrix project\\SVN\\trunk\\WIP\\thaibv\\Source Code\\VMS Controller\\ICON V1.1\\Card Test\\Obj\\Card Test.AXF" 

JLink info:
-----------
DLL: V4.11i, compiled Jan 28 2010 19:55:25
Firmware: J-Link ARM-OB STM32 compiled Aug 22 2012 19:52:04
Hardware: V7.00
S/N : 20090928 
Feature(s) : RDI,FlashDL,FlashBP,JFlash,GDBFull 
---
* JLink Info: Found SWD-DP with ID 0x1BA01477
* JLink Info: TPIU fitted.
* JLink Info: ETM fitted.
* JLink Info:   FPUnit: 6 code (BP) slots and 2 literal slots
* JLink Info: Found SWD-DP with ID 0x1BA01477
* JLink Info: TPIU fitted.
* JLink Info: ETM fitted.
* JLink Info:   FPUnit: 6 code (BP) slots and 2 literal slots

Target info:
------------
Device: STM32F103VE
VTarget = 3.300V
State of Pins: 
TCK: 0, TDI: 0, TDO: 1, TMS: 0, TRES: 1, TRST: 1
* JLink Info: Found SWD-DP with ID 0x1BA01477
* JLink Info: TPIU fitted.
* JLink Info: ETM fitted.
* JLink Info:   FPUnit: 6 code (BP) slots and 2 literal slots
Hardware-Breakpoints: 6
Software-Breakpoints: 2048
Watchpoints:          4
JTAG speed: 2000 kHz
---
* JLink Info: Found SWD-DP with ID 0x1BA01477
* JLink Info: TPIU fitted.
* JLink Info: ETM fitted.
* JLink Info:   FPUnit: 6 code (BP) slots and 2 literal slots
Erase Done.
Programming Done.
Verify OK.
* JLink Info: Found SWD-DP with ID 0x1BA01477
* JLink Info: TPIU fitted.
* JLink Info: ETM fitted.
* JLink Info:   FPUnit: 6 code (BP) slots and 2 literal slots
Application running ...
Build target 'Card Test'
compiling stm32f10x_it.c...
Project\stm32f10x_it.c(204): warning:  #223-D: function "memcpy" declared implicitly
Project\stm32f10x_it.c(194): warning:  #177-D: variable "portA" was declared but never referenced
linking...
Program Size: Code=13796 RO-data=1200 RW-data=84 ZI-data=61060  
FromELF: creating hex file...
".\Obj\Card Test.axf" - 0 Error(s), 2 Warning(s).
Build target 'Card Test'
linking...
Program Size: Code=13796 RO-data=1200 RW-data=84 ZI-data=61060  
FromELF: creating hex file...
".\Obj\Card Test.axf" - 0 Error(s), 0 Warning(s).
Load "E:\\Project\\LED Matrix project\\SVN\\trunk\\WIP\\thaibv\\Source Code\\VMS Controller\\ICON V1.1\\Card Test\\Obj\\Card Test.AXF" 

JLink info:
-----------
DLL: V4.11i, compiled Jan 28 2010 19:55:25
Firmware: J-Link ARM-OB STM32 compiled Aug 22 2012 19:52:04
Hardware: V7.00
S/N : 20090928 
Feature(s) : RDI,FlashDL,FlashBP,JFlash,GDBFull 
---
* JLink Info: Found SWD-DP with ID 0x1BA01477
* JLink Info: TPIU fitted.
* JLink Info: ETM fitted.
* JLink Info:   FPUnit: 6 code (BP) slots and 2 literal slots
* JLink Info: Found SWD-DP with ID 0x1BA01477
* JLink Info: TPIU fitted.
* JLink Info: ETM fitted.
* JLink Info:   FPUnit: 6 code (BP) slots and 2 literal slots

Target info:
------------
Device: STM32F103VE
VTarget = 3.300V
State of Pins: 
TCK: 0, TDI: 0, TDO: 1, TMS: 0, TRES: 1, TRST: 1
* JLink Info: Found SWD-DP with ID 0x1BA01477
* JLink Info: TPIU fitted.
* JLink Info: ETM fitted.
* JLink Info:   FPUnit: 6 code (BP) slots and 2 literal slots
Hardware-Breakpoints: 6
Software-Breakpoints: 2048
Watchpoints:          4
JTAG speed: 2000 kHz
---
* JLink Info: Found SWD-DP with ID 0x1BA01477
* JLink Info: TPIU fitted.
* JLink Info: ETM fitted.
* JLink Info:   FPUnit: 6 code (BP) slots and 2 literal slots
Erase Done.
Programming Done.
Verify OK.
* JLink Info: Found SWD-DP with ID 0x1BA01477
* JLink Info: TPIU fitted.
* JLink Info: ETM fitted.
* JLink Info:   FPUnit: 6 code (BP) slots and 2 literal slots
Application running ...
Build target 'Card Test'
compiling main.c...
Project\main.c(78): warning:  #223-D: function "memset" declared implicitly
Project\main.c(71): warning:  #177-D: variable "temp" was declared but never referenced
Project\main.c(118): warning:  #177-D: variable "j" was declared but never referenced
Project\main.c(121): warning:  #177-D: variable "step" was declared but never referenced
Project\main.c(185): warning:  #177-D: variable "step" was declared but never referenced
compiling stm32f10x_it.c...
Project\stm32f10x_it.c(200): warning:  #223-D: function "memcpy" declared implicitly
Project\stm32f10x_it.c(194): warning:  #177-D: variable "portA" was declared but never referenced
linking...
Program Size: Code=13808 RO-data=1200 RW-data=84 ZI-data=61060  
FromELF: creating hex file...
".\Obj\Card Test.axf" - 0 Error(s), 7 Warning(s).
Build target 'Card Test'
linking...
Program Size: Code=13808 RO-data=1200 RW-data=84 ZI-data=61060  
FromELF: creating hex file...
".\Obj\Card Test.axf" - 0 Error(s), 0 Warning(s).
Build target 'Card Test'
linking...
Program Size: Code=13808 RO-data=1200 RW-data=84 ZI-data=61060  
FromELF: creating hex file...
".\Obj\Card Test.axf" - 0 Error(s), 0 Warning(s).
Load "E:\\Project\\LED Matrix project\\SVN\\trunk\\WIP\\thaibv\\Source Code\\VMS Controller\\ICON V1.1\\Card Test\\Obj\\Card Test.AXF" 

JLink info:
-----------
DLL: V4.11i, compiled Jan 28 2010 19:55:25
Firmware: J-Link ARM-OB STM32 compiled Aug 22 2012 19:52:04
Hardware: V7.00
S/N : 20090928 
Feature(s) : RDI,FlashDL,FlashBP,JFlash,GDBFull 
---
* JLink Info: Found SWD-DP with ID 0x1BA01477
* JLink Info: TPIU fitted.
* JLink Info: ETM fitted.
* JLink Info:   FPUnit: 6 code (BP) slots and 2 literal slots
* JLink Info: Found SWD-DP with ID 0x1BA01477
* JLink Info: TPIU fitted.
* JLink Info: ETM fitted.
* JLink Info:   FPUnit: 6 code (BP) slots and 2 literal slots

Target info:
------------
Device: STM32F103VE
VTarget = 3.300V
State of Pins: 
TCK: 0, TDI: 0, TDO: 1, TMS: 0, TRES: 1, TRST: 1
* JLink Info: Found SWD-DP with ID 0x1BA01477
* JLink Info: TPIU fitted.
* JLink Info: ETM fitted.
* JLink Info:   FPUnit: 6 code (BP) slots and 2 literal slots
Hardware-Breakpoints: 6
Software-Breakpoints: 2048
Watchpoints:          4
JTAG speed: 2000 kHz
---
* JLink Info: Found SWD-DP with ID 0x1BA01477
* JLink Info: TPIU fitted.
* JLink Info: ETM fitted.
* JLink Info:   FPUnit: 6 code (BP) slots and 2 literal slots
Erase Done.
Programming Done.
Verify OK.
* JLink Info: Found SWD-DP with ID 0x1BA01477
* JLink Info: TPIU fitted.
* JLink Info: ETM fitted.
* JLink Info:   FPUnit: 6 code (BP) slots and 2 literal slots
Application running ...
Build target 'Card Test'
linking...
Program Size: Code=13808 RO-data=1200 RW-data=84 ZI-data=61060  
FromELF: creating hex file...
".\Obj\Card Test.axf" - 0 Error(s), 0 Warning(s).
Build target 'Card Test'
linking...
Program Size: Code=13808 RO-data=1200 RW-data=84 ZI-data=61060  
FromELF: creating hex file...
".\Obj\Card Test.axf" - 0 Error(s), 0 Warning(s).
Load "E:\\Project\\LED Matrix project\\SVN\\trunk\\WIP\\thaibv\\Source Code\\VMS Controller\\ICON V1.1\\Card Test\\Obj\\Card Test.AXF" 

JLink info:
-----------
DLL: V4.11i, compiled Jan 28 2010 19:55:25
Firmware: J-Link ARM-OB STM32 compiled Aug 22 2012 19:52:04
Hardware: V7.00
S/N : 20090928 
Feature(s) : RDI,FlashDL,FlashBP,JFlash,GDBFull 
---
Build target 'Card Test'
linking...
Program Size: Code=13808 RO-data=1200 RW-data=84 ZI-data=61060  
FromELF: creating hex file...
".\Obj\Card Test.axf" - 0 Error(s), 0 Warning(s).
Load "E:\\Project\\LED Matrix project\\SVN\\trunk\\WIP\\thaibv\\Source Code\\VMS Controller\\ICON V1.1\\Card Test\\Obj\\Card Test.AXF" 

JLink info:
-----------
DLL: V4.11i, compiled Jan 28 2010 19:55:25
Firmware: J-Link ARM-OB STM32 compiled Aug 22 2012 19:52:04
Hardware: V7.00
S/N : 20090928 
Feature(s) : RDI,FlashDL,FlashBP,JFlash,GDBFull 
---
* JLink Info: Found SWD-DP with ID 0x1BA01477
* JLink Info: TPIU fitted.
* JLink Info: ETM fitted.
* JLink Info:   FPUnit: 6 code (BP) slots and 2 literal slots
* JLink Info: Found SWD-DP with ID 0x1BA01477
* JLink Info: TPIU fitted.
* JLink Info: ETM fitted.
* JLink Info:   FPUnit: 6 code (BP) slots and 2 literal slots

Target info:
------------
Device: STM32F103VE
VTarget = 3.300V
State of Pins: 
TCK: 0, TDI: 0, TDO: 1, TMS: 0, TRES: 1, TRST: 1
* JLink Info: Found SWD-DP with ID 0x1BA01477
* JLink Info: TPIU fitted.
* JLink Info: ETM fitted.
* JLink Info:   FPUnit: 6 code (BP) slots and 2 literal slots
Hardware-Breakpoints: 6
Software-Breakpoints: 2048
Watchpoints:          4
JTAG speed: 2000 kHz
---
* JLink Info: Found SWD-DP with ID 0x1BA01477
* JLink Info: TPIU fitted.
* JLink Info: ETM fitted.
* JLink Info:   FPUnit: 6 code (BP) slots and 2 literal slots
Erase Done.
Programming Done.
Verify OK.
* JLink Info: Found SWD-DP with ID 0x1BA01477
* JLink Info: TPIU fitted.
* JLink Info: ETM fitted.
* JLink Info:   FPUnit: 6 code (BP) slots and 2 literal slots
Application running ...
Build target 'Card Test'
linking...
Program Size: Code=13808 RO-data=1200 RW-data=84 ZI-data=61060  
FromELF: creating hex file...
".\Obj\Card Test.axf" - 0 Error(s), 0 Warning(s).
Build target 'Card Test'
linking...
Program Size: Code=13808 RO-data=1200 RW-data=84 ZI-data=61060  
FromELF: creating hex file...
".\Obj\Card Test.axf" - 0 Error(s), 0 Warning(s).
Build target 'Card Test'
linking...
Program Size: Code=13808 RO-data=1200 RW-data=84 ZI-data=61060  
FromELF: creating hex file...
".\Obj\Card Test.axf" - 0 Error(s), 0 Warning(s).
Load "E:\\Project\\LED Matrix project\\SVN\\trunk\\WIP\\thaibv\\Source Code\\VMS Controller\\ICON V1.1\\Card Test\\Obj\\Card Test.AXF" 

JLink info:
-----------
DLL: V4.11i, compiled Jan 28 2010 19:55:25
Firmware: J-Link ARM-OB STM32 compiled Aug 22 2012 19:52:04
Hardware: V7.00
S/N : 20090928 
Feature(s) : RDI,FlashDL,FlashBP,JFlash,GDBFull 
---
* JLink Info: Found SWD-DP with ID 0x1BA01477
* JLink Info: TPIU fitted.
* JLink Info: ETM fitted.
* JLink Info:   FPUnit: 6 code (BP) slots and 2 literal slots
* JLink Info: Found SWD-DP with ID 0x1BA01477
* JLink Info: TPIU fitted.
* JLink Info: ETM fitted.
* JLink Info:   FPUnit: 6 code (BP) slots and 2 literal slots

Target info:
------------
Device: STM32F103VE
VTarget = 3.300V
State of Pins: 
TCK: 0, TDI: 0, TDO: 1, TMS: 0, TRES: 1, TRST: 1
* JLink Info: Found SWD-DP with ID 0x1BA01477
* JLink Info: TPIU fitted.
* JLink Info: ETM fitted.
* JLink Info:   FPUnit: 6 code (BP) slots and 2 literal slots
Hardware-Breakpoints: 6
Software-Breakpoints: 2048
Watchpoints:          4
JTAG speed: 2000 kHz
---
* JLink Info: Found SWD-DP with ID 0x1BA01477
* JLink Info: TPIU fitted.
* JLink Info: ETM fitted.
* JLink Info:   FPUnit: 6 code (BP) slots and 2 literal slots
Erase Done.
Programming Done.
Verify OK.
* JLink Info: Found SWD-DP with ID 0x1BA01477
* JLink Info: TPIU fitted.
* JLink Info: ETM fitted.
* JLink Info:   FPUnit: 6 code (BP) slots and 2 literal slots
Application running ...
Build target 'Card Test'
linking...
Program Size: Code=13808 RO-data=1200 RW-data=84 ZI-data=61060  
FromELF: creating hex file...
".\Obj\Card Test.axf" - 0 Error(s), 0 Warning(s).
Build target 'Card Test'
linking...
Program Size: Code=13808 RO-data=1200 RW-data=84 ZI-data=61060  
FromELF: creating hex file...
".\Obj\Card Test.axf" - 0 Error(s), 0 Warning(s).
Load "E:\\Project\\LED Matrix project\\SVN\\trunk\\WIP\\thaibv\\Source Code\\VMS Controller\\ICON V1.1\\Card Test\\Obj\\Card Test.AXF" 

JLink info:
-----------
DLL: V4.11i, compiled Jan 28 2010 19:55:25
Firmware: J-Link ARM-OB STM32 compiled Aug 22 2012 19:52:04
Hardware: V7.00
S/N : 20090928 
Feature(s) : RDI,FlashDL,FlashBP,JFlash,GDBFull 
---
* JLink Info: Found SWD-DP with ID 0x1BA01477
* JLink Info: TPIU fitted.
* JLink Info: ETM fitted.
* JLink Info:   FPUnit: 6 code (BP) slots and 2 literal slots
* JLink Info: Found SWD-DP with ID 0x1BA01477
* JLink Info: TPIU fitted.
* JLink Info: ETM fitted.
* JLink Info:   FPUnit: 6 code (BP) slots and 2 literal slots

Target info:
------------
Device: STM32F103VE
VTarget = 3.300V
State of Pins: 
TCK: 0, TDI: 0, TDO: 1, TMS: 0, TRES: 1, TRST: 1
* JLink Info: Found SWD-DP with ID 0x1BA01477
* JLink Info: TPIU fitted.
* JLink Info: ETM fitted.
* JLink Info:   FPUnit: 6 code (BP) slots and 2 literal slots
Hardware-Breakpoints: 6
Software-Breakpoints: 2048
Watchpoints:          4
JTAG speed: 2000 kHz
---
* JLink Info: Found SWD-DP with ID 0x1BA01477
* JLink Info: TPIU fitted.
* JLink Info: ETM fitted.
* JLink Info:   FPUnit: 6 code (BP) slots and 2 literal slots
Erase Done.
Programming Done.
Verify OK.
* JLink Info: Found SWD-DP with ID 0x1BA01477
* JLink Info: TPIU fitted.
* JLink Info: ETM fitted.
* JLink Info:   FPUnit: 6 code (BP) slots and 2 literal slots
Application running ...
Build target 'Card Test'
compiling main.c...
Project\main.c(78): warning:  #223-D: function "memset" declared implicitly
Project\main.c(71): warning:  #177-D: variable "temp" was declared but never referenced
Project\main.c(114): warning:  #177-D: variable "j" was declared but never referenced
Project\main.c(117): warning:  #177-D: variable "step" was declared but never referenced
Project\main.c(181): warning:  #177-D: variable "step" was declared but never referenced
compiling stm32f10x_it.c...
linking...
Program Size: Code=13620 RO-data=1200 RW-data=84 ZI-data=61060  
FromELF: creating hex file...
".\Obj\Card Test.axf" - 0 Error(s), 5 Warning(s).
Build target 'Card Test'
linking...
Program Size: Code=13620 RO-data=1200 RW-data=84 ZI-data=61060  
FromELF: creating hex file...
".\Obj\Card Test.axf" - 0 Error(s), 0 Warning(s).
Load "E:\\Project\\LED Matrix project\\SVN\\trunk\\WIP\\thaibv\\Source Code\\VMS Controller\\ICON V1.1\\Card Test\\Obj\\Card Test.AXF" 

JLink info:
-----------
DLL: V4.11i, compiled Jan 28 2010 19:55:25
Firmware: J-Link ARM-OB STM32 compiled Aug 22 2012 19:52:04
Hardware: V7.00
S/N : 20090928 
Feature(s) : RDI,FlashDL,FlashBP,JFlash,GDBFull 
---
* JLink Info: Found SWD-DP with ID 0x1BA01477
* JLink Info: TPIU fitted.
* JLink Info: ETM fitted.
* JLink Info:   FPUnit: 6 code (BP) slots and 2 literal slots
* JLink Info: Found SWD-DP with ID 0x1BA01477
* JLink Info: TPIU fitted.
* JLink Info: ETM fitted.
* JLink Info:   FPUnit: 6 code (BP) slots and 2 literal slots

Target info:
------------
Device: STM32F103VE
VTarget = 3.300V
State of Pins: 
TCK: 0, TDI: 0, TDO: 1, TMS: 0, TRES: 1, TRST: 1
* JLink Info: Found SWD-DP with ID 0x1BA01477
* JLink Info: TPIU fitted.
* JLink Info: ETM fitted.
* JLink Info:   FPUnit: 6 code (BP) slots and 2 literal slots
Hardware-Breakpoints: 6
Software-Breakpoints: 2048
Watchpoints:          4
JTAG speed: 2000 kHz
---
* JLink Info: Found SWD-DP with ID 0x1BA01477
* JLink Info: TPIU fitted.
* JLink Info: ETM fitted.
* JLink Info:   FPUnit: 6 code (BP) slots and 2 literal slots
Erase Done.
Programming Done.
Verify OK.
* JLink Info: Found SWD-DP with ID 0x1BA01477
* JLink Info: TPIU fitted.
* JLink Info: ETM fitted.
* JLink Info:   FPUnit: 6 code (BP) slots and 2 literal slots
Application running ...
Build target 'Card Test'
linking...
Program Size: Code=13620 RO-data=1200 RW-data=84 ZI-data=61060  
FromELF: creating hex file...
".\Obj\Card Test.axf" - 0 Error(s), 0 Warning(s).
Build target 'Card Test'
linking...
Program Size: Code=13620 RO-data=1200 RW-data=84 ZI-data=61060  
FromELF: creating hex file...
".\Obj\Card Test.axf" - 0 Error(s), 0 Warning(s).
Build target 'Card Test'
linking...
Program Size: Code=13620 RO-data=1200 RW-data=84 ZI-data=61060  
FromELF: creating hex file...
".\Obj\Card Test.axf" - 0 Error(s), 0 Warning(s).
Load "E:\\Project\\LED Matrix project\\SVN\\trunk\\WIP\\thaibv\\Source Code\\VMS Controller\\ICON V1.1\\Card Test\\Obj\\Card Test.AXF" 

JLink info:
-----------
DLL: V4.11i, compiled Jan 28 2010 19:55:25
Firmware: J-Link ARM-OB STM32 compiled Aug 22 2012 19:52:04
Hardware: V7.00
S/N : 20090928 
Feature(s) : RDI,FlashDL,FlashBP,JFlash,GDBFull 
---
* JLink Info: Found SWD-DP with ID 0x1BA01477
* JLink Info: TPIU fitted.
* JLink Info: ETM fitted.
* JLink Info:   FPUnit: 6 code (BP) slots and 2 literal slots
* JLink Info: Found SWD-DP with ID 0x1BA01477
* JLink Info: TPIU fitted.
* JLink Info: ETM fitted.
* JLink Info:   FPUnit: 6 code (BP) slots and 2 literal slots

Target info:
------------
Device: STM32F103VE
VTarget = 3.300V
State of Pins: 
TCK: 0, TDI: 0, TDO: 1, TMS: 0, TRES: 1, TRST: 1
* JLink Info: Found SWD-DP with ID 0x1BA01477
* JLink Info: TPIU fitted.
* JLink Info: ETM fitted.
* JLink Info:   FPUnit: 6 code (BP) slots and 2 literal slots
Hardware-Breakpoints: 6
Software-Breakpoints: 2048
Watchpoints:          4
JTAG speed: 2000 kHz
---
* JLink Info: Found SWD-DP with ID 0x1BA01477
* JLink Info: TPIU fitted.
* JLink Info: ETM fitted.
* JLink Info:   FPUnit: 6 code (BP) slots and 2 literal slots
Erase Done.
Programming Done.
Verify OK.
* JLink Info: Found SWD-DP with ID 0x1BA01477
* JLink Info: TPIU fitted.
* JLink Info: ETM fitted.
* JLink Info:   FPUnit: 6 code (BP) slots and 2 literal slots
Application running ...
Build target 'Card Test'
compiling stm32f10x_it.c...
linking...
Program Size: Code=13652 RO-data=1200 RW-data=84 ZI-data=61060  
FromELF: creating hex file...
".\Obj\Card Test.axf" - 0 Error(s), 0 Warning(s).
Build target 'Card Test'
linking...
Program Size: Code=13652 RO-data=1200 RW-data=84 ZI-data=61060  
FromELF: creating hex file...
".\Obj\Card Test.axf" - 0 Error(s), 0 Warning(s).
Build target 'Card Test'
linking...
Program Size: Code=13652 RO-data=1200 RW-data=84 ZI-data=61060  
FromELF: creating hex file...
".\Obj\Card Test.axf" - 0 Error(s), 0 Warning(s).
Load "E:\\Project\\LED Matrix project\\SVN\\trunk\\WIP\\thaibv\\Source Code\\VMS Controller\\ICON V1.1\\Card Test\\Obj\\Card Test.AXF" 

JLink info:
-----------
DLL: V4.11i, compiled Jan 28 2010 19:55:25
Firmware: J-Link ARM-OB STM32 compiled Aug 22 2012 19:52:04
Hardware: V7.00
S/N : 20090928 
Feature(s) : RDI,FlashDL,FlashBP,JFlash,GDBFull 
---
* JLink Info: Found SWD-DP with ID 0x1BA01477
* JLink Info: TPIU fitted.
* JLink Info: ETM fitted.
* JLink Info:   FPUnit: 6 code (BP) slots and 2 literal slots
* JLink Info: Found SWD-DP with ID 0x1BA01477
* JLink Info: TPIU fitted.
* JLink Info: ETM fitted.
* JLink Info:   FPUnit: 6 code (BP) slots and 2 literal slots

Target info:
------------
Device: STM32F103VE
VTarget = 3.300V
State of Pins: 
TCK: 0, TDI: 0, TDO: 1, TMS: 0, TRES: 1, TRST: 1
* JLink Info: Found SWD-DP with ID 0x1BA01477
* JLink Info: TPIU fitted.
* JLink Info: ETM fitted.
* JLink Info:   FPUnit: 6 code (BP) slots and 2 literal slots
Hardware-Breakpoints: 6
Software-Breakpoints: 2048
Watchpoints:          4
JTAG speed: 2000 kHz
---
* JLink Info: Found SWD-DP with ID 0x1BA01477
* JLink Info: TPIU fitted.
* JLink Info: ETM fitted.
* JLink Info:   FPUnit: 6 code (BP) slots and 2 literal slots
Erase Done.
Programming Done.
Verify OK.
* JLink Info: Found SWD-DP with ID 0x1BA01477
* JLink Info: TPIU fitted.
* JLink Info: ETM fitted.
* JLink Info:   FPUnit: 6 code (BP) slots and 2 literal slots
Application running ...
Build target 'Card Test'
compiling stm32f10x_it.c...
linking...
Program Size: Code=13656 RO-data=1200 RW-data=84 ZI-data=61060  
FromELF: creating hex file...
".\Obj\Card Test.axf" - 0 Error(s), 0 Warning(s).
Build target 'Card Test'
linking...
Program Size: Code=13656 RO-data=1200 RW-data=84 ZI-data=61060  
FromELF: creating hex file...
".\Obj\Card Test.axf" - 0 Error(s), 0 Warning(s).
Load "E:\\Project\\LED Matrix project\\SVN\\trunk\\WIP\\thaibv\\Source Code\\VMS Controller\\ICON V1.1\\Card Test\\Obj\\Card Test.AXF" 

JLink info:
-----------
DLL: V4.11i, compiled Jan 28 2010 19:55:25
Firmware: J-Link ARM-OB STM32 compiled Aug 22 2012 19:52:04
Hardware: V7.00
S/N : 20090928 
Feature(s) : RDI,FlashDL,FlashBP,JFlash,GDBFull 
---
* JLink Info: Found SWD-DP with ID 0x1BA01477
* JLink Info: TPIU fitted.
* JLink Info: ETM fitted.
* JLink Info:   FPUnit: 6 code (BP) slots and 2 literal slots
* JLink Info: Found SWD-DP with ID 0x1BA01477
* JLink Info: TPIU fitted.
* JLink Info: ETM fitted.
* JLink Info:   FPUnit: 6 code (BP) slots and 2 literal slots

Target info:
------------
Device: STM32F103VE
VTarget = 3.300V
State of Pins: 
TCK: 0, TDI: 0, TDO: 1, TMS: 0, TRES: 1, TRST: 1
* JLink Info: Found SWD-DP with ID 0x1BA01477
* JLink Info: TPIU fitted.
* JLink Info: ETM fitted.
* JLink Info:   FPUnit: 6 code (BP) slots and 2 literal slots
Hardware-Breakpoints: 6
Software-Breakpoints: 2048
Watchpoints:          4
JTAG speed: 2000 kHz
---
* JLink Info: Found SWD-DP with ID 0x1BA01477
* JLink Info: TPIU fitted.
* JLink Info: ETM fitted.
* JLink Info:   FPUnit: 6 code (BP) slots and 2 literal slots
Erase Done.
Programming Done.
Verify OK.
* JLink Info: Found SWD-DP with ID 0x1BA01477
* JLink Info: TPIU fitted.
* JLink Info: ETM fitted.
* JLink Info:   FPUnit: 6 code (BP) slots and 2 literal slots
Application running ...
