<html>
<body>
<pre>
<h1>µVision Build Log</h1>
<h2>Project:</h2>
E:\Working\VMS\Source\Keil\VMS Controller\ICON V1.1\Led Controller for static led\Led Controller.uvproj
Project File Date:  09/21/2015

<h2>Output:</h2>
Build target 'LED Controller'
compiling main.c...
Project\main.c(1216): warning:  #550-D: variable "status" was set but never used
        FLASH_Status status = FLASH_COMPLETE;
Project\main.c(1348): warning:  #550-D: variable "status" was set but never used
        FLASH_Status status = FLASH_COMPLETE;
Project\main.c: 2 warnings, 0 errors
linking...
Program Size: Code=31300 RO-data=852 RW-data=116 ZI-data=61628  
FromELF: creating hex file...
".\obj\Led Controller.axf" - 0 Error(s), 2 Warning(s).
</pre>
</body>
</html>
