<html>
<body>
<pre>
<h1>µVision Build Log</h1>
<h2>Project:</h2>
E:\Project\LED Matrix project\SVN\trunk\WIP\thaibv\Source Code\VMS Controller\ICON V1.1\Main Bootloader\Main Bootloader.uvproj
Project File Date:  07/25/2014

<h2>Output:</h2>
Build target 'Main Bootloader'
linking...
Program Size: Code=18618 RO-data=1738 RW-data=80 ZI-data=38400  
FromELF: creating hex file...
".\obj\Main Bootloader.axf" - 0 Errors, 0 Warning(s).
Load "E:\\Project\\LED Matrix project\\SVN\\trunk\\WIP\\thaibv\\Source Code\\VMS Controller\\ICON V1.1\\Main Bootloader\\obj\\Main Bootloader.axf" 
Set JLink Project File to "E:\Project\LED Matrix project\SVN\trunk\WIP\thaibv\Source Code\VMS Controller\ICON V1.1\Main Bootloader\JLinkSettings.ini"
* JLink Info: Device "STM32F103VE" selected (512 KB flash, 64 KB RAM).
 
JLink info:
------------
DLL: V4.68a, compiled Apr 12 2013 13:26:50
Firmware: J-Link ARM-OB STM32 compiled Aug 22 2012 19:52:04
Hardware: V7.00
S/N : 20090928 
Feature(s) : RDI,FlashDL,FlashBP,JFlash,GDBFull 
 
* JLink Info: Found SWD-DP with ID 0x1BA01477
* JLink Info: Found SWD-DP with ID 0x1BA01477
* JLink Info: TPIU fitted.
* JLink Info: ETM fitted.
* JLink Info: FPUnit: 6 code (BP) slots and 2 literal slots
* JLink Info: Found Cortex-M3 r1p1, Little endian.
ROMTableAddr = 0xE00FF003
 
Target info:
------------
Device: STM32F103VE
VTarget = 3.300V
State of Pins: 
TCK: 0, TDI: 0, TDO: 1, TMS: 0, TRES: 1, TRST: 1
Hardware-Breakpoints: 6
Software-Breakpoints: 8192
Watchpoints:          4
JTAG speed: 2000 kHz
 
Erase Done.
Programming Done.
Verify OK.
Application running ...
