<html>
<body>
<pre>
<h1>µVision Build Log</h1>
<h2>Project:</h2>
E:\Project\LED Matrix project\SVN\trunk\WIP\thaibv\Source Code\VMS Controller\ICON V1.1\Main Controller\Main Controller.uvproj
Project File Date:  08/07/2014

<h2>Output:</h2>
Build target 'Main Controller'
compiling main.c...
Project\main.c(145): warning:  #177-D: variable "ack" was declared but never referenced
Project\main.c(543): warning:  #177-D: variable "i" was declared but never referenced
Project\main.c(600): warning:  #550-D: variable "rc" was set but never used
Project\main.c(695): warning:  #550-D: variable "status" was set but never used
Project\main.c(965): warning:  #42-D: operand types are incompatible ("u8 *" and "char *")
Project\main.c(965): warning:  #993-D: subtraction of pointer types "u8 *" and "char *" is nonstandard
Project\main.c(1102): warning:  #188-D: enumerated type mixed with another type
Project\main.c(1226): warning:  #188-D: enumerated type mixed with another type
Project\main.c(1230): warning:  #188-D: enumerated type mixed with another type
Project\main.c(1297): warning:  #167-D: argument of type "u32 *" is incompatible with parameter of type "DWORD *"
Project\main.c(2856): warning:  #550-D: variable "rc" was set but never used
linking...
Program Size: Code=65928 RO-data=2468 RW-data=2828 ZI-data=49052  
FromELF: creating hex file...
".\Obj\Main Controller.axf" - 0 Errors, 11 Warning(s).
Build target 'Main Controller'
linking...
Program Size: Code=65928 RO-data=2468 RW-data=2828 ZI-data=49052  
FromELF: creating hex file...
".\Obj\Main Controller.axf" - 0 Errors, 0 Warning(s).
Build target 'Main Controller'
linking...
Program Size: Code=65928 RO-data=2468 RW-data=2828 ZI-data=49052  
FromELF: creating hex file...
".\Obj\Main Controller.axf" - 0 Errors, 0 Warning(s).
Load "E:\\Project\\LED Matrix project\\SVN\\trunk\\WIP\\thaibv\\Source Code\\VMS Controller\\ICON V1.1\\Main Controller\\Obj\\Main Controller.axf" 
Set JLink Project File to "E:\Project\LED Matrix project\SVN\trunk\WIP\thaibv\Source Code\VMS Controller\ICON V1.1\Main Controller\JLinkSettings.ini"
* JLink Info: Device "STM32F103VE" selected (512 KB flash, 64 KB RAM).
 
JLink info:
------------
DLL: V4.68a, compiled Apr 12 2013 13:26:50
Firmware: J-Link ARM-OB STM32 compiled Aug 22 2012 19:52:04
Hardware: V7.00
S/N : 20090928 
Feature(s) : RDI,FlashDL,FlashBP,JFlash,GDBFull 
 
* JLink Info: Found SWD-DP with ID 0x1BA01477
* JLink Info: Found SWD-DP with ID 0x1BA01477
* JLink Info: TPIU fitted.
* JLink Info: ETM fitted.
* JLink Info: FPUnit: 6 code (BP) slots and 2 literal slots
* JLink Info: Found Cortex-M3 r1p1, Little endian.
ROMTableAddr = 0xE00FF003
 
Target info:
------------
Device: STM32F103VE
VTarget = 3.300V
State of Pins: 
TCK: 0, TDI: 0, TDO: 1, TMS: 0, TRES: 1, TRST: 1
Hardware-Breakpoints: 6
Software-Breakpoints: 8192
Watchpoints:          4
JTAG speed: 1000 kHz
 
Erase Done.
Programming Done.
Verify OK.
Application running ...
