<html>
<body>
<pre>
<h1>µVision Build Log</h1>
<h2>Project:</h2>
E:\Project\LED Matrix project\SVN\trunk\WIP\thaibv\Source Code\VMS Controller\ICON V1.1\Display Bootloader\Display Bootloader.uvproj
Project File Date:  03/18/2014

<h2>Output:</h2>
Build target 'Display Bootloader'
assembling startup_stm32f10x_hd.s...
compiling core_cm3.c...
compiling system_stm32f10x.c...
compiling stm32f10x_rcc.c...
compiling stm32f10x_usart.c...
compiling stm32f10x_flash.c...
compiling stm32f10x_gpio.c...
compiling updateFW.c...
Project\updateFW.c(57): warning:  #550-D: variable "status" was set but never used
Project\updateFW.c(125): error:  #18: expected a ")"
Project\updateFW.c(125): warning:  #174-D: expression has no effect
Project\updateFW.c(125): error:  #65: expected a ";"
Project\updateFW.c(128): error:  #18: expected a ")"
Project\updateFW.c(128): error:  #29: expected an expression
compiling HardwareConfig.c...
compiling main.c...
Project\main.c(21): warning:  #177-D: variable "i" was declared but never referenced
Project\main.c(21): warning:  #177-D: variable "j" was declared but never referenced
compiling stm32f10x_it.c...
Project\stm32f10x_it.c(29): error:  #5: cannot open source input file "LedMatrix.h": No such file or directory
".\obj\Display Bootloader.axf" - 5 Errors, 4 Warning(s).
Target not created
Build target 'Display Bootloader'
assembling startup_stm32f10x_hd.s...
compiling core_cm3.c...
compiling system_stm32f10x.c...
compiling stm32f10x_rcc.c...
compiling stm32f10x_usart.c...
compiling stm32f10x_flash.c...
compiling stm32f10x_gpio.c...
compiling updateFW.c...
Project\updateFW.c(59): warning:  #550-D: variable "status" was set but never used
compiling HardwareConfig.c...
compiling main.c...
Project\main.c(21): warning:  #177-D: variable "i" was declared but never referenced
Project\main.c(21): warning:  #177-D: variable "j" was declared but never referenced
compiling stm32f10x_it.c...
Project\stm32f10x_it.c(29): error:  #5: cannot open source input file "LedMatrix.h": No such file or directory
".\obj\Display Bootloader.axf" - 1 Errors, 3 Warning(s).
Target not created
Build target 'Display Bootloader'
compiling updateFW.c...
Project\updateFW.c(59): warning:  #550-D: variable "status" was set but never used
compiling stm32f10x_it.c...
Project\stm32f10x_it.c(29): error:  #5: cannot open source input file "common.h": No such file or directory
".\obj\Display Bootloader.axf" - 1 Errors, 1 Warning(s).
Target not created
Build target 'Display Bootloader'
compiling stm32f10x_it.c...
linking...
.\obj\Display Bootloader.axf: Error: L6218E: Undefined symbol timingCount (referred from stm32f10x_it.o).
".\obj\Display Bootloader.axf" - 1 Errors, 0 Warning(s).
Target not created
Build target 'Display Bootloader'
compiling stm32f10x_it.c...
linking...
Program Size: Code=5872 RO-data=336 RW-data=48 ZI-data=36960  
FromELF: creating hex file...
".\obj\Display Bootloader.axf" - 0 Errors, 0 Warning(s).
Build target 'Display Bootloader'
compiling stm32f10x_it.c...
linking...
Program Size: Code=5872 RO-data=336 RW-data=48 ZI-data=36960  
FromELF: creating hex file...
".\obj\Display Bootloader.axf" - 0 Errors, 0 Warning(s).
Build target 'Display Bootloader'
linking...
Program Size: Code=5872 RO-data=336 RW-data=48 ZI-data=36960  
FromELF: creating hex file...
".\obj\Display Bootloader.axf" - 0 Errors, 0 Warning(s).
Build target 'Display Bootloader'
linking...
Program Size: Code=5872 RO-data=336 RW-data=48 ZI-data=36960  
FromELF: creating hex file...
".\obj\Display Bootloader.axf" - 0 Errors, 0 Warning(s).
